01-04 22:07:24.169   495   495 I SDM     : StrategyImpl::SetIdleTimeoutMs: Idle timeout: active = 70, inactive = 520
01-04 22:07:24.169   495   495 W SDM     : ColorManager::CreateColorManagerProxy: PAV2 version is versions = 11, version = 11 
01-04 22:07:24.170   513   513 D QSEECOMD: : Init gp_reqcancel_start ret = 0
01-04 22:07:24.171   513   513 D QSEECOMD: : gp request cancellation services: Started (Listener ID = 4352)
01-04 22:07:24.171   513   513 E QSEECOMD: : Listener: index = 9, hierarchy = 1
01-04 22:07:24.172   513   513 E QSEECOMD: : Init dlopen(libops.so, RLTD_NOW) is failed.... dlopen failed: library "libops.so" not found
01-04 22:07:24.173   495   495 W SDM     : DisplayBase::Init: InitColorModes failed for display = 0
01-04 22:07:24.173   495   495 W SDM     : HWEvents::InitializePollFd: open failed for display=0 event=idle_power_collapse, error=No such file or directory
01-04 22:07:24.173   513   513 D QSEECOMD: : QSEECOM DAEMON RUNNING 
01-04 22:07:24.173   495   495 I SDM     : HWCDisplay::Init: Display created with id: 0
01-04 22:07:24.173   495   495 W SDM     : HWCDisplay::PopulateColorModes: GetColorModeCount failed, use native color mode
01-04 22:07:24.173   495   495 I SDM     : DisplayBase::SetFrameBufferConfig: New framebuffer resolution (720x1440)
01-04 22:07:24.189   485   485 I ServiceManagement: Registered android.hardware.audio.effect@5.0::IEffectsFactory/default (start delay of 441ms)
01-04 22:07:24.189   485   485 I audiohalservice: Registration complete for android.hardware.audio.effect@5.0::IEffectsFactory/default.
01-04 22:07:24.191   485   485 D vndksupport: Loading /vendor/lib/hw/android.hardware.soundtrigger@2.2-impl.so from current namespace instead of sphal namespace.
01-04 22:07:24.203   485   485 D vndksupport: Loading /vendor/lib/hw/sound_trigger.primary.msm8937.so from current namespace instead of sphal namespace.
01-04 22:07:24.220   495   495 I SDM     : HWCDisplay::SetFrameBufferResolution: New framebuffer resolution (720x1440)
01-04 22:07:24.221   495   495 I SDM     : HWCColorManager::CreateColorManager: Successfully loaded libsdm-disp-vndapis.so
01-04 22:07:24.228   495   495 I SDM     : HWCColorManager::CreateColorManager: Successfully loaded libsdm-disp-vndapis.so and libsdm-diag.so and diag_init'ed
01-04 22:07:24.229   495   495 I ServiceManagement: Registered android.hardware.graphics.composer@2.1::IComposer/default (start delay of 462ms)
01-04 22:07:24.230   495   495 I ServiceManagement: Removing namespace from process name android.hardware.graphics.composer@2.1-service to composer@2.1-service.
01-04 22:07:24.230   495   495 I android.hardware.graphics.composer@2.1-service: Registration complete for android.hardware.graphics.composer@2.1::IComposer/default.
01-04 22:07:24.232   493   493 I LocSvc_HIDL_vendor.qti.gnss@3.0-service: main
01-04 22:07:24.233   485   485 D sound_trigger_hw: stdev_open: Enter
01-04 22:07:24.234   493   493 D vndksupport: Loading /vendor/lib64/hw/vendor.qti.gnss@3.0-impl.so from current namespace instead of sphal namespace.
01-04 22:07:24.235   426   426 D QSEECOMAPI: QSEECom_get_handle sb_length = 0xa000
01-04 22:07:24.236   426   426 D QSEECOMAPI: App is already loaded QSEE and app id = 65537
01-04 22:07:24.236   427   427 D QSEECOMAPI: QSEECom_get_handle sb_length = 0xa000
01-04 22:07:24.236   427   427 D QSEECOMAPI: App is already loaded QSEE and app id = 65537
01-04 22:07:24.245   426   426 E KeymasterUtils: TA API Major Version: 3
01-04 22:07:24.245   426   426 E KeymasterUtils: TA API Minor Version: 0
01-04 22:07:24.245   426   426 E KeymasterUtils: TA Major Version: 3
01-04 22:07:24.245   426   426 E KeymasterUtils: TA Minor Version: 121
01-04 22:07:24.246   485   485 D sound_trigger_hw: load_audio_hal: ahal is using proprietary API version 0x0101
01-04 22:07:24.246   485   485 I sound_trigger_platform: platform_stdev_init: Enter
01-04 22:07:24.251   427   427 E KeymasterUtils: TA API Major Version: 3
01-04 22:07:24.251   427   427 E KeymasterUtils: TA API Minor Version: 0
01-04 22:07:24.251   427   427 E KeymasterUtils: TA Major Version: 3
01-04 22:07:24.251   427   427 E KeymasterUtils: TA Minor Version: 121
01-04 22:07:24.254   426   426 I ServiceManagement: Registered android.hardware.gatekeeper@1.0::IGatekeeper/default (start delay of 107896ms)
01-04 22:07:24.255   426   426 I ServiceManagement: Removing namespace from process name android.hardware.gatekeeper@1.0-service-qti to gatekeeper@1.0-service-qti.
01-04 22:07:24.255   426   426 I android.hardware.gatekeeper@1.0-service: Registration complete for android.hardware.gatekeeper@1.0::IGatekeeper/default.
01-04 22:07:24.256   519   519 E cutils-trace: Error opening trace file: No such file or directory (2)
01-04 22:07:24.258   493   580 W LocSvc_LocIpc: send:66] failed reason: No such file or directory
01-04 22:07:24.260   427   427 I ServiceManagement: Registered android.hardware.keymaster@3.0::IKeymasterDevice/default (start delay of 107902ms)
01-04 22:07:24.260   519   519 I SurfaceFlinger: Using HWComposer service: 'default'
01-04 22:07:24.260   519   519 I SurfaceFlinger: SurfaceFlinger is starting
01-04 22:07:24.260   427   427 I ServiceManagement: Removing namespace from process name android.hardware.keymaster@3.0-service-qti to keymaster@3.0-service-qti.
01-04 22:07:24.260   485   485 W sound_trigger_platform: load_smlib: generate_sound_trigger_phrase_recognition_event_v3 not found. undefined symbol: generate_sound_trigger_phrase_recognition_event_v3
01-04 22:07:24.260   427   427 I android.hardware.keymaster@3.0-service: Registration complete for android.hardware.keymaster@3.0::IKeymasterDevice/default.
01-04 22:07:24.262   401   401 I hwservicemanager: getTransport: Cannot find entry vendor.display.config@1.7::IDisplayConfig/default in either framework or device manifest.
01-04 22:07:24.263   401   401 I hwservicemanager: getTransport: Cannot find entry vendor.display.config@1.7::IDisplayConfig/default in either framework or device manifest.
01-04 22:07:24.265   519   519 I SurfaceFlinger: Enabling backpressure propagation for Client Composition
01-04 22:07:24.265   519   519 I SurfaceFlinger: Enabling HWC virtual displays
01-04 22:07:24.266   519   519 I SurfaceFlinger: Treble testing override: 'false'
01-04 22:07:24.266   519   519 W SurfaceFlinger: Unable to open libdolphin.so: dlopen failed: library "libdolphin.so" not found.
01-04 22:07:24.266   519   519 E SurfaceFlinger: Unable to open libframeextension.so: dlopen failed: library "libframeextension.so" not found.
01-04 22:07:24.270   519   519 I SurfaceFlinger: SurfaceFlinger's main thread ready to run. Initializing graphics H/W...
01-04 22:07:24.270   519   519 I SurfaceFlinger: Phase offset NS: 1000000
01-04 22:07:24.271   519   519 W SurfaceFlinger: Unable to open libdolphin.so: dlopen failed: library "libdolphin.so" not found.
01-04 22:07:24.271   519   604 W SurfaceFlinger: Ignoring VSYNC request while display is disconnected
01-04 22:07:24.271   519   519 W SurfaceFlinger: Unable to open libdolphin.so: dlopen failed: library "libdolphin.so" not found.
01-04 22:07:24.271   519   604 W SurfaceFlinger: Ignoring VSYNC request while display is disconnected
01-04 22:07:24.271   519   519 W SurfaceFlinger: Unable to open libdolphin.so: dlopen failed: library "libdolphin.so" not found.
01-04 22:07:24.271   519   605 W SurfaceFlinger: Ignoring VSYNC request while display is disconnected
01-04 22:07:24.272   519   519 W SurfaceFlinger: Unable to open libdolphin.so: dlopen failed: library "libdolphin.so" not found.
01-04 22:07:24.272   519   605 W SurfaceFlinger: Ignoring VSYNC request while display is disconnected
01-04 22:07:24.272   519   519 D RenderEngine: RenderEngine GLES Backend
01-04 22:07:24.275   493   493 I LocSvc_HIDL_HidlGnss: try getting IGnss from android.hardware.gnss@2.0-impl-qti.so
01-04 22:07:24.275   493   493 I LocSvc_GnssInterface: ===> HIDL_FETCH_IGnss line 664 
01-04 22:07:24.275   493   493 I LocSvc_GnssInterface: ===> Gnss line 98 
01-04 22:07:24.277   519   519 D libEGL  : loaded /vendor/lib64/egl/libEGL_adreno.so
01-04 22:07:24.279   493   493 I ServiceManagement: Registered vendor.qti.gnss@3.0::ILocHidlGnss/gnss_vendor (start delay of 511ms)
01-04 22:07:24.279   493   493 I LocSvc_HIDL_vendor.qti.gnss@3.0-service: Registration complete for vendor.qti.gnss@3.0::ILocHidlGnss/gnss_vendor.
01-04 22:07:24.366   519   519 D libEGL  : loaded /vendor/lib64/egl/libGLESv1_CM_adreno.so
01-04 22:07:24.371   519   519 D libEGL  : loaded /vendor/lib64/egl/libGLESv2_adreno.so
01-04 22:07:24.398   519   519 I AdrenoGLES: QUALCOMM build                   : 961b24f, Ib57168459a
01-04 22:07:24.398   519   519 I AdrenoGLES: Build Date                       : 02/24/20
01-04 22:07:24.398   519   519 I AdrenoGLES: OpenGL ES Shader Compiler Version: EV031.27.05.06
01-04 22:07:24.398   519   519 I AdrenoGLES: Local Branch                     : 
01-04 22:07:24.398   519   519 I AdrenoGLES: Remote Branch                    : 
01-04 22:07:24.398   519   519 I AdrenoGLES: Remote Branch                    : 
01-04 22:07:24.398   519   519 I AdrenoGLES: Reconstruct Branch               : 
01-04 22:07:24.398   519   519 I AdrenoGLES: Build Config                     : S L 8.0.12 AArch64
01-04 22:07:24.404   516   516 I FastMixerState: sMaxFastTracks = 8
01-04 22:07:24.406   516   516 V MediaUtils: physMem: 2974912512
01-04 22:07:24.407   516   516 V MediaUtils: requested limit: 536870912
01-04 22:07:24.407   516   516 I libc    : malloc_limit: Allocation limit enabled, max size 536870912 bytes
01-04 22:07:24.407   519   519 I AdrenoGLES: PFP: 0x005ff112, ME: 0x005ff066
01-04 22:07:24.407   516   516 I audioserver: ServiceManager: 0x78e56b8dc0
01-04 22:07:24.407   516   516 W BatteryNotifier: batterystats service unavailable!
01-04 22:07:24.407   516   516 E cutils-trace: Error opening trace file: No such file or directory (2)
01-04 22:07:24.411   401   401 I hwservicemanager: getTransport: Cannot find entry android.hardware.audio@5.0::IDevicesFactory/msd in either framework or device manifest.
01-04 22:07:24.415   516   516 I AudioFlinger: Using default 3000 mSec as standby time.
01-04 22:07:24.417   401   401 I hwservicemanager: getTransport: Cannot find entry vendor.display.config@1.7::IDisplayConfig/default in either framework or device manifest.
01-04 22:07:24.417   516   516 E APM::Serializer: deserialize: Could not parse /odm/etc/audio_policy_configuration.xml document.
01-04 22:07:24.417   516   516 E APM::Serializer: deserialize: Could not parse /vendor/etc/audio/audio_policy_configuration.xml document.
01-04 22:07:24.418   401   401 I hwservicemanager: getTransport: Cannot find entry vendor.display.config@1.7::IDisplayConfig/default in either framework or device manifest.
01-04 22:07:24.420   519   519 I RenderEngine: OpenGL ES informations:
01-04 22:07:24.420   519   519 I RenderEngine: vendor    : Qualcomm
01-04 22:07:24.420   519   519 I RenderEngine: renderer  : Adreno (TM) 505
01-04 22:07:24.420   519   519 I RenderEngine: version   : OpenGL ES 3.2 V@415.0 (GIT@961b24f, Ib57168459a, 1582563833) (Date:02/24/20)
01-04 22:07:24.420   519   519 I RenderEngine: extensions: GL_OES_EGL_image GL_OES_EGL_image_external GL_OES_EGL_sync GL_OES_vertex_half_float GL_OES_framebuffer_object GL_OES_rgb8_rgba8 GL_OES_compressed_ETC1_RGB8_texture GL_AMD_compressed_ATC_texture GL_KHR_texture_compression_astc_ldr GL_KHR_texture_compression_astc_hdr GL_OES_texture_compression_astc GL_OES_texture_npot GL_EXT_texture_filter_anisotropic GL_EXT_texture_format_BGRA8888 GL_EXT_read_format_bgra GL_OES_texture_3D GL_EXT_color_buffer_float GL_EXT_color_buffer_half_float GL_QCOM_alpha_test GL_OES_depth24 GL_OES_packed_depth_stencil GL_OES_depth_texture GL_OES_depth_texture_cube_map GL_EXT_sRGB GL_OES_texture_float GL_OES_texture_float_linear GL_OES_texture_half_float GL_OES_texture_half_float_linear GL_EXT_texture_type_2_10_10_10_REV GL_EXT_texture_sRGB_decode GL_EXT_texture_format_sRGB_override GL_OES_element_index_uint GL_EXT_copy_image GL_EXT_geometry_shader GL_EXT_tessellation_shader GL_OES_texture_stencil8 GL_EXT_shader_io_blocks GL_OES_shader_image_atomic GL_OES_sample_variables GL_EX
01-04 22:07:24.420   519   519 I RenderEngine: GL_MAX_TEXTURE_SIZE = 16384
01-04 22:07:24.420   519   519 I RenderEngine: GL_MAX_VIEWPORT_DIMS = 16384
01-04 22:07:24.423   401   401 I hwservicemanager: getTransport: Cannot find entry android.hardware.graphics.mapper@3.0::IMapper/default in either framework or device manifest.
01-04 22:07:24.424   495   495 D ComposerHal: failed to get mapper 3.0 service, falling back to mapper 2.0
01-04 22:07:24.425   495   495 D vndksupport: Loading /vendor/lib64/hw/android.hardware.graphics.mapper@2.0-impl-2.1.so from current namespace instead of sphal namespace.
01-04 22:07:24.427   495   495 D vndksupport: Loading /vendor/lib64/hw/gralloc.msm8937.so from current namespace instead of sphal namespace.
01-04 22:07:24.429   401   401 I hwservicemanager: getTransport: Cannot find entry vendor.display.config@1.16::IDisplayConfig/default in either framework or device manifest.
01-04 22:07:24.430   495   495 D SDM     : HWCSession::RegisterCallback: Registering callback: Hotplug
01-04 22:07:24.430   519   519 I HWComposer: Switching to legacy multi-display mode
01-04 22:07:24.431   401   401 I hwservicemanager: getTransport: Cannot find entry vendor.display.config@1.12::IDisplayConfig/default in either framework or device manifest.
01-04 22:07:24.432   495   495 I SDM     : HWCDisplay::GetHdrCapabilities: HDR is not supported
01-04 22:07:24.432   495   495 I SDM     : HWCDisplay::GetHdrCapabilities: HDR is not supported
01-04 22:07:24.434   401   401 I hwservicemanager: getTransport: Cannot find entry android.hardware.graphics.mapper@3.0::IMapper/default in either framework or device manifest.
01-04 22:07:24.434   519   519 W Gralloc3: mapper 3.x is not supported
01-04 22:07:24.436   516   516 E APM::AudioPolicyEngine/Config: parse: Could not parse document /vendor/etc/audio_policy_engine_configuration.xml
01-04 22:07:24.436   516   516 W APM::AudioPolicyEngine/Base: loadAudioPolicyEngineConfig: No configuration found, using default matching phone experience.
01-04 22:07:24.436   516   516 E APM::AudioPolicyEngine/Config: parseLegacyVolumeFile: Could not parse document /odm/etc/audio_policy_configuration.xml
01-04 22:07:24.439   401   401 I hwservicemanager: getTransport: Cannot find entry android.hardware.graphics.allocator@3.0::IAllocator/default in either framework or device manifest.
01-04 22:07:24.439   519   519 W Gralloc3: allocator 3.x is not supported
01-04 22:07:24.451   485   584 D vndksupport: Loading /vendor/lib/hw/audio.primary.msm8937.so from current namespace instead of sphal namespace.
01-04 22:07:24.451   401   401 I hwservicemanager: getTransport: Cannot find entry vendor.display.config@1.7::IDisplayConfig/default in either framework or device manifest.
01-04 22:07:24.452   485   584 D audio_hw_primary: adev_open: enter
01-04 22:07:24.452   401   401 I hwservicemanager: getTransport: Cannot find entry vendor.display.config@1.9::IDisplayConfig/default in either framework or device manifest.
01-04 22:07:24.453   495   495 D SDM     : HWCSession::RegisterCallback: Registering callback: Refresh
01-04 22:07:24.453   495   495 D SDM     : HWCSession::RegisterCallback: Registering callback: Vsync
01-04 22:07:25.261   485   485 D audio_hw_utils: audio_extn_utils_open_snd_mixer: retry, retry_num 1
01-04 22:07:25.336   519   519 D RenderEngine: shader cache generated - 48 shaders in 883.379395 ms
01-04 22:07:25.336   519   519 E SurfaceFlinger: Unable to get composer extension
01-04 22:07:25.339   519   519 I ServiceManagement: Registered android.frameworks.displayservice@1.0::IDisplayService/default (start delay of 1501ms)
01-04 22:07:25.339   519   519 D SurfaceFlinger: Setting power mode 2 on display 0
01-04 22:07:25.339   495   495 I SDM     : DisplayBase::SetDisplayState: Set state = 1, display 0
01-04 22:07:25.340   519   519 D SurfaceFlinger: Finished setting power mode 2 on display 0
01-04 22:07:25.452   485   584 D audio_hw_utils: audio_extn_utils_open_snd_mixer: retry, retry_num 1
01-04 22:07:25.659   622   622 D BootAnimation: BootAnimationStartTiming start time: 165201ms
01-04 22:07:25.659   622   622 D BootAnimation: BootAnimationPreloadTiming start time: 165201ms
01-04 22:07:25.659   622   622 D BootAnimation: Animation customzation path: 
01-04 22:07:25.781   622   622 D BootAnimation: BootAnimationPreloadStopTiming start time: 165323ms
01-04 22:07:25.784   622   625 E cutils-trace: Error opening trace file: No such file or directory (2)
01-04 22:07:25.789   622   625 D libEGL  : loaded /vendor/lib64/egl/libEGL_adreno.so
01-04 22:07:25.797   622   625 D libEGL  : loaded /vendor/lib64/egl/libGLESv1_CM_adreno.so
01-04 22:07:25.804   622   625 D libEGL  : loaded /vendor/lib64/egl/libGLESv2_adreno.so
01-04 22:07:25.834   622   625 I AdrenoGLES: QUALCOMM build                   : 961b24f, Ib57168459a
01-04 22:07:25.834   622   625 I AdrenoGLES: Build Date                       : 02/24/20
01-04 22:07:25.834   622   625 I AdrenoGLES: OpenGL ES Shader Compiler Version: EV031.27.05.06
01-04 22:07:25.834   622   625 I AdrenoGLES: Local Branch                     : 
01-04 22:07:25.834   622   625 I AdrenoGLES: Remote Branch                    : 
01-04 22:07:25.834   622   625 I AdrenoGLES: Remote Branch                    : 
01-04 22:07:25.834   622   625 I AdrenoGLES: Reconstruct Branch               : 
01-04 22:07:25.834   622   625 I AdrenoGLES: Build Config                     : S L 8.0.12 AArch64
01-04 22:07:25.842   622   625 I AdrenoGLES: PFP: 0x005ff112, ME: 0x005ff066
01-04 22:07:25.848   401   401 I hwservicemanager: getTransport: Cannot find entry vendor.display.config@1.7::IDisplayConfig/default in either framework or device manifest.
01-04 22:07:25.849   401   401 I hwservicemanager: getTransport: Cannot find entry vendor.display.config@1.7::IDisplayConfig/default in either framework or device manifest.
01-04 22:07:25.854   622   625 D BootAnimation: BootAnimationShownTiming start time: 165396ms
01-04 22:07:25.871   401   401 I hwservicemanager: getTransport: Cannot find entry android.hardware.graphics.mapper@3.0::IMapper/default in either framework or device manifest.
01-04 22:07:25.871   622   625 W Gralloc3: mapper 3.x is not supported
01-04 22:07:25.876   622   625 E Adreno-UNKNOWN: <DrawTexture:62>: GL_INVALID_VALUE
01-04 22:07:25.884   519   519 I SurfaceFlinger: Enter boot animation
01-04 22:07:25.893   495   495 D qdutils : DEBUG_CALC_FPS: 0
01-04 22:07:25.893   495   495 D qdutils : period: 10
01-04 22:07:25.893   495   495 D qdutils : ignorethresh_us: 500000
01-04 22:07:26.159   482   482 I Dpps    : AbaContext():18 ABA context instantiation
01-04 22:07:26.159   482   482 I Dpps    : AmbientLightContext():16 AL context instantiation
01-04 22:07:26.159   482   482 I Dpps    : InitFeatureContext():93 Initialize feature context
01-04 22:07:26.159   482   482 I Dpps    : InitContext():83 display fd 5 histogram bins 256  components 1 Lut size 256 panel 0 sensor type 1
01-04 22:07:26.159   482   482 I Dpps    : OpenCommonSysfsFds():357 lcd_bl_event_fd_ is 6
01-04 22:07:26.159   482   482 I Dpps    : OpenCommonSysfsFds():366 blank_event_fd_ is 7
01-04 22:07:26.159   482   482 I Dpps    : OpenCommonSysfsFds():374 lcd_brightness_fd_ is 8
01-04 22:07:26.159   482   482 I Dpps    : InitContext():111 hist_sysfs_fd_ is 9
01-04 22:07:26.160   482   482 I Dpps    : InitContext():185 Context Initialization successfull
01-04 22:07:26.160   482   482 I Dpps    : CreateAbaThread():58 Create ABA thread
01-04 22:07:26.160   482   482 I Dpps    : CreateAbaThread():81 Create ABA thread done ret 0
01-04 22:07:26.160   482   482 I Dpps    : InitContext():71 display_fd 5, panel 0, sensor type 1 display_type 0
01-04 22:07:26.160   482   627 I Dpps    : ProcessAbaThread():166 ABA thread execution started
01-04 22:07:26.160   482   482 I Dpps    : Open():60 display node path /dev/graphics/fb0
01-04 22:07:26.160   482   482 I Dpps    : SetupPollFd():224 opening the sysfs node sys/class/graphics/fb0/show_blank_event, index 1
01-04 22:07:26.160   482   482 I Dpps    : SetupPollFd():224 opening the sysfs node sys/class/graphics/fb0/ad_bl_event, index 2
01-04 22:07:26.160   482   482 I Dpps    : SetupPollFd():224 opening the sysfs node sys/class/graphics/fb0/ad_event, index 3
01-04 22:07:26.160   482   482 I Dpps    : SelectLightSensor():532 sensor_type 1
01-04 22:07:26.160   482   482 I Dpps    : SelectLightSensor():535 sensor_type_ 1
01-04 22:07:26.160   482   482 I Dpps    : InitLightSensor():567 sensor_type_ 1
01-04 22:07:26.160   482   482 I Dpps    : InitLightSensor():570 SensorTypeSimulation
01-04 22:07:26.160   482   482 I Dpps    : InitLightSensor():588 light sensor initialization ret 0
01-04 22:07:26.160   482   482 I Dpps    : InitContext():126 create AD thread
01-04 22:07:26.160   482   482 I Dpps    : CreateAmbientLightThread():910 Create AL thread
01-04 22:07:26.160   482   482 I Dpps    : CreateAmbientLightThread():924 Create AL thread done ret 0
01-04 22:07:26.160   482   482 I Dpps    : InitFeatureContext():142 Initialize feature context done ret 0
01-04 22:07:26.161   482   628 I Dpps    : ProcessAmbientLightThread():940 AL thread execution started
01-04 22:07:26.261   485   485 D audio_hw_utils: audio_extn_utils_open_snd_mixer: retry, retry_num 2
01-04 22:07:26.452   485   584 D audio_hw_utils: audio_extn_utils_open_snd_mixer: retry, retry_num 2
01-04 22:07:27.262   485   485 D audio_hw_utils: audio_extn_utils_open_snd_mixer: retry, retry_num 3
01-04 22:07:27.452   485   584 D audio_hw_utils: audio_extn_utils_open_snd_mixer: retry, retry_num 3
01-04 22:07:28.262   485   485 D audio_hw_utils: audio_extn_utils_open_snd_mixer: retry, retry_num 4
01-04 22:07:28.453   485   584 D audio_hw_utils: audio_extn_utils_open_snd_mixer: retry, retry_num 4
01-04 22:07:29.262   485   485 D audio_hw_utils: audio_extn_utils_open_snd_mixer: retry, retry_num 5
01-04 22:07:29.453   485   584 D audio_hw_utils: audio_extn_utils_open_snd_mixer: retry, retry_num 5
01-04 22:07:30.262   485   485 D audio_hw_utils: audio_extn_utils_open_snd_mixer: retry, retry_num 6
01-04 22:07:30.453   485   584 D audio_hw_utils: audio_extn_utils_open_snd_mixer: retry, retry_num 6
01-04 22:07:31.263   485   485 D audio_hw_utils: audio_extn_utils_open_snd_mixer: retry, retry_num 7
01-04 22:07:31.454   485   584 D audio_hw_utils: audio_extn_utils_open_snd_mixer: retry, retry_num 7
01-04 22:07:32.263   485   485 D audio_hw_utils: audio_extn_utils_open_snd_mixer: retry, retry_num 8
01-04 22:07:32.454   485   584 D audio_hw_utils: audio_extn_utils_open_snd_mixer: retry, retry_num 8
01-04 22:07:33.263   485   485 D audio_hw_utils: audio_extn_utils_open_snd_mixer: retry, retry_num 9
01-04 22:07:33.454   485   584 D audio_hw_utils: audio_extn_utils_open_snd_mixer: retry, retry_num 9
01-04 22:07:34.061   512   512 E Sensors : sns_debug_mr.c(366):Sensors DIAG Init: Waiting for diag service timed out
01-04 22:07:34.061   512   512 E Sensors : sns_debug_main.c(499):Sensors DIAG init: Can't register with debug
01-04 22:07:34.061   512   512 E Sensors : sns_init_la.c(165):Error 5 initializing sns_debug_test_init2
01-04 22:07:34.263   485   485 D audio_hw_utils: audio_extn_utils_open_snd_mixer: retry, retry_num 10
01-04 22:07:34.454   485   584 D audio_hw_utils: audio_extn_utils_open_snd_mixer: retry, retry_num 10
01-04 22:07:35.264   485   485 D audio_hw_utils: audio_extn_utils_open_snd_mixer: retry, retry_num 11
01-04 22:07:35.455   485   584 D audio_hw_utils: audio_extn_utils_open_snd_mixer: retry, retry_num 11
01-04 22:07:36.264   485   485 D audio_hw_utils: audio_extn_utils_open_snd_mixer: retry, retry_num 12
01-04 22:07:36.455   485   584 D audio_hw_utils: audio_extn_utils_open_snd_mixer: retry, retry_num 12
01-04 22:07:37.264   485   485 D audio_hw_utils: audio_extn_utils_open_snd_mixer: retry, retry_num 13
01-04 22:07:37.455   485   584 D audio_hw_utils: audio_extn_utils_open_snd_mixer: retry, retry_num 13
01-04 22:07:38.264   485   485 D audio_hw_utils: audio_extn_utils_open_snd_mixer: retry, retry_num 14
01-04 22:07:38.455   485   584 D audio_hw_utils: audio_extn_utils_open_snd_mixer: retry, retry_num 14
01-04 22:07:39.265   485   485 D audio_hw_utils: audio_extn_utils_open_snd_mixer: retry, retry_num 15
01-04 22:07:39.456   485   584 D audio_hw_utils: audio_extn_utils_open_snd_mixer: retry, retry_num 15
01-04 22:07:40.265   485   485 D audio_hw_utils: audio_extn_utils_open_snd_mixer: retry, retry_num 16
01-04 22:07:40.456   485   584 D audio_hw_utils: audio_extn_utils_open_snd_mixer: retry, retry_num 16
01-04 22:07:41.032   493   586 I LocSvc_BatteryListener: operator():153] healthInfo cb thread: cb CHARGING
01-04 22:07:41.265   485   485 D audio_hw_utils: audio_extn_utils_open_snd_mixer: retry, retry_num 17
01-04 22:07:41.412   546   571 I adbd    : USB event: FUNCTIONFS_ENABLE
01-04 22:07:41.456   485   584 D audio_hw_utils: audio_extn_utils_open_snd_mixer: retry, retry_num 17
01-04 22:07:41.569   546   546 I adbd    : UsbFfs: already offline
01-04 22:07:42.266   485   485 D audio_hw_utils: audio_extn_utils_open_snd_mixer: retry, retry_num 18
01-04 22:07:42.456   485   584 D audio_hw_utils: audio_extn_utils_open_snd_mixer: retry, retry_num 18
01-04 22:07:43.266   485   485 D audio_hw_utils: audio_extn_utils_open_snd_mixer: retry, retry_num 19
01-04 22:07:43.457   485   584 D audio_hw_utils: audio_extn_utils_open_snd_mixer: retry, retry_num 19
01-04 22:07:44.061   512   512 E Sensors : sns_main.c(447):Timeout waiting for SMGR service. Exit sensors daemon!
01-04 22:07:44.061   512   512 W Sensors : sns_main.c(355):sns_main_exit called unlock daemon to exit
01-04 22:07:44.061   512   512 E Sensors : sns_main.c(561):Exiting! Err 0
01-04 22:07:44.266   485   485 D audio_hw_utils: audio_extn_utils_open_snd_mixer: retry, retry_num 20
01-04 22:07:44.457   485   584 D audio_hw_utils: audio_extn_utils_open_snd_mixer: retry, retry_num 20
01-04 22:07:45.266   485   485 D audio_hw_utils: audio_extn_utils_open_snd_mixer: retry, retry_num 21
01-04 22:07:45.457   485   584 D audio_hw_utils: audio_extn_utils_open_snd_mixer: retry, retry_num 21
01-04 22:07:46.267   485   485 D audio_hw_utils: audio_extn_utils_open_snd_mixer: retry, retry_num 22
01-04 22:07:46.457   485   584 D audio_hw_utils: audio_extn_utils_open_snd_mixer: retry, retry_num 22
01-04 22:07:47.267   485   485 D audio_hw_utils: audio_extn_utils_open_snd_mixer: retry, retry_num 23
01-04 22:07:47.458   485   584 D audio_hw_utils: audio_extn_utils_open_snd_mixer: retry, retry_num 23
01-04 22:07:48.267   485   485 D audio_hw_utils: audio_extn_utils_open_snd_mixer: retry, retry_num 24
01-04 22:07:48.458   485   584 D audio_hw_utils: audio_extn_utils_open_snd_mixer: retry, retry_num 24
01-04 22:07:49.267   485   485 D audio_hw_utils: audio_extn_utils_open_snd_mixer: retry, retry_num 25
01-04 22:07:49.458   485   584 D audio_hw_utils: audio_extn_utils_open_snd_mixer: retry, retry_num 25
01-04 22:07:50.268   485   485 D audio_hw_utils: audio_extn_utils_open_snd_mixer: retry, retry_num 26
01-04 22:07:50.459   485   584 D audio_hw_utils: audio_extn_utils_open_snd_mixer: retry, retry_num 26
01-04 22:07:51.268   485   485 D audio_hw_utils: audio_extn_utils_open_snd_mixer: retry, retry_num 27
01-04 22:07:51.459   485   584 D audio_hw_utils: audio_extn_utils_open_snd_mixer: retry, retry_num 27
01-04 22:07:52.268   485   485 D audio_hw_utils: audio_extn_utils_open_snd_mixer: retry, retry_num 28
01-04 22:07:52.459   485   584 D audio_hw_utils: audio_extn_utils_open_snd_mixer: retry, retry_num 28
01-04 22:07:53.269   485   485 D audio_hw_utils: audio_extn_utils_open_snd_mixer: retry, retry_num 29
01-04 22:07:53.459   485   584 D audio_hw_utils: audio_extn_utils_open_snd_mixer: retry, retry_num 29
01-04 22:07:54.020   500   500 E libsensor1: wait_for_service: Service 0 is not available (30000 ms)
01-04 22:07:54.021   500   500 E qti_sensors_hal: sensor1 open failed!
01-04 22:07:54.021   500   500 I         : Loaded library from sensors.ssc.so
01-04 22:07:54.021   500   500 E /vendor/bin/hw/android.hardware.sensors@1.0-service: HAL specifies version 1.4, but does not implement set_operation_mode()
01-04 22:07:54.024   500   500 I ServiceManagement: Registered android.hardware.sensors@1.0::ISensors/default (start delay of 30236ms)
01-04 22:07:54.024   500   500 I ServiceManagement: Removing namespace from process name android.hardware.sensors@1.0-service to sensors@1.0-service.
01-04 22:07:54.025   500   500 I android.hardware.sensors@1.0-service: Registration complete for android.hardware.sensors@1.0::ISensors/default.
01-04 22:07:54.269   485   485 D audio_hw_utils: audio_extn_utils_open_snd_mixer: retry, retry_num 30
01-04 22:07:54.460   485   584 D audio_hw_utils: audio_extn_utils_open_snd_mixer: retry, retry_num 30
