01-05 04:59:36.475   542   620 W SurfaceFlinger: Faking VSYNC due to driver stall
01-05 04:59:36.757   749   749 D BootAnimation: BootAnimationStartTiming start time: 165209ms
01-05 04:59:36.757   749   749 D BootAnimation: BootAnimationPreloadTiming start time: 165209ms
01-05 04:59:36.757   749   749 D BootAnimation: Animation customzation path: 
01-05 04:59:36.889   749   749 D BootAnimation: BootAnimationPreloadStopTiming start time: 165341ms
01-05 04:59:36.892   749   752 E cutils-trace: Error opening trace file: No such file or directory (2)
01-05 04:59:36.897   749   752 D libEGL  : loaded /vendor/lib64/egl/libEGL_adreno.so
01-05 04:59:36.905   749   752 D libEGL  : loaded /vendor/lib64/egl/libGLESv1_CM_adreno.so
01-05 04:59:36.910   749   752 D libEGL  : loaded /vendor/lib64/egl/libGLESv2_adreno.so
01-05 04:59:36.913   516   591 I LocSvc_api_v02: ---> locClientSendReq line 2335 QMI_LOC_REG_EVENTS_REQ_V02
01-05 04:59:36.917   516   591 I LocSvc_api_v02: ---> locClientSendReq line 2335 QMI_LOC_REGISTER_MASTER_CLIENT_REQ_V02
01-05 04:59:36.917   516   591 W LocSvc_ApiV02: registerMasterClient:1593] error status = eLOC_CLIENT_FAILURE_INVALID_MESSAGE_ID, reg_master_client_ind.status = eQMI_LOC_REGISTER_MASTER_CLIENT_SUCCESS_V02
01-05 04:59:36.917   516   591 I LocSvc_api_v02: ---> locClientSendReq line 2335 QMI_LOC_SET_GNSS_CONSTELL_REPORT_CONFIG_V02
01-05 04:59:36.918   516   753 I LocSvc_ApiV02: <--- globalRespCb line 192 QMI_LOC_SET_GNSS_CONSTELL_REPORT_CONFIG_V02
01-05 04:59:36.918   516   591 E LocSvc_ApiV02: setSvMeasurementConstellation:6668]: Set GNSS constellation failed. status: eLOC_CLIENT_SUCCESS, ind status:eQMI_LOC_GENERAL_FAILURE_V02
01-05 04:59:36.918   516   591 I LocSvc_api_v02: ---> locClientSupportMsgCheck line 2462 QMI_LOC_GET_SUPPORTED_MSGS_REQ_V02
01-05 04:59:36.918   516   591 I LocSvc_api_v02: ---> locClientSendReq line 2335 QMI_LOC_QUERY_AON_CONFIG_REQ_V02
01-05 04:59:36.919   516   753 I LocSvc_ApiV02: <--- globalRespCb line 192 QMI_LOC_QUERY_AON_CONFIG_REQ_V02
01-05 04:59:36.919   516   591 I LocSvc_api_v02: ---> locClientSendReq line 2335 QMI_LOC_GET_SUPPORTED_FEATURE_REQ_V02
01-05 04:59:36.919   516   591 E LocSvc_ApiV02: open:475:2]: Failed to get features supported from QMI_LOC_GET_SUPPORTED_FEATURE_REQ_V02. 
01-05 04:59:36.919   516   753 E QMI_FW  : QCCI qmi_cci_xport_recv: txn not found. svc_id: 16
01-05 04:59:36.941   749   752 I AdrenoGLES: QUALCOMM build                   : 961b24f, Ib57168459a
01-05 04:59:36.941   749   752 I AdrenoGLES: Build Date                       : 02/24/20
01-05 04:59:36.941   749   752 I AdrenoGLES: OpenGL ES Shader Compiler Version: EV031.27.05.06
01-05 04:59:36.941   749   752 I AdrenoGLES: Local Branch                     : 
01-05 04:59:36.941   749   752 I AdrenoGLES: Remote Branch                    : 
01-05 04:59:36.941   749   752 I AdrenoGLES: Remote Branch                    : 
01-05 04:59:36.941   749   752 I AdrenoGLES: Reconstruct Branch               : 
01-05 04:59:36.941   749   752 I AdrenoGLES: Build Config                     : S L 8.0.12 AArch64
01-05 04:59:36.949   749   752 I AdrenoGLES: PFP: 0x005ff112, ME: 0x005ff066
01-05 04:59:36.955   401   401 I hwservicemanager: getTransport: Cannot find entry vendor.display.config@1.7::IDisplayConfig/default in either framework or device manifest.
01-05 04:59:36.956   401   401 I hwservicemanager: getTransport: Cannot find entry vendor.display.config@1.7::IDisplayConfig/default in either framework or device manifest.
01-05 04:59:36.962   749   752 D BootAnimation: BootAnimationShownTiming start time: 165414ms
01-05 04:59:36.981   401   401 I hwservicemanager: getTransport: Cannot find entry android.hardware.graphics.mapper@3.0::IMapper/default in either framework or device manifest.
01-05 04:59:36.981   749   752 W Gralloc3: mapper 3.x is not supported
01-05 04:59:36.986   749   752 E Adreno-UNKNOWN: <DrawTexture:62>: GL_INVALID_VALUE
01-05 04:59:36.987   542   542 I SurfaceFlinger: Enter boot animation
01-05 04:59:36.995   518   518 D qdutils : DEBUG_CALC_FPS: 0
01-05 04:59:36.996   518   518 D qdutils : period: 10
01-05 04:59:36.996   518   518 D qdutils : ignorethresh_us: 500000
01-05 04:59:37.202   504   504 I Dpps    : AbaContext():18 ABA context instantiation
01-05 04:59:37.203   504   504 I Dpps    : AmbientLightContext():16 AL context instantiation
01-05 04:59:37.203   504   504 I Dpps    : InitFeatureContext():93 Initialize feature context
01-05 04:59:37.203   504   504 I Dpps    : InitContext():83 display fd 5 histogram bins 256  components 1 Lut size 256 panel 0 sensor type 1
01-05 04:59:37.203   504   504 I Dpps    : OpenCommonSysfsFds():357 lcd_bl_event_fd_ is 6
01-05 04:59:37.203   504   504 I Dpps    : OpenCommonSysfsFds():366 blank_event_fd_ is 7
01-05 04:59:37.203   504   504 I Dpps    : OpenCommonSysfsFds():374 lcd_brightness_fd_ is 8
01-05 04:59:37.203   504   504 I Dpps    : InitContext():111 hist_sysfs_fd_ is 9
01-05 04:59:37.203   504   504 I Dpps    : InitContext():185 Context Initialization successfull
01-05 04:59:37.203   504   504 I Dpps    : CreateAbaThread():58 Create ABA thread
01-05 04:59:37.204   504   504 I Dpps    : CreateAbaThread():81 Create ABA thread done ret 0
01-05 04:59:37.204   504   504 I Dpps    : InitContext():71 display_fd 5, panel 0, sensor type 1 display_type 0
01-05 04:59:37.204   504   755 I Dpps    : ProcessAbaThread():166 ABA thread execution started
01-05 04:59:37.204   504   504 I Dpps    : Open():60 display node path /dev/graphics/fb0
01-05 04:59:37.204   504   504 I Dpps    : SetupPollFd():224 opening the sysfs node sys/class/graphics/fb0/show_blank_event, index 1
01-05 04:59:37.204   504   504 I Dpps    : SetupPollFd():224 opening the sysfs node sys/class/graphics/fb0/ad_bl_event, index 2
01-05 04:59:37.204   504   504 I Dpps    : SetupPollFd():224 opening the sysfs node sys/class/graphics/fb0/ad_event, index 3
01-05 04:59:37.204   504   504 I Dpps    : SelectLightSensor():532 sensor_type 1
01-05 04:59:37.204   504   504 I Dpps    : SelectLightSensor():535 sensor_type_ 1
01-05 04:59:37.204   504   504 I Dpps    : InitLightSensor():567 sensor_type_ 1
01-05 04:59:37.204   504   504 I Dpps    : InitLightSensor():570 SensorTypeSimulation
01-05 04:59:37.204   504   504 I Dpps    : InitLightSensor():588 light sensor initialization ret 0
01-05 04:59:37.204   504   504 I Dpps    : InitContext():126 create AD thread
01-05 04:59:37.204   504   504 I Dpps    : CreateAmbientLightThread():910 Create AL thread
01-05 04:59:37.204   504   504 I Dpps    : CreateAmbientLightThread():924 Create AL thread done ret 0
01-05 04:59:37.204   504   504 I Dpps    : InitFeatureContext():142 Initialize feature context done ret 0
01-05 04:59:37.204   504   756 I Dpps    : ProcessAmbientLightThread():940 AL thread execution started
01-05 05:00:15.284   529   569 E ANDR-PERF-MPCTL: First Boot check over.Going to 2nd Boot check.
01-05 05:00:20.279   516   577 E IPCMessagingProxy: MQClientControllerBase::init failed : 101
01-05 05:00:20.279   516   577 E IPCMessagingProxy: Exiting with error IPCMessagingProxy line 82 "1"
01-05 05:00:20.323   516   577 E IzatSvc_QNP: Exiting with error getInstance line 284 2
01-05 05:00:20.323   516   577 W IzatSvc_ComboNetworkProvider: Failed to initialize to NLP_MODE_QNP_ONLY for Emergency mode
01-05 05:00:20.325   516   591 I LocSvc_api_v02: ---> locClientSendReq line 2335 QMI_LOC_REG_EVENTS_REQ_V02
01-05 05:00:20.326   516   577 E Subscription: sSubscriptionCb NULL !
01-05 05:00:20.326   516   577 I chatty  : uid=1021(gps) Loc_hal_worker identical 2 lines
01-05 05:00:20.327   516   591 I LocSvc_api_v02: ---> locClientSendReq line 2335 QMI_LOC_SET_PREMIUM_SERVICES_CONFIG_REQ_V02
01-05 05:00:20.327   516   577 E Subscription: sSubscriptionCb NULL !
01-05 05:00:20.328   516   753 I LocSvc_ApiV02: <--- globalRespCb line 192 QMI_LOC_SET_PREMIUM_SERVICES_CONFIG_REQ_V02
01-05 05:00:20.329   516   591 I LocSvc_api_v02: ---> locClientSendReq line 2335 QMI_LOC_SET_PREMIUM_SERVICES_CONFIG_REQ_V02
01-05 05:00:20.329   516   753 E QMI_FW  : QCCI qmi_cci_xport_recv: txn not found. svc_id: 16
01-05 05:00:20.329   516   591 E LocSvc_LBSApiV02: operator():717]: Error : st = 3, ind.status = 0
01-05 05:00:20.329   516   591 I LocSvc_api_v02: ---> locClientSendReq line 2335 QMI_LOC_SET_ENGINE_LOCK_REQ_V02
01-05 05:00:20.330   516   753 I LocSvc_ApiV02: <--- globalRespCb line 192 QMI_LOC_SET_ENGINE_LOCK_REQ_V02
01-05 05:00:20.330   516   591 I LocSvc_api_v02: ---> locClientSendReq line 2335 QMI_LOC_SET_SERVER_REQ_V02
01-05 05:00:20.330   516   753 I LocSvc_ApiV02: <--- globalRespCb line 192 QMI_LOC_SET_SERVER_REQ_V02
01-05 05:00:20.331   516   591 I LocSvc_api_v02: ---> locClientSendReq line 2335 QMI_LOC_SET_PROTOCOL_CONFIG_PARAMETERS_REQ_V02
01-05 05:00:20.331   516   753 I LocSvc_ApiV02: <--- globalRespCb line 192 QMI_LOC_SET_PROTOCOL_CONFIG_PARAMETERS_REQ_V02
01-05 05:00:20.331   516   591 I LocSvc_api_v02: ---> locClientSendReq line 2335 QMI_LOC_SET_PROTOCOL_CONFIG_PARAMETERS_REQ_V02
01-05 05:00:20.332   516   753 I LocSvc_ApiV02: <--- globalRespCb line 192 QMI_LOC_SET_PROTOCOL_CONFIG_PARAMETERS_REQ_V02
01-05 05:00:20.332   516   591 I LocSvc_api_v02: ---> locClientSendReq line 2335 QMI_LOC_SET_PROTOCOL_CONFIG_PARAMETERS_REQ_V02
01-05 05:00:20.333   516   753 I LocSvc_ApiV02: <--- globalRespCb line 192 QMI_LOC_SET_PROTOCOL_CONFIG_PARAMETERS_REQ_V02
01-05 05:00:20.333   516   591 E LocSvc_GnssAdapter: gnssUpdateConfig:1046] Feature constellation enablement not supported.
01-05 05:00:20.333   516   591 I LocSvc_api_v02: ---> locClientSendReq line 2335 QMI_LOC_SET_XTRA_VERSION_CHECK_REQ_V02
01-05 05:00:20.333   516   753 I LocSvc_ApiV02: <--- globalRespCb line 192 QMI_LOC_SET_XTRA_VERSION_CHECK_REQ_V02
01-05 05:00:20.333   516   591 I LocSvc_api_v02: ---> locClientSendReq line 2335 QMI_LOC_SET_SENSOR_PERFORMANCE_CONTROL_CONFIGURATION_REQ_V02
01-05 05:00:20.334   516   753 I LocSvc_ApiV02: <--- globalRespCb line 192 QMI_LOC_SET_SENSOR_PERFORMANCE_CONTROL_CONFIGURATION_REQ_V02
01-05 05:00:20.334   516   591 I LocSvc_api_v02: ---> locClientSendReq line 2335 QMI_LOC_SET_BLACKLIST_SV_REQ_V02
01-05 05:00:20.334   516   591 E LocSvc_ApiV02: setBlacklistSvSync:7373] Set Blacklist SV failed. status: eLOC_CLIENT_FAILURE_INVALID_MESSAGE_ID ind status eQMI_LOC_SUCCESS_V02
01-05 05:00:20.334   516   591 I LocSvc_api_v02: ---> locClientSendReq line 2335 QMI_LOC_SET_PROTOCOL_CONFIG_PARAMETERS_REQ_V02
01-05 05:00:20.335   516   753 I LocSvc_ApiV02: <--- globalRespCb line 192 QMI_LOC_SET_PROTOCOL_CONFIG_PARAMETERS_REQ_V02
01-05 05:00:20.335   516   591 I LocSvc_api_v02: ---> locClientSendReq line 2335 QMI_LOC_SET_PROTOCOL_CONFIG_PARAMETERS_REQ_V02
01-05 05:00:20.335   516   753 I LocSvc_ApiV02: <--- globalRespCb line 192 QMI_LOC_SET_PROTOCOL_CONFIG_PARAMETERS_REQ_V02
01-05 05:00:20.335   516   591 I LocSvc_api_v02: ---> locClientSendReq line 2335 QMI_LOC_SET_CONSTRAINED_TUNC_MODE_REQ_V02
01-05 05:00:20.335   516   591 E LocSvc_ApiV02: operator():6718] failed, status: eLOC_CLIENT_FAILURE_INVALID_MESSAGE_ID, ind status:eQMI_LOC_SUCCESS_V02
01-05 05:00:20.335   516   591 I LocSvc_api_v02: ---> locClientSendReq line 2335 QMI_LOC_ENABLE_POSITION_ASSISTED_CLOCK_EST_REQ_V02
01-05 05:00:20.336   516   591 E LocSvc_ApiV02: operator():6753] failed. status: eLOC_CLIENT_FAILURE_INVALID_MESSAGE_ID, ind status:eQMI_LOC_SUCCESS_V02
01-05 05:00:26.416   757   757 W vold    : type=1400 audit(0.0:11): avc: denied { execute } for path="/vendor/lib64/vendor.qti.hardware.cryptfshw@1.0.so" dev="mmcblk0p25" ino=3012 scontext=u:r:vold:s0 tcontext=u:object_r:vendor_file:s0 tclass=file permissive=0
01-05 05:00:26.420   757   757 F linker  : CANNOT LINK EXECUTABLE "/system/bin/vold": couldn't map "/vendor/lib64/vendor.qti.hardware.cryptfshw@1.0.so" segment 2: Permission denied
01-05 05:00:31.423   758   758 W vold    : type=1400 audit(0.0:12): avc: denied { execute } for path="/vendor/lib64/vendor.qti.hardware.cryptfshw@1.0.so" dev="mmcblk0p25" ino=3012 scontext=u:r:vold:s0 tcontext=u:object_r:vendor_file:s0 tclass=file permissive=0
01-05 05:00:31.427   758   758 F linker  : CANNOT LINK EXECUTABLE "/system/bin/vold": couldn't map "/vendor/lib64/vendor.qti.hardware.cryptfshw@1.0.so" segment 2: Permission denied
01-05 05:00:35.981   535   551 E Sensors : sns_debug_main.c(161):Debug Timer Callback called
01-05 05:00:36.426   759   759 W vold    : type=1400 audit(0.0:13): avc: denied { execute } for path="/vendor/lib64/vendor.qti.hardware.cryptfshw@1.0.so" dev="mmcblk0p25" ino=3012 scontext=u:r:vold:s0 tcontext=u:object_r:vendor_file:s0 tclass=file permissive=0
01-05 05:00:36.431   759   759 F linker  : CANNOT LINK EXECUTABLE "/system/bin/vold": couldn't map "/vendor/lib64/vendor.qti.hardware.cryptfshw@1.0.so" segment 2: Permission denied
01-05 05:00:41.433   760   760 W vold    : type=1400 audit(0.0:14): avc: denied { execute } for path="/vendor/lib64/vendor.qti.hardware.cryptfshw@1.0.so" dev="mmcblk0p25" ino=3012 scontext=u:r:vold:s0 tcontext=u:object_r:vendor_file:s0 tclass=file permissive=0
01-05 05:00:41.437   760   760 F linker  : CANNOT LINK EXECUTABLE "/system/bin/vold": couldn't map "/vendor/lib64/vendor.qti.hardware.cryptfshw@1.0.so" segment 2: Permission denied
01-05 05:00:46.443   761   761 W vold    : type=1400 audit(0.0:15): avc: denied { execute } for path="/vendor/lib64/vendor.qti.hardware.cryptfshw@1.0.so" dev="mmcblk0p25" ino=3012 scontext=u:r:vold:s0 tcontext=u:object_r:vendor_file:s0 tclass=file permissive=0
01-05 05:00:46.445   761   761 F linker  : CANNOT LINK EXECUTABLE "/system/bin/vold": couldn't map "/vendor/lib64/vendor.qti.hardware.cryptfshw@1.0.so" segment 2: Permission denied
01-05 05:00:51.450   762   762 W vold    : type=1400 audit(0.0:16): avc: denied { execute } for path="/vendor/lib64/vendor.qti.hardware.cryptfshw@1.0.so" dev="mmcblk0p25" ino=3012 scontext=u:r:vold:s0 tcontext=u:object_r:vendor_file:s0 tclass=file permissive=0
01-05 05:00:51.452   762   762 F linker  : CANNOT LINK EXECUTABLE "/system/bin/vold": couldn't map "/vendor/lib64/vendor.qti.hardware.cryptfshw@1.0.so" segment 2: Permission denied
01-05 05:00:56.456   763   763 W vold    : type=1400 audit(0.0:17): avc: denied { execute } for path="/vendor/lib64/vendor.qti.hardware.cryptfshw@1.0.so" dev="mmcblk0p25" ino=3012 scontext=u:r:vold:s0 tcontext=u:object_r:vendor_file:s0 tclass=file permissive=0
01-05 05:00:56.460   763   763 F linker  : CANNOT LINK EXECUTABLE "/system/bin/vold": couldn't map "/vendor/lib64/vendor.qti.hardware.cryptfshw@1.0.so" segment 2: Permission denied
01-05 05:01:01.460   764   764 W vold    : type=1400 audit(0.0:18): avc: denied { execute } for path="/vendor/lib64/vendor.qti.hardware.cryptfshw@1.0.so" dev="mmcblk0p25" ino=3012 scontext=u:r:vold:s0 tcontext=u:object_r:vendor_file:s0 tclass=file permissive=0
01-05 05:01:01.464   764   764 F linker  : CANNOT LINK EXECUTABLE "/system/bin/vold": couldn't map "/vendor/lib64/vendor.qti.hardware.cryptfshw@1.0.so" segment 2: Permission denied
01-05 05:01:06.422   533   533 I vendor.rmt_storage: rmt_storage_connect_cb: clnt_h=0x9 conn_h=0x70a9e08010
01-05 05:01:06.422   533   533 I vendor.rmt_storage: rmt_storage_rw_iovec_cb: /boot/modem_fs2: req_h=0x9 msg_id=3: R/W request received (wr_count 1)
01-05 05:01:06.422   533   533 I vendor.rmt_storage: wakelock acquired: 1, error no: 42
01-05 05:01:06.422   533   744 I vendor.rmt_storage: rmt_storage_client_thread: /boot/modem_fs2: Unblock worker thread (th_id: 483862768976)
01-05 05:01:06.470   765   765 W vold    : type=1400 audit(0.0:19): avc: denied { execute } for path="/vendor/lib64/vendor.qti.hardware.cryptfshw@1.0.so" dev="mmcblk0p25" ino=3012 scontext=u:r:vold:s0 tcontext=u:object_r:vendor_file:s0 tclass=file permissive=0
01-05 05:01:06.472   765   765 F linker  : CANNOT LINK EXECUTABLE "/system/bin/vold": couldn't map "/vendor/lib64/vendor.qti.hardware.cryptfshw@1.0.so" segment 2: Permission denied
01-05 05:01:06.500   533   744 I vendor.rmt_storage: rmt_storage_client_thread: /boot/modem_fs2: req_h=0x9 msg_id=3: Bytes written = 1572864, wr_count 1
01-05 05:01:06.500   533   744 I vendor.rmt_storage: rmt_storage_client_thread: /boot/modem_fs2: req_h=0x9 msg_id=3: Send response: res=0 err=0, wr_count 1
01-05 05:01:06.500   533   744 I vendor.rmt_storage: rmt_storage_client_thread: /boot/modem_fs2: About to block rmt_storage client thread (th_id: 483862768976) wakelock released: 1, error no: 0
01-05 05:01:06.500   533   744 I vendor.rmt_storage: 
01-05 05:01:06.500   533   533 I vendor.rmt_storage: rmt_storage_disconnect_cb: clnt_h=0x9 conn_h=0x70a9e08010
01-05 05:01:11.476   766   766 W vold    : type=1400 audit(0.0:20): avc: denied { execute } for path="/vendor/lib64/vendor.qti.hardware.cryptfshw@1.0.so" dev="mmcblk0p25" ino=3012 scontext=u:r:vold:s0 tcontext=u:object_r:vendor_file:s0 tclass=file permissive=0
01-05 05:01:11.478   766   766 F linker  : CANNOT LINK EXECUTABLE "/system/bin/vold": couldn't map "/vendor/lib64/vendor.qti.hardware.cryptfshw@1.0.so" segment 2: Permission denied
01-05 05:01:16.483   767   767 W vold    : type=1400 audit(0.0:21): avc: denied { execute } for path="/vendor/lib64/vendor.qti.hardware.cryptfshw@1.0.so" dev="mmcblk0p25" ino=3012 scontext=u:r:vold:s0 tcontext=u:object_r:vendor_file:s0 tclass=file permissive=0
01-05 05:01:16.486   767   767 F linker  : CANNOT LINK EXECUTABLE "/system/bin/vold": couldn't map "/vendor/lib64/vendor.qti.hardware.cryptfshw@1.0.so" segment 2: Permission denied
01-05 05:01:21.490   768   768 W vold    : type=1400 audit(0.0:22): avc: denied { execute } for path="/vendor/lib64/vendor.qti.hardware.cryptfshw@1.0.so" dev="mmcblk0p25" ino=3012 scontext=u:r:vold:s0 tcontext=u:object_r:vendor_file:s0 tclass=file permissive=0
01-05 05:01:21.492   768   768 F linker  : CANNOT LINK EXECUTABLE "/system/bin/vold": couldn't map "/vendor/lib64/vendor.qti.hardware.cryptfshw@1.0.so" segment 2: Permission denied
01-05 05:01:26.496   769   769 W vold    : type=1400 audit(0.0:23): avc: denied { execute } for path="/vendor/lib64/vendor.qti.hardware.cryptfshw@1.0.so" dev="mmcblk0p25" ino=3012 scontext=u:r:vold:s0 tcontext=u:object_r:vendor_file:s0 tclass=file permissive=0
01-05 05:01:26.500   769   769 F linker  : CANNOT LINK EXECUTABLE "/system/bin/vold": couldn't map "/vendor/lib64/vendor.qti.hardware.cryptfshw@1.0.so" segment 2: Permission denied
01-05 05:01:31.503   770   770 W vold    : type=1400 audit(0.0:24): avc: denied { execute } for path="/vendor/lib64/vendor.qti.hardware.cryptfshw@1.0.so" dev="mmcblk0p25" ino=3012 scontext=u:r:vold:s0 tcontext=u:object_r:vendor_file:s0 tclass=file permissive=0
01-05 05:01:31.506   770   770 F linker  : CANNOT LINK EXECUTABLE "/system/bin/vold": couldn't map "/vendor/lib64/vendor.qti.hardware.cryptfshw@1.0.so" segment 2: Permission denied
01-05 05:01:36.506   771   771 W vold    : type=1400 audit(0.0:25): avc: denied { execute } for path="/vendor/lib64/vendor.qti.hardware.cryptfshw@1.0.so" dev="mmcblk0p25" ino=3012 scontext=u:r:vold:s0 tcontext=u:object_r:vendor_file:s0 tclass=file permissive=0
01-05 05:01:36.512   771   771 F linker  : CANNOT LINK EXECUTABLE "/system/bin/vold": couldn't map "/vendor/lib64/vendor.qti.hardware.cryptfshw@1.0.so" segment 2: Permission denied
01-05 05:01:41.516   772   772 W vold    : type=1400 audit(0.0:26): avc: denied { execute } for path="/vendor/lib64/vendor.qti.hardware.cryptfshw@1.0.so" dev="mmcblk0p25" ino=3012 scontext=u:r:vold:s0 tcontext=u:object_r:vendor_file:s0 tclass=file permissive=0
01-05 05:01:41.519   772   772 F linker  : CANNOT LINK EXECUTABLE "/system/bin/vold": couldn't map "/vendor/lib64/vendor.qti.hardware.cryptfshw@1.0.so" segment 2: Permission denied
01-05 05:01:46.523   773   773 W vold    : type=1400 audit(0.0:27): avc: denied { execute } for path="/vendor/lib64/vendor.qti.hardware.cryptfshw@1.0.so" dev="mmcblk0p25" ino=3012 scontext=u:r:vold:s0 tcontext=u:object_r:vendor_file:s0 tclass=file permissive=0
01-05 05:01:46.525   773   773 F linker  : CANNOT LINK EXECUTABLE "/system/bin/vold": couldn't map "/vendor/lib64/vendor.qti.hardware.cryptfshw@1.0.so" segment 2: Permission denied
01-05 05:01:51.530   774   774 W vold    : type=1400 audit(0.0:28): avc: denied { execute } for path="/vendor/lib64/vendor.qti.hardware.cryptfshw@1.0.so" dev="mmcblk0p25" ino=3012 scontext=u:r:vold:s0 tcontext=u:object_r:vendor_file:s0 tclass=file permissive=0
01-05 05:01:51.533   774   774 F linker  : CANNOT LINK EXECUTABLE "/system/bin/vold": couldn't map "/vendor/lib64/vendor.qti.hardware.cryptfshw@1.0.so" segment 2: Permission denied
01-05 05:01:56.536   775   775 W vold    : type=1400 audit(0.0:29): avc: denied { execute } for path="/vendor/lib64/vendor.qti.hardware.cryptfshw@1.0.so" dev="mmcblk0p25" ino=3012 scontext=u:r:vold:s0 tcontext=u:object_r:vendor_file:s0 tclass=file permissive=0
01-05 05:01:56.542   775   775 F linker  : CANNOT LINK EXECUTABLE "/system/bin/vold": couldn't map "/vendor/lib64/vendor.qti.hardware.cryptfshw@1.0.so" segment 2: Permission denied
01-05 05:02:01.546   777   777 W vold    : type=1400 audit(0.0:30): avc: denied { execute } for path="/vendor/lib64/vendor.qti.hardware.cryptfshw@1.0.so" dev="mmcblk0p25" ino=3012 scontext=u:r:vold:s0 tcontext=u:object_r:vendor_file:s0 tclass=file permissive=0
01-05 05:02:01.549   777   777 F linker  : CANNOT LINK EXECUTABLE "/system/bin/vold": couldn't map "/vendor/lib64/vendor.qti.hardware.cryptfshw@1.0.so" segment 2: Permission denied
01-05 05:02:06.550   779   779 W vold    : type=1400 audit(0.0:31): avc: denied { execute } for path="/vendor/lib64/vendor.qti.hardware.cryptfshw@1.0.so" dev="mmcblk0p25" ino=3012 scontext=u:r:vold:s0 tcontext=u:object_r:vendor_file:s0 tclass=file permissive=0
01-05 05:02:06.553   779   779 F linker  : CANNOT LINK EXECUTABLE "/system/bin/vold": couldn't map "/vendor/lib64/vendor.qti.hardware.cryptfshw@1.0.so" segment 2: Permission denied
01-05 05:02:11.553   780   780 W vold    : type=1400 audit(0.0:32): avc: denied { execute } for path="/vendor/lib64/vendor.qti.hardware.cryptfshw@1.0.so" dev="mmcblk0p25" ino=3012 scontext=u:r:vold:s0 tcontext=u:object_r:vendor_file:s0 tclass=file permissive=0
01-05 05:02:11.556   780   780 F linker  : CANNOT LINK EXECUTABLE "/system/bin/vold": couldn't map "/vendor/lib64/vendor.qti.hardware.cryptfshw@1.0.so" segment 2: Permission denied
01-05 05:02:16.560   782   782 W vold    : type=1400 audit(0.0:33): avc: denied { execute } for path="/vendor/lib64/vendor.qti.hardware.cryptfshw@1.0.so" dev="mmcblk0p25" ino=3012 scontext=u:r:vold:s0 tcontext=u:object_r:vendor_file:s0 tclass=file permissive=0
01-05 05:02:16.563   782   782 F linker  : CANNOT LINK EXECUTABLE "/system/bin/vold": couldn't map "/vendor/lib64/vendor.qti.hardware.cryptfshw@1.0.so" segment 2: Permission denied
01-05 05:02:21.566   783   783 W vold    : type=1400 audit(0.0:34): avc: denied { execute } for path="/vendor/lib64/vendor.qti.hardware.cryptfshw@1.0.so" dev="mmcblk0p25" ino=3012 scontext=u:r:vold:s0 tcontext=u:object_r:vendor_file:s0 tclass=file permissive=0
01-05 05:02:21.571   783   783 F linker  : CANNOT LINK EXECUTABLE "/system/bin/vold": couldn't map "/vendor/lib64/vendor.qti.hardware.cryptfshw@1.0.so" segment 2: Permission denied
01-05 05:02:26.576   784   784 W vold    : type=1400 audit(0.0:35): avc: denied { execute } for path="/vendor/lib64/vendor.qti.hardware.cryptfshw@1.0.so" dev="mmcblk0p25" ino=3012 scontext=u:r:vold:s0 tcontext=u:object_r:vendor_file:s0 tclass=file permissive=0
01-05 05:02:26.579   784   784 F linker  : CANNOT LINK EXECUTABLE "/system/bin/vold": couldn't map "/vendor/lib64/vendor.qti.hardware.cryptfshw@1.0.so" segment 2: Permission denied
01-05 05:02:31.583   785   785 W vold    : type=1400 audit(0.0:36): avc: denied { execute } for path="/vendor/lib64/vendor.qti.hardware.cryptfshw@1.0.so" dev="mmcblk0p25" ino=3012 scontext=u:r:vold:s0 tcontext=u:object_r:vendor_file:s0 tclass=file permissive=0
01-05 05:02:31.587   785   785 F linker  : CANNOT LINK EXECUTABLE "/system/bin/vold": couldn't map "/vendor/lib64/vendor.qti.hardware.cryptfshw@1.0.so" segment 2: Permission denied
01-05 05:02:36.590   786   786 W vold    : type=1400 audit(0.0:37): avc: denied { execute } for path="/vendor/lib64/vendor.qti.hardware.cryptfshw@1.0.so" dev="mmcblk0p25" ino=3012 scontext=u:r:vold:s0 tcontext=u:object_r:vendor_file:s0 tclass=file permissive=0
01-05 05:02:36.594   786   786 F linker  : CANNOT LINK EXECUTABLE "/system/bin/vold": couldn't map "/vendor/lib64/vendor.qti.hardware.cryptfshw@1.0.so" segment 2: Permission denied
01-05 05:02:41.596   787   787 W vold    : type=1400 audit(0.0:38): avc: denied { execute } for path="/vendor/lib64/vendor.qti.hardware.cryptfshw@1.0.so" dev="mmcblk0p25" ino=3012 scontext=u:r:vold:s0 tcontext=u:object_r:vendor_file:s0 tclass=file permissive=0
01-05 05:02:41.601   787   787 F linker  : CANNOT LINK EXECUTABLE "/system/bin/vold": couldn't map "/vendor/lib64/vendor.qti.hardware.cryptfshw@1.0.so" segment 2: Permission denied
01-05 05:02:46.603   788   788 W vold    : type=1400 audit(0.0:39): avc: denied { execute } for path="/vendor/lib64/vendor.qti.hardware.cryptfshw@1.0.so" dev="mmcblk0p25" ino=3012 scontext=u:r:vold:s0 tcontext=u:object_r:vendor_file:s0 tclass=file permissive=0
01-05 05:02:46.607   788   788 F linker  : CANNOT LINK EXECUTABLE "/system/bin/vold": couldn't map "/vendor/lib64/vendor.qti.hardware.cryptfshw@1.0.so" segment 2: Permission denied
01-05 05:02:51.610   789   789 W vold    : type=1400 audit(0.0:40): avc: denied { execute } for path="/vendor/lib64/vendor.qti.hardware.cryptfshw@1.0.so" dev="mmcblk0p25" ino=3012 scontext=u:r:vold:s0 tcontext=u:object_r:vendor_file:s0 tclass=file permissive=0
01-05 05:02:51.614   789   789 F linker  : CANNOT LINK EXECUTABLE "/system/bin/vold": couldn't map "/vendor/lib64/vendor.qti.hardware.cryptfshw@1.0.so" segment 2: Permission denied
01-05 05:02:56.620   790   790 W vold    : type=1400 audit(0.0:41): avc: denied { execute } for path="/vendor/lib64/vendor.qti.hardware.cryptfshw@1.0.so" dev="mmcblk0p25" ino=3012 scontext=u:r:vold:s0 tcontext=u:object_r:vendor_file:s0 tclass=file permissive=0
01-05 05:02:56.622   790   790 F linker  : CANNOT LINK EXECUTABLE "/system/bin/vold": couldn't map "/vendor/lib64/vendor.qti.hardware.cryptfshw@1.0.so" segment 2: Permission denied
01-05 05:03:01.626   791   791 W vold    : type=1400 audit(0.0:42): avc: denied { execute } for path="/vendor/lib64/vendor.qti.hardware.cryptfshw@1.0.so" dev="mmcblk0p25" ino=3012 scontext=u:r:vold:s0 tcontext=u:object_r:vendor_file:s0 tclass=file permissive=0
01-05 05:03:01.631   791   791 F linker  : CANNOT LINK EXECUTABLE "/system/bin/vold": couldn't map "/vendor/lib64/vendor.qti.hardware.cryptfshw@1.0.so" segment 2: Permission denied
01-05 05:03:06.633   792   792 W vold    : type=1400 audit(0.0:43): avc: denied { execute } for path="/vendor/lib64/vendor.qti.hardware.cryptfshw@1.0.so" dev="mmcblk0p25" ino=3012 scontext=u:r:vold:s0 tcontext=u:object_r:vendor_file:s0 tclass=file permissive=0
01-05 05:03:06.637   792   792 F linker  : CANNOT LINK EXECUTABLE "/system/bin/vold": couldn't map "/vendor/lib64/vendor.qti.hardware.cryptfshw@1.0.so" segment 2: Permission denied
01-05 05:03:11.640   793   793 W vold    : type=1400 audit(0.0:44): avc: denied { execute } for path="/vendor/lib64/vendor.qti.hardware.cryptfshw@1.0.so" dev="mmcblk0p25" ino=3012 scontext=u:r:vold:s0 tcontext=u:object_r:vendor_file:s0 tclass=file permissive=0
01-05 05:03:11.643   793   793 F linker  : CANNOT LINK EXECUTABLE "/system/bin/vold": couldn't map "/vendor/lib64/vendor.qti.hardware.cryptfshw@1.0.so" segment 2: Permission denied
01-05 05:03:16.650   794   794 W vold    : type=1400 audit(0.0:45): avc: denied { execute } for path="/vendor/lib64/vendor.qti.hardware.cryptfshw@1.0.so" dev="mmcblk0p25" ino=3012 scontext=u:r:vold:s0 tcontext=u:object_r:vendor_file:s0 tclass=file permissive=0
01-05 05:03:16.652   794   794 F linker  : CANNOT LINK EXECUTABLE "/system/bin/vold": couldn't map "/vendor/lib64/vendor.qti.hardware.cryptfshw@1.0.so" segment 2: Permission denied
01-05 05:03:21.656   795   795 W vold    : type=1400 audit(0.0:46): avc: denied { execute } for path="/vendor/lib64/vendor.qti.hardware.cryptfshw@1.0.so" dev="mmcblk0p25" ino=3012 scontext=u:r:vold:s0 tcontext=u:object_r:vendor_file:s0 tclass=file permissive=0
01-05 05:03:21.659   795   795 F linker  : CANNOT LINK EXECUTABLE "/system/bin/vold": couldn't map "/vendor/lib64/vendor.qti.hardware.cryptfshw@1.0.so" segment 2: Permission denied
01-05 05:03:26.663   796   796 W vold    : type=1400 audit(0.0:47): avc: denied { execute } for path="/vendor/lib64/vendor.qti.hardware.cryptfshw@1.0.so" dev="mmcblk0p25" ino=3012 scontext=u:r:vold:s0 tcontext=u:object_r:vendor_file:s0 tclass=file permissive=0
01-05 05:03:26.666   796   796 F linker  : CANNOT LINK EXECUTABLE "/system/bin/vold": couldn't map "/vendor/lib64/vendor.qti.hardware.cryptfshw@1.0.so" segment 2: Permission denied
01-05 05:03:31.673   797   797 W vold    : type=1400 audit(0.0:48): avc: denied { execute } for path="/vendor/lib64/vendor.qti.hardware.cryptfshw@1.0.so" dev="mmcblk0p25" ino=3012 scontext=u:r:vold:s0 tcontext=u:object_r:vendor_file:s0 tclass=file permissive=0
01-05 05:03:31.675   797   797 F linker  : CANNOT LINK EXECUTABLE "/system/bin/vold": couldn't map "/vendor/lib64/vendor.qti.hardware.cryptfshw@1.0.so" segment 2: Permission denied
01-05 05:03:36.680   798   798 W vold    : type=1400 audit(0.0:49): avc: denied { execute } for path="/vendor/lib64/vendor.qti.hardware.cryptfshw@1.0.so" dev="mmcblk0p25" ino=3012 scontext=u:r:vold:s0 tcontext=u:object_r:vendor_file:s0 tclass=file permissive=0
01-05 05:03:36.682   798   798 F linker  : CANNOT LINK EXECUTABLE "/system/bin/vold": couldn't map "/vendor/lib64/vendor.qti.hardware.cryptfshw@1.0.so" segment 2: Permission denied
01-05 05:03:41.686   799   799 W vold    : type=1400 audit(0.0:50): avc: denied { execute } for path="/vendor/lib64/vendor.qti.hardware.cryptfshw@1.0.so" dev="mmcblk0p25" ino=3012 scontext=u:r:vold:s0 tcontext=u:object_r:vendor_file:s0 tclass=file permissive=0
01-05 05:03:41.689   799   799 F linker  : CANNOT LINK EXECUTABLE "/system/bin/vold": couldn't map "/vendor/lib64/vendor.qti.hardware.cryptfshw@1.0.so" segment 2: Permission denied
01-05 05:03:46.693   800   800 W vold    : type=1400 audit(0.0:51): avc: denied { execute } for path="/vendor/lib64/vendor.qti.hardware.cryptfshw@1.0.so" dev="mmcblk0p25" ino=3012 scontext=u:r:vold:s0 tcontext=u:object_r:vendor_file:s0 tclass=file permissive=0
01-05 05:03:46.696   800   800 F linker  : CANNOT LINK EXECUTABLE "/system/bin/vold": couldn't map "/vendor/lib64/vendor.qti.hardware.cryptfshw@1.0.so" segment 2: Permission denied
01-05 05:03:51.700   803   803 W vold    : type=1400 audit(0.0:52): avc: denied { execute } for path="/vendor/lib64/vendor.qti.hardware.cryptfshw@1.0.so" dev="mmcblk0p25" ino=3012 scontext=u:r:vold:s0 tcontext=u:object_r:vendor_file:s0 tclass=file permissive=0
01-05 05:03:51.704   803   803 F linker  : CANNOT LINK EXECUTABLE "/system/bin/vold": couldn't map "/vendor/lib64/vendor.qti.hardware.cryptfshw@1.0.so" segment 2: Permission denied
01-05 05:03:56.710   804   804 W vold    : type=1400 audit(0.0:53): avc: denied { execute } for path="/vendor/lib64/vendor.qti.hardware.cryptfshw@1.0.so" dev="mmcblk0p25" ino=3012 scontext=u:r:vold:s0 tcontext=u:object_r:vendor_file:s0 tclass=file permissive=0
01-05 05:03:56.712   804   804 F linker  : CANNOT LINK EXECUTABLE "/system/bin/vold": couldn't map "/vendor/lib64/vendor.qti.hardware.cryptfshw@1.0.so" segment 2: Permission denied
01-05 05:04:01.713   805   805 W vold    : type=1400 audit(0.0:54): avc: denied { execute } for path="/vendor/lib64/vendor.qti.hardware.cryptfshw@1.0.so" dev="mmcblk0p25" ino=3012 scontext=u:r:vold:s0 tcontext=u:object_r:vendor_file:s0 tclass=file permissive=0
01-05 05:04:01.718   805   805 F linker  : CANNOT LINK EXECUTABLE "/system/bin/vold": couldn't map "/vendor/lib64/vendor.qti.hardware.cryptfshw@1.0.so" segment 2: Permission denied
01-05 05:04:06.720   806   806 W vold    : type=1400 audit(0.0:55): avc: denied { execute } for path="/vendor/lib64/vendor.qti.hardware.cryptfshw@1.0.so" dev="mmcblk0p25" ino=3012 scontext=u:r:vold:s0 tcontext=u:object_r:vendor_file:s0 tclass=file permissive=0
01-05 05:04:06.724   806   806 F linker  : CANNOT LINK EXECUTABLE "/system/bin/vold": couldn't map "/vendor/lib64/vendor.qti.hardware.cryptfshw@1.0.so" segment 2: Permission denied
01-05 05:04:11.730   807   807 W vold    : type=1400 audit(0.0:56): avc: denied { execute } for path="/vendor/lib64/vendor.qti.hardware.cryptfshw@1.0.so" dev="mmcblk0p25" ino=3012 scontext=u:r:vold:s0 tcontext=u:object_r:vendor_file:s0 tclass=file permissive=0
01-05 05:04:11.732   807   807 F linker  : CANNOT LINK EXECUTABLE "/system/bin/vold": couldn't map "/vendor/lib64/vendor.qti.hardware.cryptfshw@1.0.so" segment 2: Permission denied
01-05 05:04:16.736   808   808 W vold    : type=1400 audit(0.0:57): avc: denied { execute } for path="/vendor/lib64/vendor.qti.hardware.cryptfshw@1.0.so" dev="mmcblk0p25" ino=3012 scontext=u:r:vold:s0 tcontext=u:object_r:vendor_file:s0 tclass=file permissive=0
01-05 05:04:16.741   808   808 F linker  : CANNOT LINK EXECUTABLE "/system/bin/vold": couldn't map "/vendor/lib64/vendor.qti.hardware.cryptfshw@1.0.so" segment 2: Permission denied
01-05 05:04:21.743   809   809 W vold    : type=1400 audit(0.0:58): avc: denied { execute } for path="/vendor/lib64/vendor.qti.hardware.cryptfshw@1.0.so" dev="mmcblk0p25" ino=3012 scontext=u:r:vold:s0 tcontext=u:object_r:vendor_file:s0 tclass=file permissive=0
01-05 05:04:21.747   809   809 F linker  : CANNOT LINK EXECUTABLE "/system/bin/vold": couldn't map "/vendor/lib64/vendor.qti.hardware.cryptfshw@1.0.so" segment 2: Permission denied
01-05 05:04:26.750   810   810 W vold    : type=1400 audit(0.0:59): avc: denied { execute } for path="/vendor/lib64/vendor.qti.hardware.cryptfshw@1.0.so" dev="mmcblk0p25" ino=3012 scontext=u:r:vold:s0 tcontext=u:object_r:vendor_file:s0 tclass=file permissive=0
01-05 05:04:26.754   810   810 F linker  : CANNOT LINK EXECUTABLE "/system/bin/vold": couldn't map "/vendor/lib64/vendor.qti.hardware.cryptfshw@1.0.so" segment 2: Permission denied
01-05 05:04:31.760   811   811 W vold    : type=1400 audit(0.0:60): avc: denied { execute } for path="/vendor/lib64/vendor.qti.hardware.cryptfshw@1.0.so" dev="mmcblk0p25" ino=3012 scontext=u:r:vold:s0 tcontext=u:object_r:vendor_file:s0 tclass=file permissive=0
01-05 05:04:31.762   811   811 F linker  : CANNOT LINK EXECUTABLE "/system/bin/vold": couldn't map "/vendor/lib64/vendor.qti.hardware.cryptfshw@1.0.so" segment 2: Permission denied
01-05 05:04:36.766   812   812 W vold    : type=1400 audit(0.0:61): avc: denied { execute } for path="/vendor/lib64/vendor.qti.hardware.cryptfshw@1.0.so" dev="mmcblk0p25" ino=3012 scontext=u:r:vold:s0 tcontext=u:object_r:vendor_file:s0 tclass=file permissive=0
01-05 05:04:36.769   812   812 F linker  : CANNOT LINK EXECUTABLE "/system/bin/vold": couldn't map "/vendor/lib64/vendor.qti.hardware.cryptfshw@1.0.so" segment 2: Permission denied
01-05 05:04:41.773   813   813 W vold    : type=1400 audit(0.0:62): avc: denied { execute } for path="/vendor/lib64/vendor.qti.hardware.cryptfshw@1.0.so" dev="mmcblk0p25" ino=3012 scontext=u:r:vold:s0 tcontext=u:object_r:vendor_file:s0 tclass=file permissive=0
01-05 05:04:41.776   813   813 F linker  : CANNOT LINK EXECUTABLE "/system/bin/vold": couldn't map "/vendor/lib64/vendor.qti.hardware.cryptfshw@1.0.so" segment 2: Permission denied
01-05 05:04:46.780   814   814 W vold    : type=1400 audit(0.0:63): avc: denied { execute } for path="/vendor/lib64/vendor.qti.hardware.cryptfshw@1.0.so" dev="mmcblk0p25" ino=3012 scontext=u:r:vold:s0 tcontext=u:object_r:vendor_file:s0 tclass=file permissive=0
01-05 05:04:46.783   814   814 F linker  : CANNOT LINK EXECUTABLE "/system/bin/vold": couldn't map "/vendor/lib64/vendor.qti.hardware.cryptfshw@1.0.so" segment 2: Permission denied
01-05 05:04:51.786   815   815 W vold    : type=1400 audit(0.0:64): avc: denied { execute } for path="/vendor/lib64/vendor.qti.hardware.cryptfshw@1.0.so" dev="mmcblk0p25" ino=3012 scontext=u:r:vold:s0 tcontext=u:object_r:vendor_file:s0 tclass=file permissive=0
01-05 05:04:51.790   815   815 F linker  : CANNOT LINK EXECUTABLE "/system/bin/vold": couldn't map "/vendor/lib64/vendor.qti.hardware.cryptfshw@1.0.so" segment 2: Permission denied
01-05 05:04:56.793   816   816 W vold    : type=1400 audit(0.0:65): avc: denied { execute } for path="/vendor/lib64/vendor.qti.hardware.cryptfshw@1.0.so" dev="mmcblk0p25" ino=3012 scontext=u:r:vold:s0 tcontext=u:object_r:vendor_file:s0 tclass=file permissive=0
01-05 05:04:56.796   816   816 F linker  : CANNOT LINK EXECUTABLE "/system/bin/vold": couldn't map "/vendor/lib64/vendor.qti.hardware.cryptfshw@1.0.so" segment 2: Permission denied
01-05 05:05:01.796   817   817 W vold    : type=1400 audit(0.0:66): avc: denied { execute } for path="/vendor/lib64/vendor.qti.hardware.cryptfshw@1.0.so" dev="mmcblk0p25" ino=3012 scontext=u:r:vold:s0 tcontext=u:object_r:vendor_file:s0 tclass=file permissive=0
01-05 05:05:01.801   817   817 F linker  : CANNOT LINK EXECUTABLE "/system/bin/vold": couldn't map "/vendor/lib64/vendor.qti.hardware.cryptfshw@1.0.so" segment 2: Permission denied
01-05 05:05:06.806   820   820 W vold    : type=1400 audit(0.0:67): avc: denied { execute } for path="/vendor/lib64/vendor.qti.hardware.cryptfshw@1.0.so" dev="mmcblk0p25" ino=3012 scontext=u:r:vold:s0 tcontext=u:object_r:vendor_file:s0 tclass=file permissive=0
01-05 05:05:06.809   820   820 F linker  : CANNOT LINK EXECUTABLE "/system/bin/vold": couldn't map "/vendor/lib64/vendor.qti.hardware.cryptfshw@1.0.so" segment 2: Permission denied
01-05 05:05:11.810   821   821 W vold    : type=1400 audit(0.0:68): avc: denied { execute } for path="/vendor/lib64/vendor.qti.hardware.cryptfshw@1.0.so" dev="mmcblk0p25" ino=3012 scontext=u:r:vold:s0 tcontext=u:object_r:vendor_file:s0 tclass=file permissive=0
01-05 05:05:11.814   821   821 F linker  : CANNOT LINK EXECUTABLE "/system/bin/vold": couldn't map "/vendor/lib64/vendor.qti.hardware.cryptfshw@1.0.so" segment 2: Permission denied
01-05 05:05:16.816   822   822 W vold    : type=1400 audit(0.0:69): avc: denied { execute } for path="/vendor/lib64/vendor.qti.hardware.cryptfshw@1.0.so" dev="mmcblk0p25" ino=3012 scontext=u:r:vold:s0 tcontext=u:object_r:vendor_file:s0 tclass=file permissive=0
01-05 05:05:16.822   822   822 F linker  : CANNOT LINK EXECUTABLE "/system/bin/vold": couldn't map "/vendor/lib64/vendor.qti.hardware.cryptfshw@1.0.so" segment 2: Permission denied
01-05 05:05:21.823   823   823 W vold    : type=1400 audit(0.0:70): avc: denied { execute } for path="/vendor/lib64/vendor.qti.hardware.cryptfshw@1.0.so" dev="mmcblk0p25" ino=3012 scontext=u:r:vold:s0 tcontext=u:object_r:vendor_file:s0 tclass=file permissive=0
01-05 05:05:21.826   823   823 F linker  : CANNOT LINK EXECUTABLE "/system/bin/vold": couldn't map "/vendor/lib64/vendor.qti.hardware.cryptfshw@1.0.so" segment 2: Permission denied
01-05 05:05:26.830   824   824 W vold    : type=1400 audit(0.0:71): avc: denied { execute } for path="/vendor/lib64/vendor.qti.hardware.cryptfshw@1.0.so" dev="mmcblk0p25" ino=3012 scontext=u:r:vold:s0 tcontext=u:object_r:vendor_file:s0 tclass=file permissive=0
01-05 05:05:26.832   824   824 F linker  : CANNOT LINK EXECUTABLE "/system/bin/vold": couldn't map "/vendor/lib64/vendor.qti.hardware.cryptfshw@1.0.so" segment 2: Permission denied
01-05 05:05:31.836   825   825 W vold    : type=1400 audit(0.0:72): avc: denied { execute } for path="/vendor/lib64/vendor.qti.hardware.cryptfshw@1.0.so" dev="mmcblk0p25" ino=3012 scontext=u:r:vold:s0 tcontext=u:object_r:vendor_file:s0 tclass=file permissive=0
01-05 05:05:31.840   825   825 F linker  : CANNOT LINK EXECUTABLE "/system/bin/vold": couldn't map "/vendor/lib64/vendor.qti.hardware.cryptfshw@1.0.so" segment 2: Permission denied
01-05 05:05:36.843   826   826 W vold    : type=1400 audit(0.0:73): avc: denied { execute } for path="/vendor/lib64/vendor.qti.hardware.cryptfshw@1.0.so" dev="mmcblk0p25" ino=3012 scontext=u:r:vold:s0 tcontext=u:object_r:vendor_file:s0 tclass=file permissive=0
01-05 05:05:36.848   826   826 F linker  : CANNOT LINK EXECUTABLE "/system/bin/vold": couldn't map "/vendor/lib64/vendor.qti.hardware.cryptfshw@1.0.so" segment 2: Permission denied
01-05 05:05:41.853   827   827 W vold    : type=1400 audit(0.0:74): avc: denied { execute } for path="/vendor/lib64/vendor.qti.hardware.cryptfshw@1.0.so" dev="mmcblk0p25" ino=3012 scontext=u:r:vold:s0 tcontext=u:object_r:vendor_file:s0 tclass=file permissive=0
01-05 05:05:41.855   827   827 F linker  : CANNOT LINK EXECUTABLE "/system/bin/vold": couldn't map "/vendor/lib64/vendor.qti.hardware.cryptfshw@1.0.so" segment 2: Permission denied
01-05 05:05:46.856   828   828 W vold    : type=1400 audit(0.0:75): avc: denied { execute } for path="/vendor/lib64/vendor.qti.hardware.cryptfshw@1.0.so" dev="mmcblk0p25" ino=3012 scontext=u:r:vold:s0 tcontext=u:object_r:vendor_file:s0 tclass=file permissive=0
01-05 05:05:46.862   828   828 F linker  : CANNOT LINK EXECUTABLE "/system/bin/vold": couldn't map "/vendor/lib64/vendor.qti.hardware.cryptfshw@1.0.so" segment 2: Permission denied
01-05 05:05:51.866   829   829 W vold    : type=1400 audit(0.0:76): avc: denied { execute } for path="/vendor/lib64/vendor.qti.hardware.cryptfshw@1.0.so" dev="mmcblk0p25" ino=3012 scontext=u:r:vold:s0 tcontext=u:object_r:vendor_file:s0 tclass=file permissive=0
01-05 05:05:51.871   829   829 F linker  : CANNOT LINK EXECUTABLE "/system/bin/vold": couldn't map "/vendor/lib64/vendor.qti.hardware.cryptfshw@1.0.so" segment 2: Permission denied
01-05 05:05:56.873   830   830 W vold    : type=1400 audit(0.0:77): avc: denied { execute } for path="/vendor/lib64/vendor.qti.hardware.cryptfshw@1.0.so" dev="mmcblk0p25" ino=3012 scontext=u:r:vold:s0 tcontext=u:object_r:vendor_file:s0 tclass=file permissive=0
01-05 05:05:56.877   830   830 F linker  : CANNOT LINK EXECUTABLE "/system/bin/vold": couldn't map "/vendor/lib64/vendor.qti.hardware.cryptfshw@1.0.so" segment 2: Permission denied
01-05 05:06:01.880   831   831 W vold    : type=1400 audit(0.0:78): avc: denied { execute } for path="/vendor/lib64/vendor.qti.hardware.cryptfshw@1.0.so" dev="mmcblk0p25" ino=3012 scontext=u:r:vold:s0 tcontext=u:object_r:vendor_file:s0 tclass=file permissive=0
01-05 05:06:01.884   831   831 F linker  : CANNOT LINK EXECUTABLE "/system/bin/vold": couldn't map "/vendor/lib64/vendor.qti.hardware.cryptfshw@1.0.so" segment 2: Permission denied
01-05 05:06:06.890   832   832 W vold    : type=1400 audit(0.0:79): avc: denied { execute } for path="/vendor/lib64/vendor.qti.hardware.cryptfshw@1.0.so" dev="mmcblk0p25" ino=3012 scontext=u:r:vold:s0 tcontext=u:object_r:vendor_file:s0 tclass=file permissive=0
01-05 05:06:06.892   832   832 F linker  : CANNOT LINK EXECUTABLE "/system/bin/vold": couldn't map "/vendor/lib64/vendor.qti.hardware.cryptfshw@1.0.so" segment 2: Permission denied
01-05 05:06:11.893   833   833 W vold    : type=1400 audit(0.0:80): avc: denied { execute } for path="/vendor/lib64/vendor.qti.hardware.cryptfshw@1.0.so" dev="mmcblk0p25" ino=3012 scontext=u:r:vold:s0 tcontext=u:object_r:vendor_file:s0 tclass=file permissive=0
01-05 05:06:11.898   833   833 F linker  : CANNOT LINK EXECUTABLE "/system/bin/vold": couldn't map "/vendor/lib64/vendor.qti.hardware.cryptfshw@1.0.so" segment 2: Permission denied
01-05 05:06:16.900   834   834 W vold    : type=1400 audit(0.0:81): avc: denied { execute } for path="/vendor/lib64/vendor.qti.hardware.cryptfshw@1.0.so" dev="mmcblk0p25" ino=3012 scontext=u:r:vold:s0 tcontext=u:object_r:vendor_file:s0 tclass=file permissive=0
01-05 05:06:16.905   834   834 F linker  : CANNOT LINK EXECUTABLE "/system/bin/vold": couldn't map "/vendor/lib64/vendor.qti.hardware.cryptfshw@1.0.so" segment 2: Permission denied
01-05 05:06:21.910   836   836 W vold    : type=1400 audit(0.0:82): avc: denied { execute } for path="/vendor/lib64/vendor.qti.hardware.cryptfshw@1.0.so" dev="mmcblk0p25" ino=3012 scontext=u:r:vold:s0 tcontext=u:object_r:vendor_file:s0 tclass=file permissive=0
01-05 05:06:21.912   836   836 F linker  : CANNOT LINK EXECUTABLE "/system/bin/vold": couldn't map "/vendor/lib64/vendor.qti.hardware.cryptfshw@1.0.so" segment 2: Permission denied
01-05 05:06:26.916   837   837 W vold    : type=1400 audit(0.0:83): avc: denied { execute } for path="/vendor/lib64/vendor.qti.hardware.cryptfshw@1.0.so" dev="mmcblk0p25" ino=3012 scontext=u:r:vold:s0 tcontext=u:object_r:vendor_file:s0 tclass=file permissive=0
01-05 05:06:26.920   837   837 F linker  : CANNOT LINK EXECUTABLE "/system/bin/vold": couldn't map "/vendor/lib64/vendor.qti.hardware.cryptfshw@1.0.so" segment 2: Permission denied
01-05 05:06:31.923   838   838 W vold    : type=1400 audit(0.0:84): avc: denied { execute } for path="/vendor/lib64/vendor.qti.hardware.cryptfshw@1.0.so" dev="mmcblk0p25" ino=3012 scontext=u:r:vold:s0 tcontext=u:object_r:vendor_file:s0 tclass=file permissive=0
01-05 05:06:31.927   838   838 F linker  : CANNOT LINK EXECUTABLE "/system/bin/vold": couldn't map "/vendor/lib64/vendor.qti.hardware.cryptfshw@1.0.so" segment 2: Permission denied
01-05 05:06:36.930   839   839 W vold    : type=1400 audit(0.0:85): avc: denied { execute } for path="/vendor/lib64/vendor.qti.hardware.cryptfshw@1.0.so" dev="mmcblk0p25" ino=3012 scontext=u:r:vold:s0 tcontext=u:object_r:vendor_file:s0 tclass=file permissive=0
01-05 05:06:36.934   839   839 F linker  : CANNOT LINK EXECUTABLE "/system/bin/vold": couldn't map "/vendor/lib64/vendor.qti.hardware.cryptfshw@1.0.so" segment 2: Permission denied
01-05 05:06:41.936   840   840 W vold    : type=1400 audit(0.0:86): avc: denied { execute } for path="/vendor/lib64/vendor.qti.hardware.cryptfshw@1.0.so" dev="mmcblk0p25" ino=3012 scontext=u:r:vold:s0 tcontext=u:object_r:vendor_file:s0 tclass=file permissive=0
01-05 05:06:41.941   840   840 F linker  : CANNOT LINK EXECUTABLE "/system/bin/vold": couldn't map "/vendor/lib64/vendor.qti.hardware.cryptfshw@1.0.so" segment 2: Permission denied
01-05 05:06:46.943   841   841 W vold    : type=1400 audit(0.0:87): avc: denied { execute } for path="/vendor/lib64/vendor.qti.hardware.cryptfshw@1.0.so" dev="mmcblk0p25" ino=3012 scontext=u:r:vold:s0 tcontext=u:object_r:vendor_file:s0 tclass=file permissive=0
01-05 05:06:46.948   841   841 F linker  : CANNOT LINK EXECUTABLE "/system/bin/vold": couldn't map "/vendor/lib64/vendor.qti.hardware.cryptfshw@1.0.so" segment 2: Permission denied
01-05 05:06:51.950   842   842 W vold    : type=1400 audit(0.0:88): avc: denied { execute } for path="/vendor/lib64/vendor.qti.hardware.cryptfshw@1.0.so" dev="mmcblk0p25" ino=3012 scontext=u:r:vold:s0 tcontext=u:object_r:vendor_file:s0 tclass=file permissive=0
01-05 05:06:51.954   842   842 F linker  : CANNOT LINK EXECUTABLE "/system/bin/vold": couldn't map "/vendor/lib64/vendor.qti.hardware.cryptfshw@1.0.so" segment 2: Permission denied
01-05 05:06:56.960   843   843 W vold    : type=1400 audit(0.0:89): avc: denied { execute } for path="/vendor/lib64/vendor.qti.hardware.cryptfshw@1.0.so" dev="mmcblk0p25" ino=3012 scontext=u:r:vold:s0 tcontext=u:object_r:vendor_file:s0 tclass=file permissive=0
01-05 05:06:56.964   843   843 F linker  : CANNOT LINK EXECUTABLE "/system/bin/vold": couldn't map "/vendor/lib64/vendor.qti.hardware.cryptfshw@1.0.so" segment 2: Permission denied
01-05 05:07:01.966   844   844 W vold    : type=1400 audit(0.0:90): avc: denied { execute } for path="/vendor/lib64/vendor.qti.hardware.cryptfshw@1.0.so" dev="mmcblk0p25" ino=3012 scontext=u:r:vold:s0 tcontext=u:object_r:vendor_file:s0 tclass=file permissive=0
01-05 05:07:01.971   844   844 F linker  : CANNOT LINK EXECUTABLE "/system/bin/vold": couldn't map "/vendor/lib64/vendor.qti.hardware.cryptfshw@1.0.so" segment 2: Permission denied
01-05 05:07:06.976   846   846 W vold    : type=1400 audit(0.0:91): avc: denied { execute } for path="/vendor/lib64/vendor.qti.hardware.cryptfshw@1.0.so" dev="mmcblk0p25" ino=3012 scontext=u:r:vold:s0 tcontext=u:object_r:vendor_file:s0 tclass=file permissive=0
01-05 05:07:06.979   846   846 F linker  : CANNOT LINK EXECUTABLE "/system/bin/vold": couldn't map "/vendor/lib64/vendor.qti.hardware.cryptfshw@1.0.so" segment 2: Permission denied
01-05 05:07:11.980   847   847 W vold    : type=1400 audit(0.0:92): avc: denied { execute } for path="/vendor/lib64/vendor.qti.hardware.cryptfshw@1.0.so" dev="mmcblk0p25" ino=3012 scontext=u:r:vold:s0 tcontext=u:object_r:vendor_file:s0 tclass=file permissive=0
01-05 05:07:11.984   847   847 F linker  : CANNOT LINK EXECUTABLE "/system/bin/vold": couldn't map "/vendor/lib64/vendor.qti.hardware.cryptfshw@1.0.so" segment 2: Permission denied
01-05 05:07:16.990   849   849 W vold    : type=1400 audit(0.0:93): avc: denied { execute } for path="/vendor/lib64/vendor.qti.hardware.cryptfshw@1.0.so" dev="mmcblk0p25" ino=3012 scontext=u:r:vold:s0 tcontext=u:object_r:vendor_file:s0 tclass=file permissive=0
01-05 05:07:16.992   849   849 F linker  : CANNOT LINK EXECUTABLE "/system/bin/vold": couldn't map "/vendor/lib64/vendor.qti.hardware.cryptfshw@1.0.so" segment 2: Permission denied
01-05 05:07:21.996   850   850 W vold    : type=1400 audit(0.0:94): avc: denied { execute } for path="/vendor/lib64/vendor.qti.hardware.cryptfshw@1.0.so" dev="mmcblk0p25" ino=3012 scontext=u:r:vold:s0 tcontext=u:object_r:vendor_file:s0 tclass=file permissive=0
01-05 05:07:22.000   850   850 F linker  : CANNOT LINK EXECUTABLE "/system/bin/vold": couldn't map "/vendor/lib64/vendor.qti.hardware.cryptfshw@1.0.so" segment 2: Permission denied
