01-05 04:59:35.727   508   585 D msm8916_platform: platform_set_snd_device_backend: hw_interface_table[102] = TERT_MI2S_TX
01-05 04:59:35.727   508   585 D msm8916_platform: platform_set_snd_device_backend: backend_tag_table[voice-rec-mic]: old = null new = (null)
01-05 04:59:35.727   508   585 D msm8916_platform: platform_set_snd_device_backend: hw_interface_table[103] = TERT_MI2S_TX
01-05 04:59:35.727   508   585 D msm8916_platform: platform_set_snd_device_backend: backend_tag_table[voice-rec-dmic-ef]: old = null new = (null)
01-05 04:59:35.727   508   585 D msm8916_platform: platform_set_snd_device_backend: hw_interface_table[104] = TERT_MI2S_TX
01-05 04:59:35.727   508   585 D msm8916_platform: platform_set_snd_device_backend: backend_tag_table[voice-rec-dmic-ef-fluence]: old = null new = (null)
01-05 04:59:35.727   508   585 D msm8916_platform: platform_set_snd_device_backend: hw_interface_table[105] = TERT_MI2S_TX
01-05 04:59:35.727   508   585 D msm8916_platform: platform_set_snd_device_backend: backend_tag_table[aanc-handset-mic]: old = null new = (null)
01-05 04:59:35.727   508   585 D msm8916_platform: platform_set_snd_device_backend: hw_interface_table[113] = TERT_MI2S_TX
01-05 04:59:35.727   508   585 D msm8916_platform: platform_set_snd_device_backend: backend_tag_table[quad-mic]: old = null new = (null)
01-05 04:59:35.727   508   585 D msm8916_platform: platform_set_snd_device_backend: hw_interface_table[114] = TERT_MI2S_TX
01-05 04:59:35.727   508   585 D msm8916_platform: platform_set_snd_device_backend: backend_tag_table[handset-stereo-dmic-ef]: old = null new = (null)
01-05 04:59:35.727   508   585 D msm8916_platform: platform_set_snd_device_backend: hw_interface_table[115] = TERT_MI2S_TX
01-05 04:59:35.727   508   585 D msm8916_platform: platform_set_snd_device_backend: backend_tag_table[speaker-stereo-dmic-ef]: old = null new = (null)
01-05 04:59:35.727   508   585 D msm8916_platform: platform_set_snd_device_backend: hw_interface_table[116] = TERT_MI2S_TX
01-05 04:59:35.727   508   585 D msm8916_platform: platform_set_snd_device_backend: backend_tag_table[vi-feedback]: old = null new = (null)
01-05 04:59:35.727   508   585 D msm8916_platform: platform_set_snd_device_backend: hw_interface_table[117] = SENARY_MI2S_TX
01-05 04:59:35.727   508   585 D msm8916_platform: platform_set_snd_device_backend: backend_tag_table[vi-feedback-mono-1]: old = null new = (null)
01-05 04:59:35.727   508   585 D msm8916_platform: platform_set_snd_device_backend: hw_interface_table[118] = SENARY_MI2S_TX
01-05 04:59:35.727   508   585 D msm8916_platform: platform_set_snd_device_backend: backend_tag_table[vi-feedback-mono-2]: old = null new = (null)
01-05 04:59:35.727   508   585 D msm8916_platform: platform_set_snd_device_backend: hw_interface_table[119] = SENARY_MI2S_TX
01-05 04:59:35.727   508   585 D msm8916_platform: platform_set_snd_device_backend: backend_tag_table[voice-speaker-dmic-broadside]: old = null new = (null)
01-05 04:59:35.727   508   585 D msm8916_platform: platform_set_snd_device_backend: hw_interface_table[120] = TERT_MI2S_TX
01-05 04:59:35.727   508   585 D msm8916_platform: platform_set_snd_device_backend: backend_tag_table[speaker-dmic-broadside]: old = null new = (null)
01-05 04:59:35.727   508   585 D msm8916_platform: platform_set_snd_device_backend: hw_interface_table[121] = TERT_MI2S_TX
01-05 04:59:35.728   508   585 D msm8916_platform: platform_set_snd_device_backend: backend_tag_table[speaker-dmic-broadside]: old = null new = (null)
01-05 04:59:35.728   508   585 D msm8916_platform: platform_set_snd_device_backend: hw_interface_table[122] = TERT_MI2S_TX
01-05 04:59:35.728   508   585 D msm8916_platform: platform_set_snd_device_backend: backend_tag_table[speaker-dmic-broadside]: old = null new = (null)
01-05 04:59:35.728   508   585 D msm8916_platform: platform_set_snd_device_backend: hw_interface_table[123] = TERT_MI2S_TX
01-05 04:59:35.728   508   585 D msm8916_platform: platform_set_snd_device_backend: backend_tag_table[speaker-dmic-broadside]: old = null new = (null)
01-05 04:59:35.728   508   585 D msm8916_platform: platform_set_snd_device_backend: hw_interface_table[124] = TERT_MI2S_TX
01-05 04:59:35.728   508   585 D msm8916_platform: platform_set_snd_device_backend: backend_tag_table[aanc-fluence-dmic-handset]: old = null new = (null)
01-05 04:59:35.728   508   585 D msm8916_platform: platform_set_snd_device_backend: hw_interface_table[125] = TERT_MI2S_TX
01-05 04:59:35.728   508   585 D msm8916_platform: platform_set_snd_device_backend: backend_tag_table[quad-mic]: old = null new = (null)
01-05 04:59:35.728   508   585 D msm8916_platform: platform_set_snd_device_backend: hw_interface_table[126] = TERT_MI2S_TX
01-05 04:59:35.728   508   585 D msm8916_platform: platform_set_snd_device_backend: backend_tag_table[quad-mic]: old = null new = (null)
01-05 04:59:35.728   508   585 D msm8916_platform: platform_set_snd_device_backend: hw_interface_table[127] = TERT_MI2S_TX
01-05 04:59:35.728   508   585 D msm8916_platform: platform_set_snd_device_backend: backend_tag_table[quad-mic]: old = null new = (null)
01-05 04:59:35.728   508   585 D msm8916_platform: platform_set_snd_device_backend: hw_interface_table[128] = TERT_MI2S_TX
01-05 04:59:35.728   508   585 D msm8916_platform: platform_set_snd_device_backend: backend_tag_table[quad-mic]: old = null new = (null)
01-05 04:59:35.728   508   585 D msm8916_platform: platform_set_snd_device_backend: hw_interface_table[129] = TERT_MI2S_TX
01-05 04:59:35.728   508   585 D msm8916_platform: platform_set_snd_device_backend: backend_tag_table[three-mic]: old = null new = (null)
01-05 04:59:35.728   508   585 D msm8916_platform: platform_set_snd_device_backend: hw_interface_table[130] = TERT_MI2S_TX
01-05 04:59:35.728   508   585 D msm8916_platform: platform_set_snd_device_backend: backend_tag_table[three-mic]: old = null new = (null)
01-05 04:59:35.728   508   585 D msm8916_platform: platform_set_snd_device_backend: hw_interface_table[132] = TERT_MI2S_TX
01-05 04:59:35.728   508   585 D msm8916_platform: platform_set_snd_device_backend: backend_tag_table[three-mic]: old = null new = (null)
01-05 04:59:35.728   508   585 D msm8916_platform: platform_set_snd_device_backend: hw_interface_table[136] = TERT_MI2S_TX
01-05 04:59:35.728   508   585 D msm8916_platform: platform_set_snd_device_backend: backend_tag_table[unprocessed-mic]: old = null new = (null)
01-05 04:59:35.728   508   585 D msm8916_platform: platform_set_snd_device_backend: hw_interface_table[137] = TERT_MI2S_TX
01-05 04:59:35.728   508   585 D msm8916_platform: platform_set_snd_device_backend: backend_tag_table[voice-rec-dmic-ef]: old = null new = (null)
01-05 04:59:35.728   508   585 D msm8916_platform: platform_set_snd_device_backend: hw_interface_table[138] = TERT_MI2S_TX
01-05 04:59:35.728   508   585 D msm8916_platform: platform_set_snd_device_backend: backend_tag_table[three-mic]: old = null new = (null)
01-05 04:59:35.728   508   585 D msm8916_platform: platform_set_snd_device_backend: hw_interface_table[139] = TERT_MI2S_TX
01-05 04:59:35.728   508   585 D msm8916_platform: platform_set_snd_device_backend: backend_tag_table[quad-mic]: old = null new = (null)
01-05 04:59:35.728   508   585 D msm8916_platform: platform_set_snd_device_backend: hw_interface_table[140] = TERT_MI2S_TX
01-05 04:59:35.728   508   585 D msm8916_platform: platform_set_snd_device_backend: backend_tag_table[headset-mic]: old = null new = (null)
01-05 04:59:35.728   508   585 D msm8916_platform: platform_set_snd_device_backend: hw_interface_table[141] = TERT_MI2S_TX
01-05 04:59:35.728   508   585 D msm8916_platform: platform_set_snd_device_backend: backend_tag_table[voice-speaker-and-voice-headphones]: old = speaker-and-headphones new = (null)
01-05 04:59:35.728   508   585 D msm8916_platform: platform_set_snd_device_backend: hw_interface_table[64] = PRI_MI2S_RX
01-05 04:59:35.728   508   585 D msm8916_platform: platform_set_snd_device_backend: backend_tag_table[voice-speaker-and-voice-anc-headphones]: old = speaker-and-headphones new = (null)
01-05 04:59:35.728   508   585 D msm8916_platform: platform_set_snd_device_backend: hw_interface_table[65] = PRI_MI2S_RX
01-05 04:59:35.728   508   585 D msm8916_platform: platform_set_snd_device_backend: backend_tag_table[speaker-and-bt-sco]: old = null new = speaker-and-bt-sco
01-05 04:59:35.728   508   585 D msm8916_platform: platform_set_snd_device_backend: hw_interface_table[34] = PRI_MI2S_RX-and-INT_BT_SCO_RX
01-05 04:59:35.728   508   585 D msm8916_platform: platform_set_snd_device_backend: backend_tag_table[speaker-and-bt-sco-wb]: old = null new = speaker-and-bt-sco-wb
01-05 04:59:35.728   508   585 D msm8916_platform: platform_set_snd_device_backend: hw_interface_table[35] = PRI_MI2S_RX-and-INT_BT_SCO_RX
01-05 04:59:35.728   508   585 D msm8916_platform: platform_set_snd_device_backend: backend_tag_table[wsa-speaker-and-bt-sco]: old = null new = wsa-speaker-and-bt-sco
01-05 04:59:35.729   508   585 D msm8916_platform: platform_set_snd_device_backend: hw_interface_table[36] = PRI_MI2S_RX-and-INT_BT_SCO_RX
01-05 04:59:35.729   508   585 D msm8916_platform: platform_set_snd_device_backend: backend_tag_table[wsa-speaker-and-bt-sco-wb]: old = null new = wsa-speaker-and-bt-sco-wb
01-05 04:59:35.729   508   585 D msm8916_platform: platform_set_snd_device_backend: hw_interface_table[37] = PRI_MI2S_RX-and-INT_BT_SCO_RX
01-05 04:59:35.733   508   585 E msm8916_platform: platform_init: dlsym error undefined symbol: acdb_loader_init_v4 for acdb_loader_init_v4
01-05 04:59:35.734   508   585 E platform_info: param tag only supported with CONFIG_PARAMS section
01-05 04:59:35.734   508   585 E platform_info: param tag only supported with CONFIG_PARAMS section
01-05 04:59:35.736   508   585 E audio_hw_acdb: acdb_init_v2: dlsym error undefined symbol: acdb_loader_init_v4 for acdb_loader_init_v4
01-05 04:59:35.737   508   585 D ACDB-LOADER: ACDB -> already initialized, exit
01-05 04:59:35.737   508   585 D audio_hw_acdb: acdb_init_v2: ACDB Instance ID support after ACDB init:0
01-05 04:59:35.737   508   585 D msm8916_platform: ACDB initialized
01-05 04:59:35.737   508   585 D msm8916_platform: hw_util_open Opening device /dev/snd/hwC0D1000
01-05 04:59:35.737   508   585 D msm8916_platform: hw_util_open success
01-05 04:59:35.737   508   585 D ACDB-LOADER: ACDB -> ACDB_CMD_GET_ANC_SETTING
01-05 04:59:35.737   508   585 D         : Failed to fetch the lookup information of the device 0000001A 
01-05 04:59:35.737   508   585 E ACDB-LOADER: Error: ACDB ANC returned = -19
01-05 04:59:35.737   508   585 D ACDB-LOADER: ACDB -> ACDB_CMD_GET_ANC_SETTING
01-05 04:59:35.737   508   585 D         : Failed to fetch the lookup information of the device 0000001A 
01-05 04:59:35.737   508   585 E ACDB-LOADER: Error: ACDB ANC returned = -19
01-05 04:59:35.737   508   585 D ACDB-LOADER: ACDB -> ACDB_CMD_GET_ANC_SETTING
01-05 04:59:35.737   508   585 D         : Failed to fetch the lookup information of the device 0000001A 
01-05 04:59:35.737   508   585 E ACDB-LOADER: Error: ACDB ANC returned = -19
01-05 04:59:35.737   508   585 D ACDB-LOADER: ACDB -> ACDB_CMD_GET_ANC_SETTING
01-05 04:59:35.737   508   585 D         : Failed to fetch the lookup information of the device 0000001B 
01-05 04:59:35.737   508   585 E ACDB-LOADER: Error: ACDB ANC returned = -19
01-05 04:59:35.737   508   585 D ACDB-LOADER: ACDB -> ACDB_CMD_GET_ANC_SETTING
01-05 04:59:35.737   508   585 D         : Failed to fetch the lookup information of the device 0000001B 
01-05 04:59:35.737   508   585 E ACDB-LOADER: Error: ACDB ANC returned = -19
01-05 04:59:35.737   508   585 D ACDB-LOADER: ACDB -> ACDB_CMD_GET_ANC_SETTING
01-05 04:59:35.737   508   585 D         : Failed to fetch the lookup information of the device 0000001B 
01-05 04:59:35.737   508   585 E ACDB-LOADER: Error: ACDB ANC returned = -19
01-05 04:59:35.737   508   585 D ACDB-LOADER: ACDB -> ACDB_CMD_GET_ANC_SETTING
01-05 04:59:35.737   508   585 D         : Failed to fetch the lookup information of the device 0000001C 
01-05 04:59:35.737   508   585 E ACDB-LOADER: Error: ACDB ANC returned = -19
01-05 04:59:35.737   508   585 D ACDB-LOADER: ACDB -> ACDB_CMD_GET_ANC_SETTING
01-05 04:59:35.737   508   585 D         : Failed to fetch the lookup information of the device 0000001C 
01-05 04:59:35.737   508   585 E ACDB-LOADER: Error: ACDB ANC returned = -19
01-05 04:59:35.737   508   585 D ACDB-LOADER: ACDB -> ACDB_CMD_GET_ANC_SETTING
01-05 04:59:35.737   508   585 D         : Failed to fetch the lookup information of the device 0000001C 
01-05 04:59:35.737   508   585 E ACDB-LOADER: Error: ACDB ANC returned = -19
01-05 04:59:35.737   508   585 D ACDB-LOADER: ACDB -> ACDB_CMD_GET_ANC_SETTING
01-05 04:59:35.737   508   585 D         : Failed to fetch the lookup information of the device 0000001D 
01-05 04:59:35.737   508   585 E ACDB-LOADER: Error: ACDB ANC returned = -19
01-05 04:59:35.737   508   585 D ACDB-LOADER: ACDB -> ACDB_CMD_GET_ANC_SETTING
01-05 04:59:35.737   508   585 D         : Failed to fetch the lookup information of the device 0000001D 
01-05 04:59:35.737   508   585 E ACDB-LOADER: Error: ACDB ANC returned = -19
01-05 04:59:35.737   508   585 D ACDB-LOADER: ACDB -> ACDB_CMD_GET_ANC_SETTING
01-05 04:59:35.737   508   585 D         : Failed to fetch the lookup information of the device 0000001D 
01-05 04:59:35.737   508   585 E ACDB-LOADER: Error: ACDB ANC returned = -19
01-05 04:59:35.737   508   585 D ACDB-LOADER: ACDB -> ACDB_CMD_GET_ANC_SETTING
01-05 04:59:35.737   508   585 D         : Failed to fetch the lookup information of the device 0000001E 
01-05 04:59:35.738   508   585 E ACDB-LOADER: Error: ACDB ANC returned = -19
01-05 04:59:35.738   508   585 D ACDB-LOADER: ACDB -> ACDB_CMD_GET_ANC_SETTING
01-05 04:59:35.738   508   585 D         : Failed to fetch the lookup information of the device 0000001E 
01-05 04:59:35.738   508   585 E ACDB-LOADER: Error: ACDB ANC returned = -19
01-05 04:59:35.738   508   585 D ACDB-LOADER: ACDB -> ACDB_CMD_GET_ANC_SETTING
01-05 04:59:35.738   508   585 D         : Failed to fetch the lookup information of the device 0000001E 
01-05 04:59:35.738   508   585 E ACDB-LOADER: Error: ACDB ANC returned = -19
01-05 04:59:35.738   508   585 D ACDB-LOADER: ACDB -> ACDB_CMD_GET_ANC_SETTING
01-05 04:59:35.738   508   585 D         : Failed to fetch the lookup information of the device 0000001F 
01-05 04:59:35.738   508   585 E ACDB-LOADER: Error: ACDB ANC returned = -19
01-05 04:59:35.738   508   585 D ACDB-LOADER: ACDB -> ACDB_CMD_GET_ANC_SETTING
01-05 04:59:35.738   508   585 D         : Failed to fetch the lookup information of the device 0000001F 
01-05 04:59:35.738   508   585 E ACDB-LOADER: Error: ACDB ANC returned = -19
01-05 04:59:35.738   508   585 D ACDB-LOADER: ACDB -> ACDB_CMD_GET_ANC_SETTING
01-05 04:59:35.738   508   585 D         : Failed to fetch the lookup information of the device 0000001F 
01-05 04:59:35.738   508   585 E ACDB-LOADER: Error: ACDB ANC returned = -19
01-05 04:59:35.738   508   585 D ACDB-LOADER: ACDB -> ACDB_CMD_GET_ANC_SETTING
01-05 04:59:35.738   508   585 D         : Failed to fetch the lookup information of the device 00000067 
01-05 04:59:35.738   508   585 E ACDB-LOADER: Error: ACDB ANC returned = -19
01-05 04:59:35.738   508   585 D ACDB-LOADER: ACDB -> ACDB_CMD_GET_ANC_SETTING
01-05 04:59:35.738   508   585 D         : Failed to fetch the lookup information of the device 00000067 
01-05 04:59:35.738   508   585 E ACDB-LOADER: Error: ACDB ANC returned = -19
01-05 04:59:35.738   508   585 D ACDB-LOADER: ACDB -> ACDB_CMD_GET_ANC_SETTING
01-05 04:59:35.738   508   585 D         : Failed to fetch the lookup information of the device 00000067 
01-05 04:59:35.738   508   585 E ACDB-LOADER: Error: ACDB ANC returned = -19
01-05 04:59:35.738   508   585 D ACDB-LOADER: ACDB -> ACDB_CMD_GET_ANC_SETTING
01-05 04:59:35.738   508   585 D         : Failed to fetch the lookup information of the device 00000056 
01-05 04:59:35.738   508   585 E ACDB-LOADER: Error: ACDB ANC returned = -19
01-05 04:59:35.738   508   585 D ACDB-LOADER: ACDB -> ACDB_CMD_GET_ANC_SETTING
01-05 04:59:35.738   508   585 D         : Failed to fetch the lookup information of the device 00000056 
01-05 04:59:35.738   508   585 E ACDB-LOADER: Error: ACDB ANC returned = -19
01-05 04:59:35.738   508   585 D ACDB-LOADER: ACDB -> ACDB_CMD_GET_ANC_SETTING
01-05 04:59:35.738   508   585 D         : Failed to fetch the lookup information of the device 00000056 
01-05 04:59:35.738   508   585 E ACDB-LOADER: Error: ACDB ANC returned = -19
01-05 04:59:35.738   508   585 D ACDB-LOADER: ACDB -> ACDB_CMD_GET_ANC_SETTING
01-05 04:59:35.738   508   585 D         : Failed to fetch the lookup information of the device 00000059 
01-05 04:59:35.738   508   585 E ACDB-LOADER: Error: ACDB ANC returned = -19
01-05 04:59:35.738   508   585 D ACDB-LOADER: ACDB -> ACDB_CMD_GET_ANC_SETTING
01-05 04:59:35.738   508   585 D         : Failed to fetch the lookup information of the device 00000059 
01-05 04:59:35.738   508   585 E ACDB-LOADER: Error: ACDB ANC returned = -19
01-05 04:59:35.738   508   585 D ACDB-LOADER: ACDB -> ACDB_CMD_GET_ANC_SETTING
01-05 04:59:35.738   508   585 D         : Failed to fetch the lookup information of the device 00000059 
01-05 04:59:35.738   508   585 E ACDB-LOADER: Error: ACDB ANC returned = -19
01-05 04:59:35.738   508   585 E msm8916_platform: Failed to call ioctl  for anc_cal err=14 calib.size=16
01-05 04:59:35.738   508   585 D msm8916_platform: send_codec_cal cal sent for anc_cal calib.size=16
01-05 04:59:35.738   508   585 D ACDB-LOADER: send mbhc data
01-05 04:59:35.738   508   585 D ACDB-LOADER: ACDB -> MBHC ACDB_PID_GENERAL_CONFIG
01-05 04:59:35.738   508   585 D ACDB-LOADER: ACDB -> MBHC ACDB_PID_PLUG_REMOVAL_DETECTION
01-05 04:59:35.738   508   585 D ACDB-LOADER: ACDB -> MBHC ACDB_PID_PLUG_TYPE_DETECTION
01-05 04:59:35.738   508   585 D ACDB-LOADER: ACDB -> MBHC ACDB_PID_BUTTON_PRESS_DETECTION
01-05 04:59:35.738   508   585 D ACDB-LOADER: ACDB -> MBHC ACDB_PID_IMPEDANCE_DETECTION
01-05 04:59:35.738   508   585 D msm8916_platform: send_codec_cal cal sent for mbhc_cal calib.size=154
01-05 04:59:35.738   508   585 D ACDB-LOADER: send vbat data
01-05 04:59:35.738   508   585 D ACDB-LOADER: ACDB -> VBAT ACDB_PID_ADC_CAL
01-05 04:59:35.738   508   585 D ACDB-LOADER: ACDB -> VBAT ACDB_PID_GAIN_PROC
01-05 04:59:35.738   508   585 D ACDB-LOADER: send vbat data, calling convert_vbat_data
01-05 04:59:35.738   508   585 D ACDB-LOADER: copied vbat cal size =72
01-05 04:59:35.738   508   585 E msm8916_platform: Failed to call ioctl  for vbat_cal err=14 calib.size=72
01-05 04:59:35.738   508   585 D msm8916_platform: send_codec_cal cal sent for vbat_cal calib.size=72
01-05 04:59:35.738   508   585 E msm8916_platform: Failed to call ioctl  for  err=14 calib.size=72
01-05 04:59:35.738   508   585 D msm8916_platform: send_codec_cal cal sent for  calib.size=72
01-05 04:59:35.738   508   585 E msm8916_platform: Failed to call ioctl  for  err=14 calib.size=72
01-05 04:59:35.738   508   585 D msm8916_platform: send_codec_cal cal sent for  calib.size=72
01-05 04:59:35.739   508   585 E msm8916_platform: init_be_dai_name_table: Could not get ctl for mixer name Backend DAI Name Table
01-05 04:59:35.739   508   585 D msm8916_platform: platform_init: Fluence_Type(1) max_mic_count(2) mic_type(0x3) fluence_in_voice_call(1) fluence_in_voice_rec(1) fluence_in_spkr_mode(1) fluence_in_hfp_call(0) 
01-05 04:59:35.742   508   585 D msm8916_platform: platform_get_mixer_control: mixer ctl not obtained
01-05 04:59:35.744   508   585 I chatty  : uid=1041(audioserver) HwBinder:508_2 identical 16 lines
01-05 04:59:35.744   508   585 D msm8916_platform: platform_get_mixer_control: mixer ctl not obtained
01-05 04:59:35.748   508   585 D audio_hw_utils: audio_extn_utils_update_streams_cfg_lists: failed to open io config file(/vendor/etc/audio_io_policy.conf), trying older config file
01-05 04:59:35.749   508   585 I audio_hw_utils: load_cfg_list: could not load input, node is NULL
01-05 04:59:35.753   508   585 E audio_hw_extn: audio_extn_perf_lock_init: Perf lock handles Success 
01-05 04:59:35.753   508   585 I soundtrigger: audio_extn_sound_trigger_init: Enter
01-05 04:59:35.753   508   585 I soundtrigger: audio_extn_sound_trigger_init: DLOPEN successful for /vendor/lib/hw/sound_trigger.primary.msm8937.so
01-05 04:59:35.753   508   585 D soundtrigger: audio_extn_sound_trigger_init: sthal is using proprietary API version 0x0101
01-05 04:59:35.753   508   585 D sound_trigger_hw: handle_battery_status_change: battery status changed to 0
01-05 04:59:35.753   508   585 E audio_hw_primary: adev_open: ERROR. Could not get ctl for mixer cmd - AudStr 0 ChMixer Weight Ch 1
01-05 04:59:35.754   508   508 W DeviceHAL: Error from HAL Device in function get_master_volume: Function not implemented
01-05 04:59:35.754   508   508 W DeviceHAL: Error from HAL Device in function get_master_mute: Function not implemented
01-05 04:59:35.754   508   508 W DeviceHAL: Error from HAL Device in function set_master_volume: Function not implemented
01-05 04:59:35.755   508   508 W DeviceHAL: Error from HAL Device in function set_master_mute: Function not implemented
01-05 04:59:35.755   539   539 I AudioFlinger: loadHwModule() Loaded primary audio interface, handle 10
01-05 04:59:35.755   539   539 I AudioFlinger: openOutput() this 0x757e278c00, module 10 Device 0x2, SamplingRate 48000, Format 0x000001, Channels 0x3, flags 0x6
01-05 04:59:35.755   508   508 D audio_hw_primary: adev_open_output_stream: enter: format(0x1) sample_rate(48000) channel_mask(0x3) devices(0x2) flags(0x6)        stream_handle(0xe526b800)
01-05 04:59:35.755   508   508 I audio_hw_primary: adev_open_output_stream: dynamic qos voting not enabled for platform
01-05 04:59:35.755   508   508 D audio_hw_primary: adev_open_output_stream: Stream (0xe526b800) picks up usecase (low-latency-playback)
01-05 04:59:35.756   539   539 I AudioFlinger: HAL output buffer size 192 frames, normal sink buffer size 960 frames
01-05 04:59:35.756   508   508 D compress_voip: voice_extn_compress_voip_out_get_parameters: enter
01-05 04:59:35.761   508   508 E EffectsFactoryConfigLoader: Could not find library in effect directories: libicepower.so
01-05 04:59:35.797   508   508 E EffectsFactoryConfigLoader: Could not find library icepower to load effect icepower_algo
01-05 04:59:35.797   508   508 E EffectsFactoryConfigLoader: 2 errors during loading of configuration: /vendor/etc/audio_effects.xml
01-05 04:59:35.797   508   508 E EffectsFactory: Effect config is partially invalid, skipped 2 elements
01-05 04:59:35.798   539   539 I BufferProvider: found effect "Multichannel Downmix To Stereo" from The Android Open Source Project
01-05 04:59:35.799   539   662 I AudioFlinger: AudioFlinger's thread 0x757e30cd00 tid=662 ready to run
01-05 04:59:35.799   539   662 W AudioFlinger: no wake lock to update, system not ready yet
01-05 04:59:35.799   539   539 I AudioFlinger: Using module 10 as the primary audio interface
01-05 04:59:35.799   508   585 D audio_hw_primary: out_standby: enter: stream (0xe526b800) usecase(1: low-latency-playback)
01-05 04:59:35.799   508   585 D audio_hw_primary: out_standby: exit
01-05 04:59:35.802   539   662 W AudioFlinger: no wake lock to update, system not ready yet
01-05 04:59:35.803   539   539 V APM_AudioPolicyManager: checkAndSetVolume cannot set volume group 3 volume with force use = 0 for comm
01-05 04:59:35.807   539   539 W AudioFlinger: moveEffects() bad srcOutput 0
01-05 04:59:35.807   539   539 V APM_AudioPolicyManager: selectOutputForMusicEffects selected output 13
01-05 04:59:35.807   539   539 V APM_AudioPolicyManager: setOutputDevices device {type:0x2,@:} delayMs 0
01-05 04:59:35.807   539   539 V APM_AudioPolicyManager: setOutputDevices() prevDevice {type:0x2,@:}
01-05 04:59:35.808   539   539 V APM_AudioPolicyManager: setOutputDevices changing device to {type:0x2,@:}
01-05 04:59:35.833   508   585 D audio_hw_primary: out_set_parameters: enter: usecase(1: low-latency-playback) kvpairs: routing=2
01-05 04:59:35.833   508   585 D audio_hw_extn: audio_extn_set_anc_parameters: anc_enabled:0
01-05 04:59:35.833   539   539 V APM_AudioPolicyManager: setOutputDevices() AF::createAudioPatch returned 0 patchHandle 12 num_sources 1 num_sinks 1
01-05 04:59:35.835   539   539 V APM_AudioPolicyManager: checkAndSetVolume cannot set volume group 3 volume with force use = 0 for comm
01-05 04:59:35.837   539   539 I AudioFlinger: openOutput() this 0x757e278c00, module 10 Device 0x2, SamplingRate 48000, Format 0x000003, Channels 0x3, flags 0x8
01-05 04:59:35.837   508   585 D audio_hw_primary: adev_open_output_stream: enter: format(0x3) sample_rate(48000) channel_mask(0x3) devices(0x2) flags(0x8)        stream_handle(0xe4f80000)
01-05 04:59:35.837   508   585 D audio_hw_primary: Convert buffer allocated of size 11520
01-05 04:59:35.837   508   585 I audio_hw_utils: audio_extn_utils_update_stream_output_app_type_cfg Allowing 24-bit playback on speaker ONLY at default sampling rate
01-05 04:59:35.837   508   585 D audio_hw_primary: adev_open_output_stream: Stream (0xe4f80000) picks up usecase (deep-buffer-playback)
01-05 04:59:35.838   539   539 I AudioFlinger: HAL output buffer size 1920 frames, normal sink buffer size 1920 frames
01-05 04:59:35.839   508   585 D compress_voip: voice_extn_compress_voip_out_get_parameters: enter
01-05 04:59:35.839   539   665 I AudioFlinger: AudioFlinger's thread 0x757e3cfb00 tid=665 ready to run
01-05 04:59:35.839   539   665 W AudioFlinger: no wake lock to update, system not ready yet
01-05 04:59:35.840   508   585 D audio_hw_primary: out_standby: enter: stream (0xe4f80000) usecase(0: deep-buffer-playback)
01-05 04:59:35.840   508   585 D audio_hw_primary: out_standby: exit
01-05 04:59:35.840   539   665 W AudioFlinger: no wake lock to update, system not ready yet
01-05 04:59:35.840   539   539 V APM_AudioPolicyManager: checkAndSetVolume cannot set volume group 3 volume with force use = 0 for comm
01-05 04:59:35.844   539   539 V APM_AudioPolicyManager: selectOutputForMusicEffects selected output 13
01-05 04:59:35.844   539   539 V APM_AudioPolicyManager: setOutputDevices device {type:0x2,@:} delayMs 0
01-05 04:59:35.844   539   539 V APM_AudioPolicyManager: setOutputDevices() prevDevice {type:0x2,@:}
01-05 04:59:35.845   539   539 V APM_AudioPolicyManager: setOutputDevices changing device to {type:0x2,@:}
01-05 04:59:35.885   508   585 D audio_hw_primary: out_set_parameters: enter: usecase(0: deep-buffer-playback) kvpairs: routing=2
01-05 04:59:35.886   539   539 V APM_AudioPolicyManager: setOutputDevices() AF::createAudioPatch returned 0 patchHandle 20 num_sources 1 num_sinks 1
01-05 04:59:35.887   539   539 V APM_AudioPolicyManager: checkAndSetVolume cannot set volume group 3 volume with force use = 0 for comm
01-05 04:59:35.889   539   539 I AudioFlinger: openOutput() this 0x757e278c00, module 10 Device 0x2, SamplingRate 48000, Format 0x000001, Channels 0x3, flags 0x104
01-05 04:59:35.889   508   585 D audio_hw_primary: adev_open_output_stream: enter: format(0x1) sample_rate(48000) channel_mask(0x3) devices(0x2) flags(0x104)        stream_handle(0xe4f82800)
01-05 04:59:35.891   508   585 D audio_hw_primary: adev_open_output_stream: Stream (0xe4f82800) picks up usecase (audio-ull-playback)
01-05 04:59:35.892   539   539 I AudioFlinger: HAL output buffer size 192 frames, normal sink buffer size 960 frames
01-05 04:59:35.892   508   585 D compress_voip: voice_extn_compress_voip_out_get_parameters: enter
01-05 04:59:35.893   539   668 I AudioFlinger: AudioFlinger's thread 0x757419d700 tid=668 ready to run
01-05 04:59:35.893   539   668 W AudioFlinger: no wake lock to update, system not ready yet
01-05 04:59:35.893   508   585 D audio_hw_primary: out_standby: enter: stream (0xe4f82800) usecase(12: audio-ull-playback)
01-05 04:59:35.893   508   585 D audio_hw_primary: out_standby: exit
01-05 04:59:35.893   539   668 W AudioFlinger: no wake lock to update, system not ready yet
01-05 04:59:35.894   539   539 V APM_AudioPolicyManager: checkAndSetVolume cannot set volume group 3 volume with force use = 0 for comm
01-05 04:59:35.897   539   539 V APM_AudioPolicyManager: selectOutputForMusicEffects selected output 13
01-05 04:59:35.897   539   539 V APM_AudioPolicyManager: setOutputDevices device {type:0x2,@:} delayMs 0
01-05 04:59:35.897   539   539 V APM_AudioPolicyManager: setOutputDevices() prevDevice {type:0x2,@:}
01-05 04:59:35.898   539   539 V APM_AudioPolicyManager: setOutputDevices changing device to {type:0x2,@:}
01-05 04:59:35.922   508   585 D audio_hw_primary: out_set_parameters: enter: usecase(12: audio-ull-playback) kvpairs: routing=2
01-05 04:59:35.923   539   539 V APM_AudioPolicyManager: setOutputDevices() AF::createAudioPatch returned 0 patchHandle 28 num_sources 1 num_sinks 1
01-05 04:59:35.924   539   539 V APM_AudioPolicyManager: checkAndSetVolume cannot set volume group 3 volume with force use = 0 for comm
01-05 04:59:35.926   539   539 I AudioFlinger: openOutput() this 0x757e278c00, module 10 Device 0x10000, SamplingRate 48000, Format 0x000001, Channels 0x3, flags 0
01-05 04:59:35.926   508   585 D audio_hw_primary: adev_open_output_stream: enter: format(0x1) sample_rate(48000) channel_mask(0x3) devices(0x10000) flags(0)        stream_handle(0xe4f94000)
01-05 04:59:35.926   508   585 D audio_hw_primary: adev_open_output_stream: Stream (0xe4f94000) picks up usecase (afe-proxy-playback)
01-05 04:59:35.927   539   539 I AudioFlinger: HAL output buffer size 768 frames, normal sink buffer size 1152 frames
01-05 04:59:35.927   508   585 D compress_voip: voice_extn_compress_voip_out_get_parameters: enter
01-05 04:59:35.928   539   670 I AudioFlinger: AudioFlinger's thread 0x757424c4c0 tid=670 ready to run
01-05 04:59:35.928   539   670 W AudioFlinger: no wake lock to update, system not ready yet
01-05 04:59:35.928   508   585 D audio_hw_primary: out_standby: enter: stream (0xe4f94000) usecase(49: afe-proxy-playback)
01-05 04:59:35.929   508   585 D audio_hw_primary: out_standby: exit
01-05 04:59:35.929   539   670 W AudioFlinger: no wake lock to update, system not ready yet
01-05 04:59:35.929   539   539 V APM_AudioPolicyManager: checkAndSetVolume cannot set volume group 3 volume with force use = 0 for comm
01-05 04:59:35.932   539   539 V APM_AudioPolicyManager: selectOutputForMusicEffects selected output 13
01-05 04:59:35.932   539   539 V APM_AudioPolicyManager: setOutputDevices device {type:0x10000,@:} delayMs 0
01-05 04:59:35.932   539   539 V APM_AudioPolicyManager: setOutputDevices() prevDevice {type:0x10000,@:}
01-05 04:59:35.933   539   539 V APM_AudioPolicyManager: setOutputDevices changing device to {type:0x10000,@:}
01-05 04:59:35.970   523   523 E qti_sensors_hal: getSensorList: Received Response
01-05 04:59:35.970   523   523 E libsensor1: wangs client_get_conn: qmi_client_get_service_list error -2, retries=30
01-05 04:59:35.982   535   535 E Sensors : sns_debug_main.c(294):Debug Config File missing in EFS!
01-05 04:59:35.990   508   508 D audio_hw_primary: out_set_parameters: enter: usecase(49: afe-proxy-playback) kvpairs: routing=65536
01-05 04:59:35.991   539   539 V APM_AudioPolicyManager: setOutputDevices() AF::createAudioPatch returned 0 patchHandle 36 num_sources 1 num_sinks 1
01-05 04:59:35.991   539   539 V APM_AudioPolicyManager: checkAndSetVolume cannot set volume group 3 volume with force use = 0 for comm
01-05 04:59:35.992   508   585 D audio_hw_primary: adev_open_input_stream: enter: sample_rate(48000) channel_mask(0xc) devices(0x80000040)        stream_handle(0xe783fa80) io_handle(14) source(1) format 1
01-05 04:59:35.992   508   585 W audio_hw_utils: audio_extn_utils_update_stream_input_app_type_cfg: App type could not be selected. Falling back to default
01-05 04:59:36.000   539   680 I AudioFlinger: AudioFlinger's thread 0x757431c140 tid=680 ready to run
01-05 04:59:36.001   508   585 D audio_hw_primary: in_standby: enter: stream (0xe783fa80) usecase(50: afe-proxy-record)
01-05 04:59:36.001   539   680 W AudioFlinger: no wake lock to update, system not ready yet
01-05 04:59:36.002   508   585 D audio_hw_primary: in_standby: enter: stream (0xe783fa80) usecase(50: afe-proxy-record)
01-05 04:59:36.002   539   680 W AudioFlinger: no wake lock to update, system not ready yet
01-05 04:59:36.002   508   585 D audio_hw_primary: adev_close_input_stream: enter:stream_handle(0xe783fa80)
01-05 04:59:36.002   508   585 D soundtrigger: audio_extn_sound_trigger_check_ec_ref_enable: EC Reference is disabled
01-05 04:59:36.002   508   585 D audio_hw_primary: in_standby: enter: stream (0xe783fa80) usecase(50: afe-proxy-record)
01-05 04:59:36.003   508   585 D audio_hw_primary: adev_open_input_stream: enter: sample_rate(48000) channel_mask(0x17000c) devices(0x80000004)        stream_handle(0xe783fa80) io_handle(22) source(1) format 1
01-05 04:59:36.003   508   585 D audio_hw_primary: adev_open_input_stream: return error to retry with updated channel mask (0xc)
01-05 04:59:36.003   508   585 D audio_hw_primary: adev_open_input_stream: enter: sample_rate(48000) channel_mask(0xc) devices(0x80000004)        stream_handle(0xe783fa80) io_handle(22) source(1) format 1
01-05 04:59:36.003   508   585 W audio_hw_utils: audio_extn_utils_update_stream_input_app_type_cfg: App type could not be selected. Falling back to default
01-05 04:59:36.005   539   682 I AudioFlinger: AudioFlinger's thread 0x757431cc80 tid=682 ready to run
01-05 04:59:36.005   508   585 D audio_hw_primary: in_standby: enter: stream (0xe783fa80) usecase(18: audio-record)
01-05 04:59:36.006   539   682 W AudioFlinger: no wake lock to update, system not ready yet
01-05 04:59:36.006   508   585 D audio_hw_primary: in_standby: enter: stream (0xe783fa80) usecase(18: audio-record)
01-05 04:59:36.007   539   682 W AudioFlinger: no wake lock to update, system not ready yet
01-05 04:59:36.007   508   585 D audio_hw_primary: adev_close_input_stream: enter:stream_handle(0xe783fa80)
01-05 04:59:36.007   508   585 D soundtrigger: audio_extn_sound_trigger_check_ec_ref_enable: EC Reference is disabled
01-05 04:59:36.007   508   585 D audio_hw_primary: in_standby: enter: stream (0xe783fa80) usecase(18: audio-record)
01-05 04:59:36.007   508   585 D audio_hw_primary: adev_open_input_stream: enter: sample_rate(48000) channel_mask(0xc) devices(0x80000040)        stream_handle(0xe783fa80) io_handle(30) source(1) format 1
01-05 04:59:36.007   508   585 W audio_hw_utils: audio_extn_utils_update_stream_input_app_type_cfg: App type could not be selected. Falling back to default
01-05 04:59:36.009   539   684 I AudioFlinger: AudioFlinger's thread 0x757431c740 tid=684 ready to run
01-05 04:59:36.009   508   585 D audio_hw_primary: in_standby: enter: stream (0xe783fa80) usecase(50: afe-proxy-record)
01-05 04:59:36.010   539   684 W AudioFlinger: no wake lock to update, system not ready yet
01-05 04:59:36.010   508   585 D audio_hw_primary: in_standby: enter: stream (0xe783fa80) usecase(50: afe-proxy-record)
01-05 04:59:36.010   539   684 W AudioFlinger: no wake lock to update, system not ready yet
01-05 04:59:36.011   508   585 D audio_hw_primary: adev_close_input_stream: enter:stream_handle(0xe783fa80)
01-05 04:59:36.011   508   585 D soundtrigger: audio_extn_sound_trigger_check_ec_ref_enable: EC Reference is disabled
01-05 04:59:36.011   508   585 D audio_hw_primary: in_standby: enter: stream (0xe783fa80) usecase(50: afe-proxy-record)
01-05 04:59:36.021   523   523 E qti_sensors_hal: wind-log sendAlgoAttribReq111111: 0
01-05 04:59:36.030   523   523 I chatty  : uid=1000(system) sensors@1.0-ser identical 7 lines
01-05 04:59:36.032   523   523 E qti_sensors_hal: wind-log sendAlgoAttribReq111111: 0
01-05 04:59:36.033   523   523 W qti_sensors_hal: addSensor : Not supported sensor with handle 67!
01-05 04:59:36.033   523   523 E qti_sensors_hal: wind-log sendAlgoAttribReq111111: 0
01-05 04:59:36.035   523   523 E qti_sensors_hal: wind-log sendAlgoAttribReq111111: 0
01-05 04:59:36.037   539   539 I bt_a2dp_hw: adev_open:  adev_open in A2dp_hw module
01-05 04:59:36.037   523   523 E qti_sensors_hal: wind-log sendAlgoAttribReq111111: 0
01-05 04:59:36.037   539   539 I AudioFlinger: loadHwModule() Loaded a2dp audio interface, handle 18
01-05 04:59:36.037   539   539 E APM_AudioPolicyManager: initialize: Input device list is empty!
01-05 04:59:36.038   508   585 D vndksupport: Loading /vendor/lib/hw/audio.usb.default.so from current namespace instead of sphal namespace.
01-05 04:59:36.040   523   523 E qti_sensors_hal: wind-log sendAlgoAttribReq111111: 0
01-05 04:59:36.042   523   523 E qti_sensors_hal: wind-log sendAlgoAttribReq111111: 0
01-05 04:59:36.043   508   585 W DeviceHAL: Error from HAL Device in function set_master_volume: Function not implemented
01-05 04:59:36.044   539   539 I AudioFlinger: loadHwModule() Loaded usb audio interface, handle 26
01-05 04:59:36.044   539   539 E APM_AudioPolicyManager: initialize: Input device list is empty!
01-05 04:59:36.044   523   523 E qti_sensors_hal: wind-log sendAlgoAttribReq111111: 0
01-05 04:59:36.044   508   585 D vndksupport: Loading /vendor/lib/hw/audio.r_submix.default.so from current namespace instead of sphal namespace.
01-05 04:59:36.046   523   523 E qti_sensors_hal: wind-log sendAlgoAttribReq111111: 0
01-05 04:59:36.047   523   523 W qti_sensors_hal: addSensor : Not supported sensor with handle 39!
01-05 04:59:36.048   523   523 E qti_sensors_hal: wind-log sendAlgoAttribReq111111: 0
01-05 04:59:36.048   508   585 I r_submix: adev_open(name=audio_hw_if)
01-05 04:59:36.048   508   585 I r_submix: adev_init_check()
01-05 04:59:36.048   508   585 W DeviceHAL: Error from HAL Device in function set_master_volume: Function not implemented
01-05 04:59:36.049   508   585 W DeviceHAL: Error from HAL Device in function set_master_mute: Function not implemented
01-05 04:59:36.049   539   539 I AudioFlinger: loadHwModule() Loaded r_submix audio interface, handle 34
01-05 04:59:36.049   508   585 D r_submix: adev_open_input_stream(addr=0)
01-05 04:59:36.049   508   585 D r_submix: submix_audio_device_create_pipe_l(addr=0, idx=9)
01-05 04:59:36.049   508   585 D r_submix:   now using address 0 for route 9
01-05 04:59:36.049   523   523 E qti_sensors_hal: wind-log sendAlgoAttribReq111111: 0
01-05 04:59:36.051   539   721 I AudioFlinger: AudioFlinger's thread 0x757431d680 tid=721 ready to run
01-05 04:59:36.051   508   585 I r_submix: in_standby()
01-05 04:59:36.051   523   523 E qti_sensors_hal: wind-log sendAlgoAttribReq111111: 0
01-05 04:59:36.052   539   721 W AudioFlinger: no wake lock to update, system not ready yet
01-05 04:59:36.052   508   585 I r_submix: in_standby()
01-05 04:59:36.052   539   721 W AudioFlinger: no wake lock to update, system not ready yet
01-05 04:59:36.053   508   585 D r_submix: adev_close_input_stream()
01-05 04:59:36.053   508   585 D r_submix: submix_audio_device_release_pipe_l(idx=9) addr=0
01-05 04:59:36.053   508   585 D r_submix: submix_audio_device_destroy_pipe_l(): pipe destroyed
01-05 04:59:36.053   523   523 E qti_sensors_hal: wind-log sendAlgoAttribReq111111: 0
01-05 04:59:36.054   539   539 D AudioPolicyManagerCustom: USE_XML_AUDIO_POLICY_CONF is TRUE
01-05 04:59:36.054   523   523 W qti_sensors_hal: addSensor : Not supported sensor with handle 48!
01-05 04:59:36.054   523   523 W qti_sensors_hal: addSensor : Not supported sensor with handle 49!
01-05 04:59:36.055   523   523 E qti_sensors_hal: wind-log sendAlgoAttribReq111111: 0
01-05 04:59:36.055   539   539 I         : Waiting for activity service
01-05 04:59:36.056   523   523 W qti_sensors_hal: addSensor : Not supported sensor with handle 53!
01-05 04:59:36.057   523   523 E qti_sensors_hal: wind-log sendAlgoAttribReq111111: 0
01-05 04:59:36.058   523   523 E qti_sensors_hal: wind-log sendAlgoAttribReq111111: 0
01-05 04:59:36.059   523   523 W qti_sensors_hal: addSensor : Not supported sensor with handle 68!
01-05 04:59:36.060   523   523 E qti_sensors_hal: wind-log sendAlgoAttribReq111111: 0
01-05 04:59:36.062   523   523 E qti_sensors_hal: wind-log sendAlgoAttribReq111111: 0
01-05 04:59:36.064   523   523 I         : Loaded library from sensors.ssc.so
01-05 04:59:36.065   523   523 E /vendor/bin/hw/android.hardware.sensors@1.0-service: HAL specifies version 1.4, but does not implement set_operation_mode()
01-05 04:59:36.067   523   523 I ServiceManagement: Registered android.hardware.sensors@1.0::ISensors/default (start delay of 1269ms)
01-05 04:59:36.067   523   523 I ServiceManagement: Removing namespace from process name android.hardware.sensors@1.0-service to sensors@1.0-service.
01-05 04:59:36.073   523   523 I android.hardware.sensors@1.0-service: Registration complete for android.hardware.sensors@1.0::ISensors/default.
01-05 04:59:36.123   537   557 D PerMgrSrv: modem new state: is on-line
01-05 04:59:36.222   533   533 I vendor.rmt_storage: rmt_storage_connect_cb: clnt_h=0x1 conn_h=0x70a9e08010
01-05 04:59:36.222   533   533 I vendor.rmt_storage: rmt_storage_open_cb: /boot/modem_fs1: req_h=0x1 msg_id=1: Client found
01-05 04:59:36.222   533   533 I vendor.rmt_storage: rmt_storage_open_cb: /boot/modem_fs1: req_h=0x1 msg_id=1: Send response: res=0 err=0
01-05 04:59:36.222   533   743 I vendor.rmt_storage: rmt_storage_client_thread: /boot/modem_fs1: Worker thread started
01-05 04:59:36.222   533   743 I vendor.rmt_storage: wake lock name: rmt_storage_483880582480, name creation success: 24
01-05 04:59:36.223   533   533 I vendor.rmt_storage: rmt_storage_connect_cb: clnt_h=0x2 conn_h=0x70a9e08020
01-05 04:59:36.223   533   533 I vendor.rmt_storage: rmt_storage_open_cb: /boot/modem_fs2: req_h=0x2 msg_id=1: Client found
01-05 04:59:36.223   533   533 I vendor.rmt_storage: rmt_storage_open_cb: /boot/modem_fs2: req_h=0x2 msg_id=1: Send response: res=0 err=0
01-05 04:59:36.223   533   744 I vendor.rmt_storage: rmt_storage_client_thread: /boot/modem_fs2: Worker thread started
01-05 04:59:36.223   533   744 I vendor.rmt_storage: wake lock name: rmt_storage_483862768976, name creation success: 24
01-05 04:59:36.223   533   533 I vendor.rmt_storage: rmt_storage_disconnect_cb: clnt_h=0x1 conn_h=0x70a9e08010
01-05 04:59:36.223   533   533 I vendor.rmt_storage: rmt_storage_connect_cb: clnt_h=0x3 conn_h=0x70a9e08010
01-05 04:59:36.223   533   533 I vendor.rmt_storage: rmt_storage_open_cb: /boot/modem_fsg: req_h=0x3 msg_id=1: Client found
01-05 04:59:36.223   533   533 I vendor.rmt_storage: rmt_storage_open_cb: /boot/modem_fsg: req_h=0x3 msg_id=1: Send response: res=0 err=0
01-05 04:59:36.223   533   745 I vendor.rmt_storage: rmt_storage_client_thread: /boot/modem_fsg: Worker thread started
01-05 04:59:36.224   533   745 I vendor.rmt_storage: wake lock name: rmt_storage_483844955472, name creation success: 24
01-05 04:59:36.224   533   533 I vendor.rmt_storage: rmt_storage_disconnect_cb: clnt_h=0x2 conn_h=0x70a9e08020
01-05 04:59:36.224   533   533 I vendor.rmt_storage: rmt_storage_disconnect_cb: clnt_h=0x3 conn_h=0x70a9e08010
01-05 04:59:36.224   533   533 I vendor.rmt_storage: rmt_storage_connect_cb: clnt_h=0x4 conn_h=0x70a9e08010
01-05 04:59:36.224   533   533 I vendor.rmt_storage: rmt_storage_open_cb: /boot/modem_fsc: req_h=0x4 msg_id=1: Client found
01-05 04:59:36.224   533   533 I vendor.rmt_storage: rmt_storage_open_cb: /boot/modem_fsc: req_h=0x4 msg_id=1: Send response: res=0 err=0
01-05 04:59:36.224   533   746 I vendor.rmt_storage: rmt_storage_client_thread: /boot/modem_fsc: Worker thread started
01-05 04:59:36.224   533   746 I vendor.rmt_storage: wake lock name: rmt_storage_483827141968, name creation success: 24
01-05 04:59:36.224   533   533 I vendor.rmt_storage: rmt_storage_disconnect_cb: clnt_h=0x4 conn_h=0x70a9e08010
01-05 04:59:36.224   533   533 I vendor.rmt_storage: rmt_storage_connect_cb: clnt_h=0x5 conn_h=0x70a9e08010
01-05 04:59:36.225   533   533 I vendor.rmt_storage: rmt_storage_alloc_buff_cb: /boot/modem_fs1: req_h=0x5 msg_id=4: Alloc request received: Size: 0
01-05 04:59:36.225   533   533 I vendor.rmt_storage: rmt_storage_alloc_buff_cb: /boot/modem_fs1: req_h=0x5 msg_id=4: New client making a dummy request with buffer req size 0
01-05 04:59:36.225   533   533 I vendor.rmt_storage: rmt_storage_alloc_buff_cb: /boot/modem_fs1: req_h=0x5 msg_id=4: Send response: res=0 err=0
01-05 04:59:36.225   533   533 I vendor.rmt_storage: rmt_storage_disconnect_cb: clnt_h=0x5 conn_h=0x70a9e08010
01-05 04:59:36.225   533   533 I vendor.rmt_storage: rmt_storage_connect_cb: clnt_h=0x6 conn_h=0x70a9e08010
01-05 04:59:36.225   533   533 I vendor.rmt_storage: rmt_storage_rw_iovec_cb: /boot/modem_fs1: req_h=0x6 msg_id=3: R/W request received (wr_count 0)
01-05 04:59:36.225   533   533 I vendor.rmt_storage: wakelock acquired: 1, error no: 42
01-05 04:59:36.225   533   743 I vendor.rmt_storage: rmt_storage_client_thread: /boot/modem_fs1: Unblock worker thread (th_id: 483880582480)
01-05 04:59:36.227   533   743 I vendor.rmt_storage: rmt_storage_client_thread: /boot/modem_fs1: req_h=0x6 msg_id=3: Bytes read = 512, wr_count 0
01-05 04:59:36.227   533   743 I vendor.rmt_storage: rmt_storage_client_thread: /boot/modem_fs1: req_h=0x6 msg_id=3: Send response: res=0 err=0, wr_count 0
01-05 04:59:36.227   533   743 I vendor.rmt_storage: rmt_storage_client_thread: /boot/modem_fs1: About to block rmt_storage client thread (th_id: 483880582480) wakelock released: 1, error no: 0
01-05 04:59:36.227   533   743 I vendor.rmt_storage: 
01-05 04:59:36.228   533   533 I vendor.rmt_storage: rmt_storage_connect_cb: clnt_h=0x7 conn_h=0x70a9e08020
01-05 04:59:36.228   533   533 I vendor.rmt_storage: rmt_storage_rw_iovec_cb: /boot/modem_fs2: req_h=0x7 msg_id=3: R/W request received (wr_count 0)
01-05 04:59:36.228   533   533 I vendor.rmt_storage: wakelock acquired: 1, error no: 42
01-05 04:59:36.228   533   744 I vendor.rmt_storage: rmt_storage_client_thread: /boot/modem_fs2: Unblock worker thread (th_id: 483862768976)
01-05 04:59:36.228   533   533 I vendor.rmt_storage: rmt_storage_disconnect_cb: clnt_h=0x6 conn_h=0x70a9e08010
01-05 04:59:36.228   533   744 I vendor.rmt_storage: rmt_storage_client_thread: /boot/modem_fs2: req_h=0x7 msg_id=3: Bytes read = 512, wr_count 0
01-05 04:59:36.228   533   744 I vendor.rmt_storage: rmt_storage_client_thread: /boot/modem_fs2: req_h=0x7 msg_id=3: Send response: res=0 err=0, wr_count 0
01-05 04:59:36.228   533   744 I vendor.rmt_storage: rmt_storage_client_thread: /boot/modem_fs2: About to block rmt_storage client thread (th_id: 483862768976) wakelock released: 1, error no: 0
01-05 04:59:36.228   533   744 I vendor.rmt_storage: 
01-05 04:59:36.229   533   533 I vendor.rmt_storage: rmt_storage_disconnect_cb: clnt_h=0x7 conn_h=0x70a9e08020
01-05 04:59:36.230   533   533 I vendor.rmt_storage: rmt_storage_connect_cb: clnt_h=0x8 conn_h=0x70a9e08010
01-05 04:59:36.230   533   533 I vendor.rmt_storage: rmt_storage_rw_iovec_cb: /boot/modem_fs1: req_h=0x8 msg_id=3: R/W request received (wr_count 0)
01-05 04:59:36.230   533   533 I vendor.rmt_storage: wakelock acquired: 1, error no: 42
01-05 04:59:36.230   533   743 I vendor.rmt_storage: rmt_storage_client_thread: /boot/modem_fs1: Unblock worker thread (th_id: 483880582480)
01-05 04:59:36.250   533   743 I vendor.rmt_storage: rmt_storage_client_thread: /boot/modem_fs1: req_h=0x8 msg_id=3: Bytes read = 1571840, wr_count 0
01-05 04:59:36.250   533   743 I vendor.rmt_storage: rmt_storage_client_thread: /boot/modem_fs1: req_h=0x8 msg_id=3: Send response: res=0 err=0, wr_count 0
01-05 04:59:36.250   533   743 I vendor.rmt_storage: rmt_storage_client_thread: /boot/modem_fs1: About to block rmt_storage client thread (th_id: 483880582480) wakelock released: 1, error no: 0
01-05 04:59:36.250   533   743 I vendor.rmt_storage: 
01-05 04:59:36.250   533   533 I vendor.rmt_storage: rmt_storage_disconnect_cb: clnt_h=0x8 conn_h=0x70a9e08010
01-05 04:59:36.324   534   534 I tftp_server: pid=534 tid=534 tftp-server : INF :[tftp_server.c, 659] rcvd request [1] [72] [2] [0] [17]
01-05 04:59:36.325   534   747 I tftp_server: pid=534 tid=747 tftp-server : INF :[tftp_server_utils.c, 113] file [readwrite/server_check.txt] : [/vendor/rfs/msm/mpss/readwrite/server_check.txt]
01-05 04:59:36.325   534   747 I tftp_server: pid=534 tid=747 tftp-server : INF :[tftp_server.c, 1202] OACK options : [7680, 200, 10, 0, 0, 0, 0, 0]
01-05 04:59:36.325   534   747 I tftp_server: pid=534 tid=747 tftp-server : INF :[tftp_os_la.c, 63] open : [-1] [-1] [384] [577] [/vendor/rfs/msm/mpss/readwrite/server_check.txt]
01-05 04:59:36.329   534   747 I tftp_server: pid=534 tid=747 tftp-server : INF :[tftp_server.c, 1465] WRQ stats : total-blocks = 1 : total-bytes = 5 : 5 timedout-pkts = 0, wrong-pkts = 0
01-05 04:59:36.329   534   747 I tftp_server: pid=534 tid=747 tftp-server : INF :[tftp_server.c, 1469] WRQ time stats : Total : [TX, RX] = [69, 389, 10]
01-05 04:59:36.329   534   747 I tftp_server: pid=534 tid=747 tftp-server : INF :[tftp_server.c, 1473] WRQ time stats : Tx [Min, Max] = [32, 37]
01-05 04:59:36.329   534   747 I tftp_server: pid=534 tid=747 tftp-server : INF :[tftp_server.c, 1477] WRQ time stats : Rx [Min, Max] = [190, 199]
01-05 04:59:36.443   542   542 D RenderEngine: shader cache generated - 48 shaders in 967.965759 ms
01-05 04:59:36.444   542   542 E SurfaceFlinger: Unable to get composer extension
01-05 04:59:36.447   542   542 I ServiceManagement: Registered android.frameworks.displayservice@1.0::IDisplayService/default (start delay of 1589ms)
01-05 04:59:36.447   542   542 D SurfaceFlinger: Setting power mode 2 on display 0
01-05 04:59:36.447   518   518 I SDM     : DisplayBase::SetDisplayState: Set state = 1, display 0
01-05 04:59:36.448   542   542 D SurfaceFlinger: Finished setting power mode 2 on display 0
