--------- beginning of main
01-05 04:56:51.837   399   399 W auditd  : type=2000 audit(0.0:1): initialized
01-05 04:56:53.893   399   399 I auditd  : type=1403 audit(0.0:2): policy loaded auid=4294967295 ses=4294967295
01-05 04:56:53.893   399   399 W auditd  : type=1404 audit(0.0:3): enforcing=1 old_enforcing=0 auid=4294967295 ses=4294967295
01-05 04:56:56.423   400   400 I SELinux : SELinux: Loaded service_contexts from:
01-05 04:56:56.426   400   400 I SELinux :     /system/etc/selinux/plat_service_contexts
01-05 04:56:56.430   404   404 W vold    : type=1400 audit(0.0:4): avc: denied { execute } for path="/vendor/lib64/vendor.qti.hardware.cryptfshw@1.0.so" dev="mmcblk0p25" ino=3012 scontext=u:r:vold:s0 tcontext=u:object_r:vendor_file:s0 tclass=file permissive=0
01-05 04:56:56.433   402   402 I SELinux : SELinux: Loaded service_contexts from:
01-05 04:56:56.433   402   402 I SELinux :     /vendor/etc/selinux/vndservice_contexts
--------- beginning of crash
01-05 04:56:56.433   404   404 F linker  : CANNOT LINK EXECUTABLE "/system/bin/vold": couldn't map "/vendor/lib64/vendor.qti.hardware.cryptfshw@1.0.so" segment 2: Permission denied
01-05 04:56:56.450   401   401 I hwservicemanager: hwservicemanager is ready now.
01-05 04:57:47.260   425   425 W vold    : type=1400 audit(0.0:5): avc: denied { execute } for path="/vendor/lib64/vendor.qti.hardware.cryptfshw@1.0.so" dev="mmcblk0p25" ino=3012 scontext=u:r:vold:s0 tcontext=u:object_r:vendor_file:s0 tclass=file permissive=0
01-05 04:57:47.263   425   425 F linker  : CANNOT LINK EXECUTABLE "/system/bin/vold": couldn't map "/vendor/lib64/vendor.qti.hardware.cryptfshw@1.0.so" segment 2: Permission denied
01-05 04:57:47.353   430   430 W vold    : type=1400 audit(0.0:6): avc: denied { execute } for path="/vendor/lib64/vendor.qti.hardware.cryptfshw@1.0.so" dev="mmcblk0p25" ino=3012 scontext=u:r:vold:s0 tcontext=u:object_r:vendor_file:s0 tclass=file permissive=0
01-05 04:57:47.356   430   430 F linker  : CANNOT LINK EXECUTABLE "/system/bin/vold": couldn't map "/vendor/lib64/vendor.qti.hardware.cryptfshw@1.0.so" segment 2: Permission denied
01-05 04:57:47.379   427   427 E cutils-trace: Error opening trace file: No such file or directory (2)
01-05 04:57:47.380   401   401 E cutils-trace: Error opening trace file: No such file or directory (2)
01-05 04:57:47.380   429   429 E cutils-trace: Error opening trace file: No such file or directory (2)
01-05 04:57:47.384   428   428 E cutils-trace: Error opening trace file: No such file or directory (2)
01-05 04:57:47.421   429   429 I ServiceManagement: Registered vendor.qti.hardware.cryptfshw@1.0::ICryptfsHw/default (start delay of 83ms)
01-05 04:57:47.421   429   429 I ServiceManagement: Removing namespace from process name vendor.qti.hardware.cryptfshw@1.0-service-qti.qsee to cryptfshw@1.0-service-qti.qsee.
01-05 04:57:47.422   427   427 D vndksupport: Loading /vendor/lib64/hw/android.hardware.gatekeeper@1.0-impl-qti.so from current namespace instead of sphal namespace.
01-05 04:57:47.422   428   428 D vndksupport: Loading /vendor/lib64/hw/android.hardware.keymaster@3.0-impl-qti.so from current namespace instead of sphal namespace.
01-05 04:58:38.080   433   433 W vold    : type=1400 audit(0.0:7): avc: denied { execute } for path="/vendor/lib64/vendor.qti.hardware.cryptfshw@1.0.so" dev="mmcblk0p25" ino=3012 scontext=u:r:vold:s0 tcontext=u:object_r:vendor_file:s0 tclass=file permissive=0
01-05 04:58:38.084   433   433 F linker  : CANNOT LINK EXECUTABLE "/system/bin/vold": couldn't map "/vendor/lib64/vendor.qti.hardware.cryptfshw@1.0.so" segment 2: Permission denied
01-05 04:58:38.157   435   435 E fsverity_init: Failed to load /product/etc/security/fsverity/*.der
01-05 04:58:38.170   436   436 E /system/bin/mini-keyctl: Failed to open /proc/keys: No such file or directory
01-05 04:58:38.170   436   436 E /system/bin/mini-keyctl: Cannot find keyring id
01-05 04:58:38.185   437   437 E fsverity_init: Failed to restrict .fs-verity keyring
01-05 04:58:38.222   438   438 I ServiceManager: Waiting for service 'vold' on '/dev/binder'...
01-05 04:58:43.030   438   438 I chatty  : uid=0(root) /system/bin/apexd identical 48 lines
01-05 04:58:43.130   438   438 I ServiceManager: Waiting for service 'vold' on '/dev/binder'...
01-05 04:58:43.230   438   438 W ServiceManager: Service vold didn't start. Returning NULL
01-05 04:58:43.230   438   438 E apexd   : Could not retrieve vold service: Failed to retrieve vold service.
01-05 04:58:43.230   438   438 I apexd   : Marking APEXd as starting
01-05 04:58:43.231   438   438 I apexd   : Scanning /system/apex for embedded keys
01-05 04:58:43.233   438   438 I apexd   : Scanning /product/apex for embedded keys
01-05 04:58:43.233   438   438 I apexd   : ... does not exist. Skipping
01-05 04:58:43.233   438   438 I apexd   : Populating APEX database from mounts...
01-05 04:58:43.233   438   438 E apexd   : Failed to walk /product/apex : Can't open /product/apex for reading : No such file or directory
01-05 04:58:43.234   438   438 I apexd   : Found "/apex/com.android.tzdata@290000000"
01-05 04:58:43.234   438   438 I apexd   : Found "/apex/com.android.runtime@1"
01-05 04:58:43.234   438   438 I apexd   : 2 packages restored.
01-05 04:58:43.234   438   438 I apexd   : Scanning /data/apex/sessions looking for sessions to be activated.
01-05 04:58:43.235   438   438 I apexd   : Scanning /data/apex/active looking for APEX packages.
01-05 04:58:43.235   438   438 I apexd   : Activated 0 packages. Skipped: 0
01-05 04:58:43.235   438   438 I apexd   : Scanning /system/apex looking for APEX packages.
01-05 04:58:43.236   438   438 I apexd   : Found /system/apex/com.android.conscrypt
01-05 04:58:43.236   438   438 V apexd   : Creating mount point: /apex/com.android.conscrypt@290000000
01-05 04:58:43.236   438   438 I apexd   : Successfully bind-mounted flattened package /system/apex/com.android.conscrypt on /apex/com.android.conscrypt@290000000
01-05 04:58:43.236   438   438 V apexd   : Creating bind-mount for /apex/com.android.conscrypt for /apex/com.android.conscrypt@290000000
01-05 04:58:43.236   438   438 V apexd   : Creating mountpoint /apex/com.android.conscrypt
01-05 04:58:43.237   438   438 V apexd   : Bind-mounting /apex/com.android.conscrypt@290000000 to /apex/com.android.conscrypt
01-05 04:58:43.237   438   438 D apexd   : Successfully activated /system/apex/com.android.conscrypt package_name: com.android.conscrypt version: 290000000
01-05 04:58:43.237   438   438 I apexd   : Found /system/apex/com.android.tzdata
01-05 04:58:43.237   438   438 I apexd   : Skipping activation of /system/apex/com.android.tzdata same package with higher version 290000000 is already active
01-05 04:58:43.237   438   438 I apexd   : Found /system/apex/com.android.media
01-05 04:58:43.237   438   438 V apexd   : Creating mount point: /apex/com.android.media@290000000
01-05 04:58:43.237   438   438 I apexd   : Successfully bind-mounted flattened package /system/apex/com.android.media on /apex/com.android.media@290000000
01-05 04:58:43.237   438   438 V apexd   : Creating bind-mount for /apex/com.android.media for /apex/com.android.media@290000000
01-05 04:58:43.238   438   438 V apexd   : Creating mountpoint /apex/com.android.media
01-05 04:58:43.238   438   438 V apexd   : Bind-mounting /apex/com.android.media@290000000 to /apex/com.android.media
01-05 04:58:43.238   438   438 D apexd   : Successfully activated /system/apex/com.android.media package_name: com.android.media version: 290000000
01-05 04:58:43.238   438   438 I apexd   : Found /system/apex/com.android.resolv
01-05 04:58:43.238   438   438 V apexd   : Creating mount point: /apex/com.android.resolv@290000000
01-05 04:58:43.238   438   438 I apexd   : Successfully bind-mounted flattened package /system/apex/com.android.resolv on /apex/com.android.resolv@290000000
01-05 04:58:43.238   438   438 V apexd   : Creating bind-mount for /apex/com.android.resolv for /apex/com.android.resolv@290000000
01-05 04:58:43.238   438   438 V apexd   : Creating mountpoint /apex/com.android.resolv
01-05 04:58:43.238   438   438 V apexd   : Bind-mounting /apex/com.android.resolv@290000000 to /apex/com.android.resolv
01-05 04:58:43.239   438   438 D apexd   : Successfully activated /system/apex/com.android.resolv package_name: com.android.resolv version: 290000000
01-05 04:58:43.239   438   438 I apexd   : Found /system/apex/com.android.runtime.debug
01-05 04:58:43.239   438   438 I apexd   : Skipping activation of /system/apex/com.android.runtime.debug same package with higher version 1 is already active
01-05 04:58:43.239   438   438 I apexd   : Found /system/apex/com.android.media.swcodec
01-05 04:58:43.239   438   438 V apexd   : Creating mount point: /apex/com.android.media.swcodec@290000000
01-05 04:58:43.239   438   438 I apexd   : Successfully bind-mounted flattened package /system/apex/com.android.media.swcodec on /apex/com.android.media.swcodec@290000000
01-05 04:58:43.239   438   438 V apexd   : Creating bind-mount for /apex/com.android.media.swcodec for /apex/com.android.media.swcodec@290000000
01-05 04:58:43.240   438   438 V apexd   : Creating mountpoint /apex/com.android.media.swcodec
01-05 04:58:43.240   438   438 V apexd   : Bind-mounting /apex/com.android.media.swcodec@290000000 to /apex/com.android.media.swcodec
01-05 04:58:43.240   438   438 D apexd   : Successfully activated /system/apex/com.android.media.swcodec package_name: com.android.media.swcodec version: 290000000
01-05 04:58:43.240   438   438 I apexd   : Activated 4 packages. Skipped: 2
01-05 04:58:43.240   438   438 I apexd   : Scanning /product/apex looking for APEX packages.
01-05 04:58:43.240   438   438 E apexd   : Failed to activate packages from /product/apex : Failed to scan /product/apex : Can't open /product/apex for reading : No such file or directory
01-05 04:58:43.241   438   438 I apexd   : Marking APEXd as ready
01-05 04:58:43.316   441   441 W vold    : type=1400 audit(0.0:8): avc: denied { execute } for path="/vendor/lib64/vendor.qti.hardware.cryptfshw@1.0.so" dev="mmcblk0p25" ino=3012 scontext=u:r:vold:s0 tcontext=u:object_r:vendor_file:s0 tclass=file permissive=0
01-05 04:58:43.320   441   441 F linker  : CANNOT LINK EXECUTABLE "/system/bin/vold": couldn't map "/vendor/lib64/vendor.qti.hardware.cryptfshw@1.0.so" segment 2: Permission denied
01-05 04:58:43.321   438   438 I apexd   : Updatable crashing, attempting rollback
01-05 04:58:43.321   438   438 E apexd   : Rollback failed : Rollback requested, when there are no active sessions.
01-05 04:59:34.083   443   443 W vold    : type=1400 audit(0.0:9): avc: denied { execute } for path="/vendor/lib64/vendor.qti.hardware.cryptfshw@1.0.so" dev="mmcblk0p25" ino=3012 scontext=u:r:vold:s0 tcontext=u:object_r:vendor_file:s0 tclass=file permissive=0
01-05 04:59:34.087   443   443 F linker  : CANNOT LINK EXECUTABLE "/system/bin/vold": couldn't map "/vendor/lib64/vendor.qti.hardware.cryptfshw@1.0.so" segment 2: Permission denied
01-05 04:59:34.134   444   444 I /system/bin/tzdatacheck: timezone distro dir /data/misc/zoneinfo/current does not exist. No action required.
01-05 04:59:34.192   446   446 I art_apex: === ART pre-boot integrity checks ===
01-05 04:59:34.222   448   448 F art_apex: Device is not fsverity-enabled.
01-05 04:59:34.273   450   450 E /system/bin/recovery-persist: Failed to unlink /cache/recovery/last_install: No such file or directory
01-05 04:59:34.280   452   452 I /system/bin/flags_health_check: ServerConfigurableFlagsReset reset_mode value: 0
01-05 04:59:34.280   452   452 I /system/bin/flags_health_check: ServerConfigurableFlagsReset attempted boot count is under threshold, skipping reset.
01-05 04:59:34.310   453   453 I bootstat: Service started: /system/bin/bootstat --set_system_boot_reason 
01-05 04:59:34.310   453   453 I bootstat: Canonical boot reason: reboot
01-05 04:59:34.310   453   453 I bootstat: Canonical boot reason: reboot
01-05 04:59:34.393   463   463 I BOOT    : MSM target '', SoC 'MTP', HwID '294', SoC ver '65536'
01-05 04:59:34.408   464   464 W DRM_BOOT: file: '/sys/module/drm/parameters/vblankoffdelay' or perms doesn't exist
01-05 04:59:34.825   513   513 E cutils-trace: Error opening trace file: No such file or directory (2)
01-05 04:59:34.828   513   513 D vndksupport: Loading /vendor/lib64/hw/android.hardware.drm@1.0-impl.so from current namespace instead of sphal namespace.
01-05 04:59:34.864   514   514 E cutils-trace: Error opening trace file: No such file or directory (2)
01-05 04:59:34.870   514   514 I ServiceManagement: Registered android.hardware.drm@1.2::IDrmFactory/clearkey (start delay of 102ms)
01-05 04:59:34.870   514   514 I ServiceManagement: Removing namespace from process name android.hardware.drm@1.2-service.clearkey to drm@1.2-service.clearkey.
01-05 04:59:34.873   514   514 I ServiceManagement: Registered android.hardware.drm@1.2::ICryptoFactory/clearkey (start delay of 105ms)
01-05 04:59:34.873   514   514 I ServiceManagement: Removing namespace from process name android.hardware.drm@1.2-service.clearkey to drm@1.2-service.clearkey.
01-05 04:59:34.880   506   506 E cutils-trace: Error opening trace file: No such file or directory (2)
01-05 04:59:34.886   506   506 I ServiceManagement: Registered android.hidl.allocator@1.0::IAllocator/ashmem (start delay of 138ms)
01-05 04:59:34.886   506   506 I ServiceManagement: Removing namespace from process name android.hidl.allocator@1.0-service to allocator@1.0-service.
01-05 04:59:34.892   507   507 E cutils-trace: Error opening trace file: No such file or directory (2)
01-05 04:59:34.896   507   507 I ServiceManagement: Registered android.system.suspend@1.0::ISystemSuspend/default (start delay of 148ms)
--------- beginning of system
01-05 04:59:34.896   532   532 I irsc_util: Starting irsc tool
01-05 04:59:34.896   507   507 I ServiceManagement: Removing namespace from process name android.system.suspend@1.0-service to suspend@1.0-service.
01-05 04:59:34.899   523   523 E cutils-trace: Error opening trace file: No such file or directory (2)
01-05 04:59:34.908   513   513 I ServiceManagement: Registered android.hardware.drm@1.0::IDrmFactory/default (start delay of 140ms)
01-05 04:59:34.909   513   513 I ServiceManagement: Removing namespace from process name android.hardware.drm@1.0-service to drm@1.0-service.
01-05 04:59:34.909   513   513 I         : Registration complete for android.hardware.drm@1.0::IDrmFactory/default.
01-05 04:59:34.912   520   520 E cutils-trace: Error opening trace file: No such file or directory (2)
01-05 04:59:34.912   534   534 I tftp_server: Initializing tftp_server RING buffer
01-05 04:59:34.912   534   534 I tftp_server: Starting...
01-05 04:59:34.915   513   513 D vndksupport: Loading /vendor/lib64/hw/android.hardware.drm@1.0-impl.so from current namespace instead of sphal namespace.
01-05 04:59:34.929   513   513 I ServiceManagement: Registered android.hardware.drm@1.0::ICryptoFactory/default (start delay of 161ms)
01-05 04:59:34.929   513   513 I ServiceManagement: Removing namespace from process name android.hardware.drm@1.0-service to drm@1.0-service.
01-05 04:59:34.929   520   520 I ServiceManagement: Registered android.hardware.light@2.0::ILight/default (start delay of 141ms)
01-05 04:59:34.929   513   513 I         : Registration complete for android.hardware.drm@1.0::ICryptoFactory/default.
01-05 04:59:34.929   520   520 I ServiceManagement: Removing namespace from process name android.hardware.light@2.0-service.asus_X00P to light@2.0-service.asus_X00P.
01-05 04:59:34.929   520   520 I android.hardware.light@2.0-service.asus_X00P: Light HAL service ready.
01-05 04:59:34.929   526   526 E cutils-trace: Error opening trace file: No such file or directory (2)
01-05 04:59:34.935   523   523 D vndksupport: Loading /vendor/lib64/hw/android.hardware.sensors@1.0-impl.so from current namespace instead of sphal namespace.
01-05 04:59:34.936   544   544 W vold    : type=1400 audit(0.0:10): avc: denied { execute } for path="/vendor/lib64/vendor.qti.hardware.cryptfshw@1.0.so" dev="mmcblk0p25" ino=3012 scontext=u:r:vold:s0 tcontext=u:object_r:vendor_file:s0 tclass=file permissive=0
01-05 04:59:34.937   519   519 I health@2.0/: health@2.0/default: Hal starting main loop...
01-05 04:59:34.938   519   519 I health@2.0/: health@2.0/default Hal is starting up...
01-05 04:59:34.941   526   526 D vndksupport: Loading /vendor/lib64/hw/android.hardware.vibrator@1.0-impl.so from current namespace instead of sphal namespace.
01-05 04:59:34.941   524   524 E cutils-trace: Error opening trace file: No such file or directory (2)
01-05 04:59:34.946   525   525 E cutils-trace: Error opening trace file: No such file or directory (2)
01-05 04:59:34.946   524   524 D vndksupport: Loading /vendor/lib64/hw/android.hardware.thermal@1.0-impl.so from current namespace instead of sphal namespace.
01-05 04:59:34.946   526   526 D vndksupport: Loading /vendor/lib64/hw/vibrator.default.so from current namespace instead of sphal namespace.
01-05 04:59:34.947   544   544 F linker  : CANNOT LINK EXECUTABLE "/system/bin/vold": couldn't map "/vendor/lib64/vendor.qti.hardware.cryptfshw@1.0.so" segment 2: Permission denied
01-05 04:59:34.948   519   519 E cutils-trace: Error opening trace file: No such file or directory (2)
01-05 04:59:34.953   517   517 E cutils-trace: Error opening trace file: No such file or directory (2)
01-05 04:59:34.953   532   532 I irsc_util: Num of entries:296
01-05 04:59:34.954   533   533 I vendor.rmt_storage: Modem subsystem found on target!
01-05 04:59:34.954   532   532 I irsc_util: Ending irsc tool
01-05 04:59:34.955   533   533 I vendor.rmt_storage: Shared memory initialised successfully.
01-05 04:59:34.955   533   533 I vendor.rmt_storage: Registering modemst1: 0x4a /boot/modem_fs1
01-05 04:59:34.955   533   533 I vendor.rmt_storage: Registering modemst2: 0x4b /boot/modem_fs2
01-05 04:59:34.955   533   533 I vendor.rmt_storage: Registering fsc: 0xff /boot/modem_fsc
01-05 04:59:34.955   533   533 I vendor.rmt_storage: Registering fsg: 0x58 /boot/modem_fsg
01-05 04:59:34.955   533   533 I vendor.rmt_storage: 4 GPT partitions found
01-05 04:59:34.955   533   533 I vendor.rmt_storage: Capset success!
01-05 04:59:34.960   526   526 D         : Vibrator using timed_output
01-05 04:59:34.960   518   518 E cutils-trace: Error opening trace file: No such file or directory (2)
01-05 04:59:34.960   517   517 D vndksupport: Loading /vendor/lib64/hw/android.hardware.graphics.allocator@2.0-impl.so from current namespace instead of sphal namespace.
01-05 04:59:34.961   521   521 E cutils-trace: Error opening trace file: No such file or directory (2)
01-05 04:59:34.964   530   530 D         : QdutilsDisp: svc service starting :)
01-05 04:59:34.965   530   530 E cutils-trace: Error opening trace file: No such file or directory (2)
01-05 04:59:34.968   525   525 I ServiceManagement: Registered android.hardware.usb@1.0::IUsb/default (start delay of 170ms)
01-05 04:59:34.968   524   524 E android.hardware.thermal@1.0-impl: Couldn't load thermal module (No such file or directory)
01-05 04:59:34.968   525   525 I ServiceManagement: Removing namespace from process name android.hardware.usb@1.0-service.basic to usb@1.0-service.basic.
01-05 04:59:34.969   525   525 I /vendor/bin/hw/android.hardware.usb@1.0-service.basic: USB HAL Ready.
01-05 04:59:34.969   509   509 I android.hardware.bluetooth@1.0-service: vendorEnhancedInfo: 3
01-05 04:59:34.969   509   509 I android.hardware.bluetooth@1.0-service: isVendorEnhancedFramework: 1
01-05 04:59:34.969   509   509 I android.hardware.bluetooth@1.0-service: Registering BT Service
01-05 04:59:34.969   519   519 I ServiceManagement: Registered android.hardware.health@2.0::IHealth/default (start delay of 181ms)
01-05 04:59:34.970   519   519 I ServiceManagement: Removing namespace from process name android.hardware.health@2.0-service to health@2.0-service.
01-05 04:59:34.970   519   519 I health@2.0/: health@2.0/default: Hal init done
01-05 04:59:34.971   517   517 D vndksupport: Loading /vendor/lib64/hw/gralloc.msm8937.so from current namespace instead of sphal namespace.
01-05 04:59:34.975   537   537 I PerMgrSrv: Adding entry for modem : offTimeout : 500 ackTimeout : 200
01-05 04:59:34.976   509   509 E cutils-trace: Error opening trace file: No such file or directory (2)
01-05 04:59:34.977   518   518 D vndksupport: Loading /vendor/lib64/hw/android.hardware.graphics.composer@2.1-impl.so from current namespace instead of sphal namespace.
01-05 04:59:34.980   522   522 E cutils-trace: Error opening trace file: No such file or directory (2)
01-05 04:59:34.980   521   521 D vndksupport: Loading /vendor/lib64/hw/android.hardware.memtrack@1.0-impl.so from current namespace instead of sphal namespace.
01-05 04:59:34.983   531   531 D         : tui_comm: svc service starting :)
01-05 04:59:34.983   530   530 I ServiceManagement: Registered vendor.qti.hardware.qdutils_disp@1.0::IQdutilsDisp/default (start delay of 165ms)
01-05 04:59:34.983   531   531 E cutils-trace: Error opening trace file: No such file or directory (2)
01-05 04:59:34.983   530   530 I ServiceManagement: Removing namespace from process name vendor.qti.hardware.qdutils_disp@1.0-service-qti to qdutils_disp@1.0-service-qti.
01-05 04:59:34.983   530   530 E         : Registered IQdutilsDisp HAL service success!
01-05 04:59:34.985   526   526 I ServiceManagement: Registered android.hardware.vibrator@1.0::IVibrator/default (start delay of 177ms)
01-05 04:59:34.985   526   526 I ServiceManagement: Removing namespace from process name android.hardware.vibrator@1.0-service to vibrator@1.0-service.
01-05 04:59:34.986   526   526 I android.hardware.vibrator@1.0-service: Registration complete for android.hardware.vibrator@1.0::IVibrator/default.
01-05 04:59:34.989   509   509 D vndksupport: Loading /vendor/lib64/hw/android.hardware.bluetooth@1.0-impl-qti.so from current namespace instead of sphal namespace.
01-05 04:59:34.991   504   504 I Dpps    : GetInstance: DppsServer ref count increased to 1
01-05 04:59:34.991   504   504 I Dpps    : WaitForComposer():129 Waiting for composer service init
01-05 04:59:34.991   522   522 D vndksupport: Loading /vendor/lib64/hw/android.hardware.power@1.0-impl.so from current namespace instead of sphal namespace.
01-05 04:59:34.993   531   531 I ServiceManagement: Registered vendor.qti.hardware.tui_comm@1.0::ITuiComm/default (start delay of 175ms)
01-05 04:59:34.993   531   531 I ServiceManagement: Removing namespace from process name vendor.qti.hardware.tui_comm@1.0-service-qti to tui_comm@1.0-service-qti.
01-05 04:59:34.993   524   524 I ServiceManagement: Registered android.hardware.thermal@1.0::IThermal/default (start delay of 196ms)
01-05 04:59:34.994   531   531 E         : Registered ITuiComm HAL service success!
01-05 04:59:34.994   524   524 I ServiceManagement: Removing namespace from process name android.hardware.thermal@1.0-service to thermal@1.0-service.
01-05 04:59:34.994   524   524 I android.hardware.thermal@1.0-service: Registration complete for android.hardware.thermal@1.0::IThermal/default.
01-05 04:59:34.996   515   515 E cutils-trace: Error opening trace file: No such file or directory (2)
01-05 04:59:34.996   537   537 I PerMgrSrv: Peripheral Mananager service start
01-05 04:59:34.996   537   537 I PerMgrSrv: power-off timeout 500,ms; event-ack timeout 200,ms; debug-mode false
01-05 04:59:34.996   537   537 I PerMgrSrv: Statistics for : modem
01-05 04:59:34.996   537   537 I PerMgrSrv: modem: Current State : is off-line
01-05 04:59:34.996   537   537 I PerMgrSrv: modem: Voter/Listener count : 0/0
01-05 04:59:34.996   537   537 I PerMgrSrv: modem: Power on count : 0
01-05 04:59:34.996   537   537 I PerMgrSrv: modem: Power off count: 0
01-05 04:59:34.996   537   537 I PerMgrSrv: modem: Client list:
01-05 04:59:34.998   528   528 E cutils-trace: Error opening trace file: No such file or directory (2)
01-05 04:59:34.999   504   504 I ServiceManager: Waiting for service 'display.qservice' on '/dev/vndbinder'...
01-05 04:59:35.002   536   536 D QSEECOMD: : qseecom listener services process entry PPID = 1
01-05 04:59:35.002   536   536 E QSEECOMD: : Listener: index = 0, hierarchy = 0
01-05 04:59:35.003   515   515 I ServiceManagement: Registered android.hardware.drm@1.2::IDrmFactory/widevine (start delay of 225ms)
01-05 04:59:35.003   521   521 D vndksupport: Loading /vendor/lib64/hw/memtrack.msm8937.so from current namespace instead of sphal namespace.
01-05 04:59:35.004   515   515 I ServiceManagement: Removing namespace from process name android.hardware.drm@1.2-service.widevine to drm@1.2-service.widevine.
01-05 04:59:35.004   528   528 I ServiceManagement: Registered vendor.display.color@1.0::IDisplayColor/default (start delay of 196ms)
01-05 04:59:35.004   528   528 I ServiceManagement: Removing namespace from process name vendor.display.color@1.0-service to color@1.0-service.
01-05 04:59:35.007   515   515 I ServiceManagement: Registered android.hardware.drm@1.2::ICryptoFactory/widevine (start delay of 229ms)
01-05 04:59:35.007   515   515 I ServiceManagement: Removing namespace from process name android.hardware.drm@1.2-service.widevine to drm@1.2-service.widevine.
01-05 04:59:35.008   528   528 I ServiceManagement: Registered vendor.display.postproc@1.0::IDisplayPostproc/default (start delay of 200ms)
01-05 04:59:35.008   537   554 I PerMgrSrv: QMI service start
01-05 04:59:35.009   536   536 D QSEECOMD: : Init dlopen(librpmb.so, RTLD_NOW) succeeds
01-05 04:59:35.010   536   536 D QSEECOMD: : Init::Init dlsym(g_FSHandle rpmb_init_service) succeeds
01-05 04:59:35.010   522   522 D vndksupport: Loading /vendor/lib64/hw/power.qcom.so from current namespace instead of sphal namespace.
01-05 04:59:35.010   536   536 I rpmb_emmc: RPMB Mult (512-bytes sector) = 8192, Rel_sec_cnt = 32
01-05 04:59:35.010   536   536 E DrmLibRpmb: rpmb_init succeeded! with ret = 0
01-05 04:59:35.010   536   536 D QSEECOMD: : Init rpmb_init_service ret = 0
01-05 04:59:35.010   536   536 D QSEECOMD: : RPMB system services: init (Listener ID = 8192)
01-05 04:59:35.010   536   536 E QSEECOMD: : Listener: index = 1, hierarchy = 0
01-05 04:59:35.015   536   536 D QSEECOMD: : Init dlopen(libssd.so, RTLD_NOW) succeeds
01-05 04:59:35.015   536   536 D QSEECOMD: : Init::Init dlsym(g_FSHandle ssd_init_service) succeeds
01-05 04:59:35.016   536   536 E SSD     : ssd_init_service succeeded!
01-05 04:59:35.016   536   536 D QSEECOMD: : Init ssd_init_service ret = 0
01-05 04:59:35.016   536   536 D QSEECOMD: : SSD system services: init (Listener ID = 12288)
01-05 04:59:35.016   536   536 E QSEECOMD: : Listener: index = 2, hierarchy = 0
01-05 04:59:35.018   541   541 E cutils-trace: Error opening trace file: No such file or directory (2)
01-05 04:59:35.024   535   552 E Sensors : sns_reg_la.c(368):wind-log int_flag = 1
01-05 04:59:35.024   535   552 E Sensors : sns_reg_la.c(372):wind-log accel_gyro use polling mode
01-05 04:59:35.024   535   552 E Sensors : sns_reg_la.c(380):wind-log write accel polling mode
01-05 04:59:35.024   535   552 E Sensors : sns_reg_la.c(395):wind-log write gyro polling mode
01-05 04:59:35.031   521   521 I ServiceManagement: Registered android.hardware.memtrack@1.0::IMemtrack/default (start delay of 243ms)
01-05 04:59:35.031   521   521 I ServiceManagement: Removing namespace from process name android.hardware.memtrack@1.0-service to memtrack@1.0-service.
01-05 04:59:35.031   521   521 I android.hardware.memtrack@1.0-service: Registration complete for android.hardware.memtrack@1.0::IMemtrack/default.
01-05 04:59:35.032   522   522 I QTI PowerHAL: Initing
01-05 04:59:35.032   523   523 E libsensor1: check_sensors_enabled: Sensors enabled = true
01-05 04:59:35.033   536   536 D QSEECOMD: : Init dlopen(libsecureui.so, RTLD_NOW) succeeds
01-05 04:59:35.033   536   536 D QSEECOMD: : Init::Init dlsym(g_FSHandle secure_ui_init) succeeds
01-05 04:59:35.033   536   536 D QSEECOMD: : Init secure_ui_init ret = 0
01-05 04:59:35.033   536   536 D QSEECOMD: : secure UI services: init (Listener ID = 16384)
01-05 04:59:35.033   536   536 D QSEECOMD: : qseecom listener service threads starting!!! 
01-05 04:59:35.033   536   536 D QSEECOMD: : Total listener services to start = 10
01-05 04:59:35.033   536   536 E QSEECOMD: : Listener: index = 0, hierarchy = 1
01-05 04:59:35.033   536   536 D QSEECOMD: : Init dlopen(librpmb.so, RTLD_NOW) succeeds
01-05 04:59:35.033   536   536 D QSEECOMD: : Init::Init dlsym(g_FSHandle rpmb_start) succeeds
01-05 04:59:35.033   536   536 D QSEECOMAPI: QSEECom_register_listener 8192 sb_length = 0x6400
01-05 04:59:35.035   518   518 D vndksupport: Loading /vendor/lib64/hw/hwcomposer.msm8937.so from current namespace instead of sphal namespace.
01-05 04:59:35.035   511   511 E cutils-trace: Error opening trace file: No such file or directory (2)
01-05 04:59:35.036   516   516 I android.hardware.gnss@2.0-service-qti: main
01-05 04:59:35.037   516   516 E cutils-trace: Error opening trace file: No such file or directory (2)
01-05 04:59:35.039   517   517 I ServiceManagement: Registered android.hardware.graphics.allocator@2.0::IAllocator/default (start delay of 261ms)
01-05 04:59:35.039   536   536 D QSEECOMD: : Init rpmb_start ret = 0
01-05 04:59:35.039   536   536 D QSEECOMD: : RPMB system services: Started (Listener ID = 8192)
01-05 04:59:35.039   536   536 E QSEECOMD: : Listener: index = 1, hierarchy = 1
01-05 04:59:35.040   536   536 D QSEECOMD: : Init dlopen(libssd.so, RTLD_NOW) succeeds
01-05 04:59:35.040   536   536 D QSEECOMD: : Init::Init dlsym(g_FSHandle ssd_start) succeeds
01-05 04:59:35.040   536   536 D QSEECOMAPI: QSEECom_register_listener 12288 sb_length = 0x5000
01-05 04:59:35.040   517   517 I ServiceManagement: Removing namespace from process name android.hardware.graphics.allocator@2.0-service to allocator@2.0-service.
01-05 04:59:35.040   510   510 I android.hardware.camera.provider@2.4-service: CameraProvider@2.4 legacy service is starting.
01-05 04:59:35.040   517   517 I android.hardware.graphics.allocator@2.0-service: Registration complete for android.hardware.graphics.allocator@2.0::IAllocator/default.
01-05 04:59:35.041   510   510 E cutils-trace: Error opening trace file: No such file or directory (2)
01-05 04:59:35.041   511   511 I ServiceManagement: Registered android.hardware.cas@1.1::IMediaCasService/default (start delay of 273ms)
01-05 04:59:35.041   511   511 I ServiceManagement: Removing namespace from process name android.hardware.cas@1.1-service to cas@1.1-service.
01-05 04:59:35.042   516   516 D vndksupport: Loading /vendor/lib64/hw/android.hardware.gnss@2.0-impl-qti.so from current namespace instead of sphal namespace.
01-05 04:59:35.042   522   522 I ServiceManagement: Registered android.hardware.power@1.0::IPower/default (start delay of 255ms)
01-05 04:59:35.043   522   522 I ServiceManagement: Removing namespace from process name android.hardware.power@1.0-service to power@1.0-service.
01-05 04:59:35.043   522   522 I android.hardware.power@1.0-service: Registration complete for android.hardware.power@1.0::IPower/default.
01-05 04:59:35.045   509   509 I ServiceManagement: Registered android.hardware.bluetooth@1.0::IBluetoothHci/default (start delay of 287ms)
01-05 04:59:35.045   536   536 D QSEECOMD: : Init ssd_start ret = 0
01-05 04:59:35.045   536   536 D QSEECOMD: : SSD system services: Started (Listener ID = 12288)
01-05 04:59:35.045   536   536 E QSEECOMD: : Listener: index = 2, hierarchy = 1
01-05 04:59:35.045   536   536 D QSEECOMD: : Init dlopen(libsecureui.so, RTLD_NOW) succeeds
01-05 04:59:35.045   509   509 I ServiceManagement: Removing namespace from process name android.hardware.bluetooth@1.0-service-qti to bluetooth@1.0-service-qti.
01-05 04:59:35.045   536   536 D QSEECOMD: : Init::Init dlsym(g_FSHandle secure_ui_start) succeeds
01-05 04:59:35.045   509   509 I         : Registration complete for android.hardware.bluetooth@1.0::IBluetoothHci/default.
01-05 04:59:35.045   536   536 D QSEECOMAPI: QSEECom_register_listener 16384 sb_length = 0x10a8
01-05 04:59:35.048   541   541 I ServiceManagement: getService: Trying again for vendor.qti.hardware.perf@2.0::IPerf/default...
01-05 04:59:35.048   529   529 E cutils-trace: Error opening trace file: No such file or directory (2)
01-05 04:59:35.050   536   536 D QSEECOMD: : Init secure_ui_start ret = 0
01-05 04:59:35.050   536   536 D QSEECOMD: : secure UI services: Started (Listener ID = 16384)
01-05 04:59:35.050   536   536 E QSEECOMD: : Listener: index = 3, hierarchy = 1
01-05 04:59:35.051   509   509 D vndksupport: Loading /vendor/lib64/hw/vendor.qti.hardware.bluetooth_sar@1.0-impl.so from current namespace instead of sphal namespace.
01-05 04:59:35.052   529   529 I ServiceManagement: Registered vendor.qti.hardware.perf@2.1::IPerf/default (start delay of 244ms)
01-05 04:59:35.053   529   529 I ServiceManagement: Removing namespace from process name vendor.qti.hardware.perf@2.1-service to perf@2.1-service.
01-05 04:59:35.053   529   529 E vendor.qti.hardware.perf@2.1-service: Registered IPerf HAL service success!
01-05 04:59:35.054   534   534 E tftp_server: pid=534 tid=534 tftp-server : ERR :[tftp_os_la.c, 140] chown gid failed: [1000] [1000] [1] [/data/vendor/tombstones/rfs/modem] [Operation not permitted]
01-05 04:59:35.055   534   534 E tftp_server: pid=534 tid=534 tftp-server : ERR :[tftp_os_la.c, 140] chown gid failed: [1000] [1000] [1] [/data/vendor/tombstones/rfs/modem/] [Operation not permitted]
01-05 04:59:35.055   534   534 E tftp_server: pid=534 tid=534 tftp-server : ERR :[tftp_os_la.c, 140] chown gid failed: [1000] [1000] [1] [/data/vendor/tombstones/rfs/lpass] [Operation not permitted]
01-05 04:59:35.055   534   534 E tftp_server: pid=534 tid=534 tftp-server : ERR :[tftp_os_la.c, 140] chown gid failed: [1000] [1000] [1] [/data/vendor/tombstones/rfs/lpass/] [Operation not permitted]
01-05 04:59:35.055   534   534 E tftp_server: pid=534 tid=534 tftp-server : ERR :[tftp_os_la.c, 140] chown gid failed: [1000] [1000] [1] [/data/vendor/tombstones/rfs/slpi] [Operation not permitted]
01-05 04:59:35.055   534   534 E tftp_server: pid=534 tid=534 tftp-server : ERR :[tftp_os_la.c, 140] chown gid failed: [1000] [1000] [1] [/data/vendor/tombstones/rfs/slpi/] [Operation not permitted]
01-05 04:59:35.058   510   510 D vndksupport: Loading /vendor/lib/hw/android.hardware.camera.provider@2.4-impl.so from current namespace instead of sphal namespace.
01-05 04:59:35.060   509   509 E vendor.qti.hardware.bluetooth_sar@1.0-BluetoothSar: HIDL_FETCH_IBluetoothSar
01-05 04:59:35.062   536   536 D QSEECOMD: : Init dlopen(libdrmtime.so, RTLD_NOW) succeeds
01-05 04:59:35.062   536   536 D QSEECOMD: : Init::Init dlsym(g_FSHandle atime_start) succeeds
01-05 04:59:35.062   536   536 D DrmLibTime: QSEE Time Listener: atime_start
01-05 04:59:35.062   536   536 D QSEECOMAPI: QSEECom_register_listener 11 sb_length = 0x5000
01-05 04:59:35.063   509   509 I ServiceManagement: Registered vendor.qti.hardware.bluetooth_sar@1.0::IBluetoothSar/default (start delay of 305ms)
01-05 04:59:35.063   509   509 I         : Registration complete for vendor.qti.hardware.bluetooth_sar@1.0::IBluetoothSar/default.
01-05 04:59:35.063   509   509 I android.hardware.bluetooth@1.0-service: Registering BT Config store Service
01-05 04:59:35.066   509   509 D vndksupport: Loading /vendor/lib64/hw/vendor.qti.hardware.btconfigstore@1.0-impl.so from current namespace instead of sphal namespace.
01-05 04:59:35.069   536   536 D DrmLibTime: registering fs service to QSEECom is done!
01-05 04:59:35.070   536   536 D DrmLibTime: begin to create a thread!
01-05 04:59:35.070   536   536 D DrmLibTime: Creating a pthread in atime_start is done! return 0
01-05 04:59:35.070   536   536 D QSEECOMD: : Init atime_start ret = 0
01-05 04:59:35.070   536   536 D QSEECOMD: : time services: Started (Listener ID = 11)
01-05 04:59:35.070   536   536 E QSEECOMD: : Listener: index = 4, hierarchy = 1
01-05 04:59:35.070   536   536 D QSEECOMD: : Init dlopen(libdrmfs.so, RTLD_NOW) succeeds
01-05 04:59:35.070   536   536 D QSEECOMD: : Init::Init dlsym(g_FSHandle fs_start) succeeds
01-05 04:59:35.070   536   536 D QSEECOMAPI: QSEECom_register_listener 10 sb_length = 0x5000
01-05 04:59:35.071   536   572 D DrmLibTime: QSEE Time Listener: dispatch
01-05 04:59:35.071   536   572 D DrmLibTime: before calling ioctl to read the next time_cmd
01-05 04:59:35.072   509   509 I ServiceManagement: Registered vendor.qti.hardware.btconfigstore@1.0::IBTConfigStore/default (start delay of 314ms)
01-05 04:59:35.072   509   509 I         : Registration complete for vendor.qti.hardware.btconfigstore@1.0::IBTConfigStore/default.
01-05 04:59:35.072   512   512 W /vendor/bin/hw/android.hardware.configstore@1.1-service: libminijail[512]: allowing syscall: connect
01-05 04:59:35.073   512   512 W /vendor/bin/hw/android.hardware.configstore@1.1-service: libminijail[512]: allowing syscall: fcntl
01-05 04:59:35.073   512   512 W /vendor/bin/hw/android.hardware.configstore@1.1-service: libminijail[512]: allowing syscall: sendto
01-05 04:59:35.073   512   512 W /vendor/bin/hw/android.hardware.configstore@1.1-service: libminijail[512]: allowing syscall: socket
01-05 04:59:35.073   512   512 W /vendor/bin/hw/android.hardware.configstore@1.1-service: libminijail[512]: allowing syscall: writev
01-05 04:59:35.073   541   541 I lowmemorykiller: Using in-kernel low memory killer interface
01-05 04:59:35.076   536   536 D QSEECOMD: : Init fs_start ret = 0
01-05 04:59:35.076   536   536 D QSEECOMD: : file system services: Started (Listener ID = 10)
01-05 04:59:35.076   536   536 E QSEECOMD: : Listener: index = 5, hierarchy = 1
01-05 04:59:35.076   536   536 D QSEECOMD: : Init dlopen(libdrmfs.so, RTLD_NOW) succeeds
01-05 04:59:35.076   536   536 D QSEECOMD: : Init::Init dlsym(g_FSHandle gpfs_start) succeeds
01-05 04:59:35.077   512   512 W /vendor/bin/hw/android.hardware.configstore@1.1-service: libminijail[512]: logging seccomp filter failures
01-05 04:59:35.078   536   536 E DrmLibFs: Error: Invalid config file
01-05 04:59:35.078   536   536 E DrmLibFs: Data path not parsed: Using default data path: /data/vendor/tzstorage/
01-05 04:59:35.078   536   536 E DrmLibFs: Persist path not parsed: Using default persist path: /mnt/vendor/persist/data/
01-05 04:59:35.078   536   536 D QSEECOMAPI: QSEECom_register_listener 28672 sb_length = 0x7e000
01-05 04:59:35.079   512   512 E cutils-trace: Error opening trace file: No such file or directory (2)
01-05 04:59:35.082   536   536 D QSEECOMD: : Init gpfs_start ret = 0
01-05 04:59:35.082   536   536 D QSEECOMD: : gpfile system services: Started (Listener ID = 28672)
01-05 04:59:35.082   536   536 E QSEECOMD: : Listener: index = 6, hierarchy = 1
01-05 04:59:35.083   527   527 I android.hardware.wifi@1.0-service: Wifi Hal is booting up...
01-05 04:59:35.083   512   512 I ServiceManagement: Registered android.hardware.configstore@1.1::ISurfaceFlingerConfigs/default (start delay of 315ms)
01-05 04:59:35.083   512   512 I ServiceManagement: Removing namespace from process name android.hardware.configstore@1.1-service to configstore@1.1-service.
01-05 04:59:35.084   527   527 E cutils-trace: Error opening trace file: No such file or directory (2)
01-05 04:59:35.086   536   536 D QSEECOMD: : Init dlopen(libqisl.so, RTLD_NOW) succeeds
01-05 04:59:35.086   536   536 D QSEECOMD: : Init::Init dlsym(g_FSHandle qisl_start) succeeds
01-05 04:59:35.086   527   527 I ServiceManagement: Registered android.hardware.wifi@1.3::IWifi/default (start delay of 279ms)
01-05 04:59:35.087   527   527 I ServiceManagement: Removing namespace from process name android.hardware.wifi@1.0-service to wifi@1.0-service.
01-05 04:59:35.087   536   578 I QISL    : QSEE Interrupt Service Listener Thread is started
01-05 04:59:35.087   536   578 D QSEECOMAPI: QSEECom_register_listener 36864 sb_length = 0x1f4
01-05 04:59:35.089   536   578 I QISL    : QSEE Interrupt Service Listener was activated successfully
01-05 04:59:35.089   536   536 D QSEECOMD: : Init qisl_start ret = 0
01-05 04:59:35.089   536   536 D QSEECOMD: : interrupt services: Started (Listener ID = 36864)
01-05 04:59:35.089   536   536 E QSEECOMD: : Listener: index = 7, hierarchy = 1
01-05 04:59:35.090   536   536 E QSEECOMD: : Init dlopen(libspl.so, RLTD_NOW) is failed.... dlopen failed: library "libspl.so" not found
01-05 04:59:35.090   536   536 E QSEECOMD: : Listener: index = 8, hierarchy = 1
01-05 04:59:35.094   536   536 D QSEECOMD: : Init dlopen(libGPreqcancel.so, RTLD_NOW) succeeds
01-05 04:59:35.094   536   536 D QSEECOMD: : Init::Init dlsym(g_FSHandle gp_reqcancel_start) succeeds
01-05 04:59:35.094   536   536 D QSEECOMAPI: QSEECom_register_listener 4352 sb_length = 0x5000
01-05 04:59:35.099   504   504 I ServiceManager: Waiting for service 'display.qservice' on '/dev/vndbinder'...
01-05 04:59:35.101   536   536 D QSEECOMD: : Init gp_reqcancel_start ret = 0
01-05 04:59:35.101   536   536 D QSEECOMD: : gp request cancellation services: Started (Listener ID = 4352)
01-05 04:59:35.101   536   536 E QSEECOMD: : Listener: index = 9, hierarchy = 1
01-05 04:59:35.102   536   536 E QSEECOMD: : Init dlopen(libops.so, RLTD_NOW) is failed.... dlopen failed: library "libops.so" not found
01-05 04:59:35.117   536   536 D QSEECOMD: : QSEECOM DAEMON RUNNING 
01-05 04:59:35.120   508   508 E cutils-trace: Error opening trace file: No such file or directory (2)
01-05 04:59:35.122   508   508 D vndksupport: Loading /vendor/lib/hw/android.hardware.audio@5.0-impl.so from current namespace instead of sphal namespace.
01-05 04:59:35.131   508   508 I ServiceManagement: Registered android.hardware.audio@5.0::IDevicesFactory/default (start delay of 373ms)
01-05 04:59:35.132   508   508 I ServiceManagement: Removing namespace from process name android.hardware.audio@2.0-service to audio@2.0-service.
01-05 04:59:35.132   508   508 I audiohalservice: Registration complete for android.hardware.audio@5.0::IDevicesFactory/default.
01-05 04:59:35.133   508   508 D vndksupport: Loading /vendor/lib/hw/android.hardware.audio.effect@5.0-impl.so from current namespace instead of sphal namespace.
01-05 04:59:35.141   516   516 D LocSvc_LBSProxy: checkIfLocationExtendedClientExists] File does not Exist
01-05 04:59:35.150   510   510 D vndksupport: Loading /vendor/lib/hw/camera.msm8937.so from current namespace instead of sphal namespace.
01-05 04:59:35.153   516   577 I LocSvc_CtxBase: readConfig] GNSS Deployment: QGNSS
01-05 04:59:35.154   518   518 I ServiceManagement: Registered vendor.display.config@1.9::IDisplayConfig/default (start delay of 376ms)
01-05 04:59:35.154   518   518 I SDM     : HWCSession::StartServices: IDisplayConfig service registration completed.
01-05 04:59:35.154   518   518 D vndksupport: Loading /vendor/lib64/hw/gralloc.msm8937.so from current namespace instead of sphal namespace.
01-05 04:59:35.157   516   516 I ServiceManagement: Registered android.hardware.gnss@2.0::IGnss/default (start delay of 379ms)
01-05 04:59:35.157   516   516 I ServiceManagement: Removing namespace from process name android.hardware.gnss@2.0-service-qti to gnss@2.0-service-qti.
01-05 04:59:35.158   516   596 I LocSvc_BatteryListener: init:108] Get health service in 0 tries
01-05 04:59:35.158   516   516 I android.hardware.gnss@2.0-service-qti: Registration complete for android.hardware.gnss@2.0::IGnss/default.
01-05 04:59:35.158   508   508 I ServiceManagement: Registered android.hardware.audio.effect@5.0::IEffectsFactory/default (start delay of 400ms)
01-05 04:59:35.158   508   508 I audiohalservice: Registration complete for android.hardware.audio.effect@5.0::IEffectsFactory/default.
01-05 04:59:35.162   508   508 D vndksupport: Loading /vendor/lib/hw/android.hardware.soundtrigger@2.2-impl.so from current namespace instead of sphal namespace.
01-05 04:59:35.165   518   518 I SDM     : ExtensionInterface::CreateExtensionInterface: 
01-05 04:59:35.165   518   518 I SDM     : SDM-EXTENSION Version: Date: 08/28/19, Commit: 27121f1, Change: Ibd1f5bcfa4
01-05 04:59:35.165   516   591 I LocSvc_api_v02: locClientOpen:2179]: Service instance id is -1
01-05 04:59:35.165   516   591 I LocSvc_api_v02: ---> locClientOpenInstance line 2054 loc client open
01-05 04:59:35.166   518   518 I SDM     : HWInfo::GetHWResourceInfo: SDE Version = 5, SDE Revision = 100e0000, RGB = 2, VIG = 1, DMA = 1, Cursor = 1
01-05 04:59:35.166   518   518 I SDM     : HWInfo::GetHWResourceInfo: Upscale Ratio = 20, Downscale Ratio = 4, Blending Stages = 4
01-05 04:59:35.166   518   518 I SDM     : HWInfo::GetHWResourceInfo: SourceSplit = 0 QSEED3 = 0
01-05 04:59:35.166   518   518 I SDM     : HWInfo::GetHWResourceInfo: BWC = 0, UBWC = 1, Decimation = 1, Tile Format = 0 Concurrent Writeback = 0
01-05 04:59:35.166   518   518 I SDM     : HWInfo::GetHWResourceInfo: MaxLowBw = 3100000 , MaxHighBw = 3100000
01-05 04:59:35.166   518   518 I SDM     : HWInfo::GetHWResourceInfo: MaxPipeBw = 2300000 KBps, MaxSDEClock = 320000000 Hz, ClockFudgeFactor = 1.050000
01-05 04:59:35.166   518   518 I SDM     : HWInfo::GetHWResourceInfo: Prefill factors: Tiled_NV12 = 8, Tiled = 4, Linear = 1, Scale = 1, Fudge_factor = 2
01-05 04:59:35.167   518   518 I SDM     : HWInfo::GetMDSSRotatorInfo: MDSS Rotator: Count = 1, Downscale = 1, Min_downscale = 2.000000
01-05 04:59:35.167   518   518 I SDM     : HWInfo::GetHWResourceInfo: Has Support for multiple bw limits shown below
01-05 04:59:35.167   518   518 I SDM     : HWInfo::GetHWResourceInfo: Mode-index=0  total_bw_limit=3100000 and pipe_bw_limit=2300000
01-05 04:59:35.167   518   518 I SDM     : HWInfo::GetHWResourceInfo: Mode-index=1  total_bw_limit=1700000 and pipe_bw_limit=2300000
01-05 04:59:35.167   518   518 I SDM     : HWInfo::GetHWResourceInfo: Mode-index=2  total_bw_limit=3100000 and pipe_bw_limit=2300000
01-05 04:59:35.167   518   518 I SDM     : HWInfo::GetHWResourceInfo: Mode-index=3  total_bw_limit=3100000 and pipe_bw_limit=2300000
01-05 04:59:35.168   518   518 I SDM     : SessionManager::SessionManager: Allocate buffers synchronously = 0
01-05 04:59:35.168   516   591 E QMI_FW  : QMUXD: WARNING qmi_qmux_if_pwr_up_init failed! rc=-6
01-05 04:59:35.177   597   597 I /system/bin/flags_health_check: ServerConfigurableFlagsReset reset_mode value: 1
01-05 04:59:35.177   597   597 I /system/bin/flags_health_check: ServerConfigurableFlagsReset updatable crashing detected, resetting flags.
01-05 04:59:35.178   592   592 E PerMgrProxy: Starting pm-proxy service
01-05 04:59:35.179   537   557 D PerMgrSrv: modem state: is off-line, add client PM-PROXY-THREAD
01-05 04:59:35.180   537   557 D PerMgrSrv: PM-PROXY-THREAD registered
01-05 04:59:35.180   592   592 D PerMgrLib: PM-PROXY-THREAD successfully registered for modem
01-05 04:59:35.180   592   592 I PerMgrProxy: Casting proxy vote for modem
01-05 04:59:35.180   592   592 D PerMgrLib: PM-PROXY-THREAD voting for modem
01-05 04:59:35.181   508   508 D vndksupport: Loading /vendor/lib/hw/sound_trigger.primary.msm8937.so from current namespace instead of sphal namespace.
01-05 04:59:35.181   537   557 D PerMgrSrv: PM-PROXY-THREAD voting for modem
01-05 04:59:35.181   537   557 D PerMgrSrv: modem new state: going on-line
01-05 04:59:35.181   537   557 D PerMgrSrv: modem num voters is 1
01-05 04:59:35.181   592   592 I PerMgrProxy: pm-proxy-thread vote successful for modem
01-05 04:59:35.186   518   586 W SDM     : HWCSession::UEventThread: UEvent dropped. No uevent listener.
01-05 04:59:35.189   518   518 I SDM     : CoreInterface::CreateCore: Open interface handle = 0x794de34000
01-05 04:59:35.189   518   518 I SDM     : HWCSession::Register: Set uevent listener = 0x794de26280
01-05 04:59:35.189   518   518 I SDM     : HWInfo::GetFirstDisplayInterfaceType: First display is internal display
01-05 04:59:35.189   518   518 I SDM     : CPUHint::Init: Invalid CPU Hint Pre-enable Window -1
01-05 04:59:35.191   518   518 I SDM     : HWDevice::GetHWPanelMaxBrightnessFromNode: Max brightness level = 255
01-05 04:59:35.191   518   518 I SDM     : HWDevice::Init: access(/dev/graphics/fb0) successful
01-05 04:59:35.191   518   518 I SDM     : HWDevice::GetHWPanelMaxBrightnessFromNode: Max brightness level = 255
01-05 04:59:35.191   518   518 I SDM     : HWDevice::PopulateHWPanelInfo: Device type = 0, Display Port = 1, Display Mode = 1, Device Node = 0, Is Primary = 1
01-05 04:59:35.192   518   518 I SDM     : HWDevice::PopulateHWPanelInfo: Partial Update = 0, supported roi_count =1, Dynamic FPS = 0
01-05 04:59:35.192   518   518 I SDM     : HWDevice::PopulateHWPanelInfo: Align: left = 0, width = 0, top = 0, height = 0
01-05 04:59:35.192   518   518 I SDM     : HWDevice::PopulateHWPanelInfo: ROI: min_width = 0, min_height = 0, need_merge = 0
01-05 04:59:35.192   518   518 I SDM     : HWDevice::PopulateHWPanelInfo: FPS: min = 0, max =0
01-05 04:59:35.192   518   518 I SDM     : HWDevice::PopulateHWPanelInfo: Ping Pong Split = 0
01-05 04:59:35.192   518   518 I SDM     : HWDevice::PopulateHWPanelInfo: Left Split = 0, Right Split = 0
01-05 04:59:35.193   518   518 I SDM     : HWDevice::GetHWPanelMaxBrightnessFromNode: Max brightness level = 255
01-05 04:59:35.194   518   518 I SDM     : HWDevice::GetHWPanelMaxBrightnessFromNode: Max brightness level = 255
01-05 04:59:35.194   518   518 W SDM     : HWDevice::GetHWPanelInfoByNode: Failed to open msm_fb_panel_info node device node 2
01-05 04:59:35.194   518   518 W SDM     : HWDevice::GetHWPanelInfoByNode: Failed to open msm_fb_panel_info node device node 3
01-05 04:59:35.194   518   518 I SDM     : HWDevice::GetHWPanelMaxBrightnessFromNode: Max brightness level = 255
01-05 04:59:35.195   518   518 I SDM     : HWDevice::GetHWPanelMaxBrightnessFromNode: Max brightness level = 255
