--------- beginning of main
01-04 20:58:09.871   399   399 W auditd  : type=2000 audit(0.0:1): initialized
01-04 20:58:11.943   399   399 I auditd  : type=1403 audit(0.0:2): policy loaded auid=4294967295 ses=4294967295
01-04 20:58:11.943   399   399 W auditd  : type=1404 audit(0.0:3): enforcing=1 old_enforcing=0 auid=4294967295 ses=4294967295
01-04 20:58:14.450   402   402 I SELinux : SELinux: Loaded service_contexts from:
01-04 20:58:14.450   402   402 I SELinux :     /vendor/etc/selinux/vndservice_contexts
01-04 20:58:14.452   400   400 I SELinux : SELinux: Loaded service_contexts from:
01-04 20:58:14.454   400   400 I SELinux :     /system/etc/selinux/plat_service_contexts
01-04 20:58:14.483   404   404 W vold    : type=1400 audit(0.0:4): avc: denied { open } for path="/vendor/lib64/vendor.qti.hardware.cryptfshw@1.0.so" dev="mmcblk0p25" ino=3012 scontext=u:r:vold:s0 tcontext=u:object_r:vendor_file:s0 tclass=file permissive=0
01-04 20:58:14.483   404   404 W vold    : type=1400 audit(0.0:5): avc: denied { getattr } for path="/system/product/lib64/vendor.qti.hardware.cryptfshw@1.0.so" dev="mmcblk0p24" ino=3395 scontext=u:r:vold:s0 tcontext=u:object_r:same_process_hal_file:s0 tclass=file permissive=0
--------- beginning of crash
01-04 20:58:14.488   404   404 F linker  : CANNOT LINK EXECUTABLE "/system/bin/vold": unable to stat file for the library "vendor.qti.hardware.cryptfshw@1.0.so": Permission denied
01-04 20:58:14.509   401   401 I hwservicemanager: hwservicemanager is ready now.
01-04 20:59:05.320   425   425 W vold    : type=1400 audit(0.0:6): avc: denied { open } for path="/vendor/lib64/vendor.qti.hardware.cryptfshw@1.0.so" dev="mmcblk0p25" ino=3012 scontext=u:r:vold:s0 tcontext=u:object_r:vendor_file:s0 tclass=file permissive=0
01-04 20:59:05.320   425   425 W vold    : type=1400 audit(0.0:7): avc: denied { getattr } for path="/system/product/lib64/vendor.qti.hardware.cryptfshw@1.0.so" dev="mmcblk0p24" ino=3395 scontext=u:r:vold:s0 tcontext=u:object_r:same_process_hal_file:s0 tclass=file permissive=0
01-04 20:59:05.325   425   425 F linker  : CANNOT LINK EXECUTABLE "/system/bin/vold": unable to stat file for the library "vendor.qti.hardware.cryptfshw@1.0.so": Permission denied
01-04 20:59:05.413   430   430 W vold    : type=1400 audit(0.0:8): avc: denied { open } for path="/vendor/lib64/vendor.qti.hardware.cryptfshw@1.0.so" dev="mmcblk0p25" ino=3012 scontext=u:r:vold:s0 tcontext=u:object_r:vendor_file:s0 tclass=file permissive=0
01-04 20:59:05.413   430   430 W vold    : type=1400 audit(0.0:9): avc: denied { getattr } for path="/system/product/lib64/vendor.qti.hardware.cryptfshw@1.0.so" dev="mmcblk0p24" ino=3395 scontext=u:r:vold:s0 tcontext=u:object_r:same_process_hal_file:s0 tclass=file permissive=0
01-04 20:59:05.418   430   430 F linker  : CANNOT LINK EXECUTABLE "/system/bin/vold": unable to stat file for the library "vendor.qti.hardware.cryptfshw@1.0.so": Permission denied
01-04 20:59:05.444   427   427 E cutils-trace: Error opening trace file: No such file or directory (2)
01-04 20:59:05.444   401   401 E cutils-trace: Error opening trace file: No such file or directory (2)
01-04 20:59:05.445   429   429 E cutils-trace: Error opening trace file: No such file or directory (2)
01-04 20:59:05.448   428   428 E cutils-trace: Error opening trace file: No such file or directory (2)
01-04 20:59:05.485   427   427 D vndksupport: Loading /vendor/lib64/hw/android.hardware.gatekeeper@1.0-impl-qti.so from current namespace instead of sphal namespace.
01-04 20:59:05.485   429   429 I ServiceManagement: Registered vendor.qti.hardware.cryptfshw@1.0::ICryptfsHw/default (start delay of 87ms)
01-04 20:59:05.486   429   429 I ServiceManagement: Removing namespace from process name vendor.qti.hardware.cryptfshw@1.0-service-qti.qsee to cryptfshw@1.0-service-qti.qsee.
01-04 20:59:05.486   428   428 D vndksupport: Loading /vendor/lib64/hw/android.hardware.keymaster@3.0-impl-qti.so from current namespace instead of sphal namespace.
01-04 20:59:56.150   433   433 W vold    : type=1400 audit(0.0:10): avc: denied { open } for path="/vendor/lib64/vendor.qti.hardware.cryptfshw@1.0.so" dev="mmcblk0p25" ino=3012 scontext=u:r:vold:s0 tcontext=u:object_r:vendor_file:s0 tclass=file permissive=0
01-04 20:59:56.150   433   433 W vold    : type=1400 audit(0.0:11): avc: denied { getattr } for path="/system/product/lib64/vendor.qti.hardware.cryptfshw@1.0.so" dev="mmcblk0p24" ino=3395 scontext=u:r:vold:s0 tcontext=u:object_r:same_process_hal_file:s0 tclass=file permissive=0
01-04 20:59:56.153   433   433 F linker  : CANNOT LINK EXECUTABLE "/system/bin/vold": unable to stat file for the library "vendor.qti.hardware.cryptfshw@1.0.so": Permission denied
01-04 20:59:56.227   435   435 E fsverity_init: Failed to load /product/etc/security/fsverity/*.der
01-04 20:59:56.241   436   436 E /system/bin/mini-keyctl: Failed to open /proc/keys: No such file or directory
01-04 20:59:56.241   436   436 E /system/bin/mini-keyctl: Cannot find keyring id
01-04 20:59:56.255   437   437 E fsverity_init: Failed to restrict .fs-verity keyring
01-04 20:59:56.292   438   438 I ServiceManager: Waiting for service 'vold' on '/dev/binder'...
01-04 21:00:01.100   438   438 I chatty  : uid=0(root) /system/bin/apexd identical 48 lines
01-04 21:00:01.200   438   438 I ServiceManager: Waiting for service 'vold' on '/dev/binder'...
01-04 21:00:01.300   438   438 W ServiceManager: Service vold didn't start. Returning NULL
01-04 21:00:01.300   438   438 E apexd   : Could not retrieve vold service: Failed to retrieve vold service.
01-04 21:00:01.300   438   438 I apexd   : Marking APEXd as starting
01-04 21:00:01.301   438   438 I apexd   : Scanning /system/apex for embedded keys
01-04 21:00:01.303   438   438 I apexd   : Scanning /product/apex for embedded keys
01-04 21:00:01.303   438   438 I apexd   : ... does not exist. Skipping
01-04 21:00:01.303   438   438 I apexd   : Populating APEX database from mounts...
01-04 21:00:01.304   438   438 E apexd   : Failed to walk /product/apex : Can't open /product/apex for reading : No such file or directory
01-04 21:00:01.304   438   438 I apexd   : Found "/apex/com.android.tzdata@290000000"
01-04 21:00:01.304   438   438 I apexd   : Found "/apex/com.android.runtime@1"
01-04 21:00:01.304   438   438 I apexd   : 2 packages restored.
01-04 21:00:01.305   438   438 I apexd   : Scanning /data/apex/sessions looking for sessions to be activated.
01-04 21:00:01.305   438   438 I apexd   : Scanning /data/apex/active looking for APEX packages.
01-04 21:00:01.305   438   438 I apexd   : Activated 0 packages. Skipped: 0
01-04 21:00:01.305   438   438 I apexd   : Scanning /system/apex looking for APEX packages.
01-04 21:00:01.306   438   438 I apexd   : Found /system/apex/com.android.conscrypt
01-04 21:00:01.306   438   438 V apexd   : Creating mount point: /apex/com.android.conscrypt@290000000
01-04 21:00:01.306   438   438 I apexd   : Successfully bind-mounted flattened package /system/apex/com.android.conscrypt on /apex/com.android.conscrypt@290000000
01-04 21:00:01.306   438   438 V apexd   : Creating bind-mount for /apex/com.android.conscrypt for /apex/com.android.conscrypt@290000000
01-04 21:00:01.307   438   438 V apexd   : Creating mountpoint /apex/com.android.conscrypt
01-04 21:00:01.307   438   438 V apexd   : Bind-mounting /apex/com.android.conscrypt@290000000 to /apex/com.android.conscrypt
01-04 21:00:01.307   438   438 D apexd   : Successfully activated /system/apex/com.android.conscrypt package_name: com.android.conscrypt version: 290000000
01-04 21:00:01.307   438   438 I apexd   : Found /system/apex/com.android.tzdata
01-04 21:00:01.307   438   438 I apexd   : Skipping activation of /system/apex/com.android.tzdata same package with higher version 290000000 is already active
01-04 21:00:01.307   438   438 I apexd   : Found /system/apex/com.android.media
01-04 21:00:01.307   438   438 V apexd   : Creating mount point: /apex/com.android.media@290000000
01-04 21:00:01.307   438   438 I apexd   : Successfully bind-mounted flattened package /system/apex/com.android.media on /apex/com.android.media@290000000
01-04 21:00:01.308   438   438 V apexd   : Creating bind-mount for /apex/com.android.media for /apex/com.android.media@290000000
01-04 21:00:01.308   438   438 V apexd   : Creating mountpoint /apex/com.android.media
01-04 21:00:01.308   438   438 V apexd   : Bind-mounting /apex/com.android.media@290000000 to /apex/com.android.media
01-04 21:00:01.308   438   438 D apexd   : Successfully activated /system/apex/com.android.media package_name: com.android.media version: 290000000
01-04 21:00:01.308   438   438 I apexd   : Found /system/apex/com.android.resolv
01-04 21:00:01.308   438   438 V apexd   : Creating mount point: /apex/com.android.resolv@290000000
01-04 21:00:01.308   438   438 I apexd   : Successfully bind-mounted flattened package /system/apex/com.android.resolv on /apex/com.android.resolv@290000000
01-04 21:00:01.308   438   438 V apexd   : Creating bind-mount for /apex/com.android.resolv for /apex/com.android.resolv@290000000
01-04 21:00:01.308   438   438 V apexd   : Creating mountpoint /apex/com.android.resolv
01-04 21:00:01.309   438   438 V apexd   : Bind-mounting /apex/com.android.resolv@290000000 to /apex/com.android.resolv
01-04 21:00:01.309   438   438 D apexd   : Successfully activated /system/apex/com.android.resolv package_name: com.android.resolv version: 290000000
01-04 21:00:01.309   438   438 I apexd   : Found /system/apex/com.android.runtime.debug
01-04 21:00:01.309   438   438 I apexd   : Skipping activation of /system/apex/com.android.runtime.debug same package with higher version 1 is already active
01-04 21:00:01.309   438   438 I apexd   : Found /system/apex/com.android.media.swcodec
01-04 21:00:01.309   438   438 V apexd   : Creating mount point: /apex/com.android.media.swcodec@290000000
01-04 21:00:01.309   438   438 I apexd   : Successfully bind-mounted flattened package /system/apex/com.android.media.swcodec on /apex/com.android.media.swcodec@290000000
01-04 21:00:01.310   438   438 V apexd   : Creating bind-mount for /apex/com.android.media.swcodec for /apex/com.android.media.swcodec@290000000
01-04 21:00:01.310   438   438 V apexd   : Creating mountpoint /apex/com.android.media.swcodec
01-04 21:00:01.310   438   438 V apexd   : Bind-mounting /apex/com.android.media.swcodec@290000000 to /apex/com.android.media.swcodec
01-04 21:00:01.310   438   438 D apexd   : Successfully activated /system/apex/com.android.media.swcodec package_name: com.android.media.swcodec version: 290000000
01-04 21:00:01.310   438   438 I apexd   : Activated 4 packages. Skipped: 2
01-04 21:00:01.310   438   438 I apexd   : Scanning /product/apex looking for APEX packages.
01-04 21:00:01.310   438   438 E apexd   : Failed to activate packages from /product/apex : Failed to scan /product/apex : Can't open /product/apex for reading : No such file or directory
01-04 21:00:01.311   438   438 I apexd   : Marking APEXd as ready
01-04 21:00:01.380   441   441 W vold    : type=1400 audit(0.0:12): avc: denied { open } for path="/vendor/lib64/vendor.qti.hardware.cryptfshw@1.0.so" dev="mmcblk0p25" ino=3012 scontext=u:r:vold:s0 tcontext=u:object_r:vendor_file:s0 tclass=file permissive=0
01-04 21:00:01.380   441   441 W vold    : type=1400 audit(0.0:13): avc: denied { getattr } for path="/system/product/lib64/vendor.qti.hardware.cryptfshw@1.0.so" dev="mmcblk0p24" ino=3395 scontext=u:r:vold:s0 tcontext=u:object_r:same_process_hal_file:s0 tclass=file permissive=0
01-04 21:00:01.385   441   441 F linker  : CANNOT LINK EXECUTABLE "/system/bin/vold": unable to stat file for the library "vendor.qti.hardware.cryptfshw@1.0.so": Permission denied
01-04 21:00:01.386   438   438 I apexd   : Updatable crashing, attempting rollback
01-04 21:00:01.386   438   438 E apexd   : Rollback failed : Rollback requested, when there are no active sessions.
01-04 21:00:52.143   443   443 W vold    : type=1400 audit(0.0:14): avc: denied { open } for path="/vendor/lib64/vendor.qti.hardware.cryptfshw@1.0.so" dev="mmcblk0p25" ino=3012 scontext=u:r:vold:s0 tcontext=u:object_r:vendor_file:s0 tclass=file permissive=0
01-04 21:00:52.143   443   443 W vold    : type=1400 audit(0.0:15): avc: denied { getattr } for path="/system/product/lib64/vendor.qti.hardware.cryptfshw@1.0.so" dev="mmcblk0p24" ino=3395 scontext=u:r:vold:s0 tcontext=u:object_r:same_process_hal_file:s0 tclass=file permissive=0
01-04 21:00:52.146   443   443 F linker  : CANNOT LINK EXECUTABLE "/system/bin/vold": unable to stat file for the library "vendor.qti.hardware.cryptfshw@1.0.so": Permission denied
01-04 21:00:52.194   444   444 I /system/bin/tzdatacheck: timezone distro dir /data/misc/zoneinfo/current does not exist. No action required.
01-04 21:00:52.252   446   446 I art_apex: === ART pre-boot integrity checks ===
01-04 21:00:52.282   448   448 F art_apex: Device is not fsverity-enabled.
01-04 21:00:52.333   450   450 E /system/bin/recovery-persist: Failed to unlink /cache/recovery/last_install: No such file or directory
01-04 21:00:52.340   452   452 I /system/bin/flags_health_check: ServerConfigurableFlagsReset reset_mode value: 0
01-04 21:00:52.340   452   452 I /system/bin/flags_health_check: ServerConfigurableFlagsReset attempted boot count is under threshold, skipping reset.
01-04 21:00:52.350   455   455 W ueventd : type=1400 audit(0.0:16): avc: denied { open } for path="/vendor/firmware_mnt/image/adsp.mdt" dev="mmcblk0p1" ino=4 scontext=u:r:ueventd:s0 tcontext=u:object_r:vfat:s0 tclass=file permissive=0
01-04 21:00:52.370   453   453 I bootstat: Service started: /system/bin/bootstat --set_system_boot_reason 
01-04 21:00:52.370   453   453 I bootstat: Canonical boot reason: reboot
01-04 21:00:52.371   453   453 I bootstat: Canonical boot reason: reboot
01-04 21:00:52.446   460   460 I BOOT    : MSM target '', SoC 'MTP', HwID '294', SoC ver '65536'
01-04 21:00:52.460   461   461 W DRM_BOOT: file: '/sys/module/drm/parameters/vblankoffdelay' or perms doesn't exist
01-04 21:00:52.861   490   490 E cutils-trace: Error opening trace file: No such file or directory (2)
01-04 21:00:52.863   490   490 D vndksupport: Loading /vendor/lib64/hw/android.hardware.drm@1.0-impl.so from current namespace instead of sphal namespace.
01-04 21:00:52.883   510   510 I vendor.rmt_storage: Modem subsystem found on target!
01-04 21:00:52.884   510   510 I vendor.rmt_storage: Shared memory initialised successfully.
01-04 21:00:52.884   510   510 I vendor.rmt_storage: Registering modemst1: 0x4a /boot/modem_fs1
01-04 21:00:52.884   510   510 I vendor.rmt_storage: Registering modemst2: 0x4b /boot/modem_fs2
01-04 21:00:52.884   510   510 I vendor.rmt_storage: Registering fsc: 0xff /boot/modem_fsc
01-04 21:00:52.884   510   510 I vendor.rmt_storage: Registering fsg: 0x58 /boot/modem_fsg
01-04 21:00:52.884   510   510 I vendor.rmt_storage: 4 GPT partitions found
01-04 21:00:52.884   510   510 I vendor.rmt_storage: Capset success!
01-04 21:00:52.890   520   520 W vold    : type=1400 audit(0.0:17): avc: denied { open } for path="/vendor/lib64/vendor.qti.hardware.cryptfshw@1.0.so" dev="mmcblk0p25" ino=3012 scontext=u:r:vold:s0 tcontext=u:object_r:vendor_file:s0 tclass=file permissive=0
01-04 21:00:52.890   520   520 W vold    : type=1400 audit(0.0:18): avc: denied { getattr } for path="/system/product/lib64/vendor.qti.hardware.cryptfshw@1.0.so" dev="mmcblk0p24" ino=3395 scontext=u:r:vold:s0 tcontext=u:object_r:same_process_hal_file:s0 tclass=file permissive=0
--------- beginning of system
01-04 21:00:52.931   509   509 I irsc_util: Starting irsc tool
01-04 21:00:52.934   483   483 E cutils-trace: Error opening trace file: No such file or directory (2)
01-04 21:00:52.938   498   498 E cutils-trace: Error opening trace file: No such file or directory (2)
01-04 21:00:52.941   520   520 F linker  : CANNOT LINK EXECUTABLE "/system/bin/vold": unable to stat file for the library "vendor.qti.hardware.cryptfshw@1.0.so": Permission denied
01-04 21:00:52.948   483   483 I ServiceManagement: Registered android.hidl.allocator@1.0::IAllocator/ashmem (start delay of 160ms)
01-04 21:00:52.949   483   483 I ServiceManagement: Removing namespace from process name android.hidl.allocator@1.0-service to allocator@1.0-service.
01-04 21:00:52.949   491   491 E cutils-trace: Error opening trace file: No such file or directory (2)
01-04 21:00:52.950   511   511 I tftp_server: Initializing tftp_server RING buffer
01-04 21:00:52.951   511   511 I tftp_server: Starting...
01-04 21:00:52.951   501   501 E cutils-trace: Error opening trace file: No such file or directory (2)
01-04 21:00:52.956   508   508 D         : tui_comm: svc service starting :)
01-04 21:00:52.957   491   491 I ServiceManagement: Registered android.hardware.drm@1.2::IDrmFactory/clearkey (start delay of 149ms)
01-04 21:00:52.957   508   508 E cutils-trace: Error opening trace file: No such file or directory (2)
01-04 21:00:52.957   491   491 I ServiceManagement: Removing namespace from process name android.hardware.drm@1.2-service.clearkey to drm@1.2-service.clearkey.
01-04 21:00:52.958   498   498 D vndksupport: Loading /vendor/lib64/hw/android.hardware.memtrack@1.0-impl.so from current namespace instead of sphal namespace.
01-04 21:00:52.958   490   490 I ServiceManagement: Registered android.hardware.drm@1.0::IDrmFactory/default (start delay of 160ms)
01-04 21:00:52.959   490   490 I ServiceManagement: Removing namespace from process name android.hardware.drm@1.0-service to drm@1.0-service.
01-04 21:00:52.959   490   490 I         : Registration complete for android.hardware.drm@1.0::IDrmFactory/default.
01-04 21:00:52.959   501   501 D vndksupport: Loading /vendor/lib64/hw/android.hardware.thermal@1.0-impl.so from current namespace instead of sphal namespace.
01-04 21:00:52.959   508   508 I ServiceManagement: Registered vendor.qti.hardware.tui_comm@1.0::ITuiComm/default (start delay of 111ms)
01-04 21:00:52.960   508   508 I ServiceManagement: Removing namespace from process name vendor.qti.hardware.tui_comm@1.0-service-qti to tui_comm@1.0-service-qti.
01-04 21:00:52.960   508   508 E         : Registered ITuiComm HAL service success!
01-04 21:00:52.960   490   490 D vndksupport: Loading /vendor/lib64/hw/android.hardware.drm@1.0-impl.so from current namespace instead of sphal namespace.
01-04 21:00:52.963   490   490 I ServiceManagement: Registered android.hardware.drm@1.0::ICryptoFactory/default (start delay of 165ms)
01-04 21:00:52.963   490   490 I ServiceManagement: Removing namespace from process name android.hardware.drm@1.0-service to drm@1.0-service.
01-04 21:00:52.964   490   490 I         : Registration complete for android.hardware.drm@1.0::ICryptoFactory/default.
01-04 21:00:52.964   494   494 E cutils-trace: Error opening trace file: No such file or directory (2)
01-04 21:00:52.965   502   502 E cutils-trace: Error opening trace file: No such file or directory (2)
01-04 21:00:52.968   491   491 I ServiceManagement: Registered android.hardware.drm@1.2::ICryptoFactory/clearkey (start delay of 160ms)
01-04 21:00:52.968   495   495 E cutils-trace: Error opening trace file: No such file or directory (2)
01-04 21:00:52.968   491   491 I ServiceManagement: Removing namespace from process name android.hardware.drm@1.2-service.clearkey to drm@1.2-service.clearkey.
01-04 21:00:52.968   494   494 D vndksupport: Loading /vendor/lib64/hw/android.hardware.graphics.allocator@2.0-impl.so from current namespace instead of sphal namespace.
01-04 21:00:52.970   518   518 W lmkd    : type=1400 audit(0.0:19): avc: denied { getattr } for path="/vendor/lib64/vendor.qti.hardware.perf@2.0.so" dev="mmcblk0p25" ino=3026 scontext=u:r:lmkd:s0 tcontext=u:object_r:same_process_hal_file:s0 tclass=file permissive=0
01-04 21:00:52.971   498   498 D vndksupport: Loading /vendor/lib64/hw/memtrack.msm8937.so from current namespace instead of sphal namespace.
01-04 21:00:52.973   518   518 E lowmemorykiller: Couldn't get perf_wait_get_prop function handle.
01-04 21:00:52.974   518   518 I lowmemorykiller: Using in-kernel low memory killer interface
01-04 21:00:52.975   500   500 E cutils-trace: Error opening trace file: No such file or directory (2)
01-04 21:00:52.976   509   509 I irsc_util: Num of entries:296
01-04 21:00:52.976   497   497 E cutils-trace: Error opening trace file: No such file or directory (2)
01-04 21:00:52.977   503   503 E cutils-trace: Error opening trace file: No such file or directory (2)
01-04 21:00:52.977   502   502 I ServiceManagement: Registered android.hardware.usb@1.0::IUsb/default (start delay of 149ms)
01-04 21:00:52.977   502   502 I ServiceManagement: Removing namespace from process name android.hardware.usb@1.0-service.basic to usb@1.0-service.basic.
01-04 21:00:52.977   507   507 D         : QdutilsDisp: svc service starting :)
01-04 21:00:52.977   502   502 I /vendor/bin/hw/android.hardware.usb@1.0-service.basic: USB HAL Ready.
01-04 21:00:52.978   507   507 E cutils-trace: Error opening trace file: No such file or directory (2)
01-04 21:00:52.978   499   499 E cutils-trace: Error opening trace file: No such file or directory (2)
01-04 21:00:52.979   501   501 E android.hardware.thermal@1.0-impl: Couldn't load thermal module (No such file or directory)
01-04 21:00:52.981   509   509 I irsc_util: Ending irsc tool
01-04 21:00:52.984   486   486 I android.hardware.bluetooth@1.0-service: vendorEnhancedInfo: 3
01-04 21:00:52.984   486   486 I android.hardware.bluetooth@1.0-service: isVendorEnhancedFramework: 1
01-04 21:00:52.984   486   486 I android.hardware.bluetooth@1.0-service: Registering BT Service
01-04 21:00:52.985   494   494 D vndksupport: Loading /vendor/lib64/hw/gralloc.msm8937.so from current namespace instead of sphal namespace.
01-04 21:00:52.985   486   486 E cutils-trace: Error opening trace file: No such file or directory (2)
01-04 21:00:52.985   495   495 D vndksupport: Loading /vendor/lib64/hw/android.hardware.graphics.composer@2.1-impl.so from current namespace instead of sphal namespace.
01-04 21:00:52.987   484   484 E cutils-trace: Error opening trace file: No such file or directory (2)
01-04 21:00:52.987   482   482 I Dpps    : GetInstance: DppsServer ref count increased to 1
01-04 21:00:52.987   482   482 I Dpps    : WaitForComposer():129 Waiting for composer service init
01-04 21:00:52.987   482   482 I ServiceManager: Waiting for service 'display.qservice' on '/dev/vndbinder'...
01-04 21:00:52.989   500   500 D vndksupport: Loading /vendor/lib64/hw/android.hardware.sensors@1.0-impl.so from current namespace instead of sphal namespace.
01-04 21:00:52.989   497   497 I ServiceManagement: Registered android.hardware.light@2.0::ILight/default (start delay of 171ms)
01-04 21:00:52.990   497   497 I ServiceManagement: Removing namespace from process name android.hardware.light@2.0-service.asus_X00P to light@2.0-service.asus_X00P.
01-04 21:00:52.990   497   497 I android.hardware.light@2.0-service.asus_X00P: Light HAL service ready.
01-04 21:00:52.993   507   507 I ServiceManagement: Registered vendor.qti.hardware.qdutils_disp@1.0::IQdutilsDisp/default (start delay of 155ms)
01-04 21:00:52.993   507   507 I ServiceManagement: Removing namespace from process name vendor.qti.hardware.qdutils_disp@1.0-service-qti to qdutils_disp@1.0-service-qti.
01-04 21:00:52.993   507   507 E         : Registered IQdutilsDisp HAL service success!
01-04 21:00:52.995   499   499 D vndksupport: Loading /vendor/lib64/hw/android.hardware.power@1.0-impl.so from current namespace instead of sphal namespace.
01-04 21:00:52.996   503   503 D vndksupport: Loading /vendor/lib64/hw/android.hardware.vibrator@1.0-impl.so from current namespace instead of sphal namespace.
01-04 21:00:52.998   486   486 D vndksupport: Loading /vendor/lib64/hw/android.hardware.bluetooth@1.0-impl-qti.so from current namespace instead of sphal namespace.
01-04 21:00:52.999   484   484 I ServiceManagement: Registered android.system.suspend@1.0::ISystemSuspend/default (start delay of 211ms)
01-04 21:00:52.999   484   484 I ServiceManagement: Removing namespace from process name android.system.suspend@1.0-service to suspend@1.0-service.
01-04 21:00:53.000   498   498 I ServiceManagement: Registered android.hardware.memtrack@1.0::IMemtrack/default (start delay of 181ms)
01-04 21:00:53.000   498   498 I ServiceManagement: Removing namespace from process name android.hardware.memtrack@1.0-service to memtrack@1.0-service.
01-04 21:00:53.000   498   498 I android.hardware.memtrack@1.0-service: Registration complete for android.hardware.memtrack@1.0::IMemtrack/default.
01-04 21:00:53.001   501   501 I ServiceManagement: Registered android.hardware.thermal@1.0::IThermal/default (start delay of 173ms)
01-04 21:00:53.002   501   501 I ServiceManagement: Removing namespace from process name android.hardware.thermal@1.0-service to thermal@1.0-service.
01-04 21:00:53.002   501   501 I android.hardware.thermal@1.0-service: Registration complete for android.hardware.thermal@1.0::IThermal/default.
01-04 21:00:53.005   514   514 I PerMgrSrv: Adding entry for modem : offTimeout : 500 ackTimeout : 200
01-04 21:00:53.005   505   505 E cutils-trace: Error opening trace file: No such file or directory (2)
01-04 21:00:53.008   505   505 I ServiceManagement: Registered vendor.display.color@1.0::IDisplayColor/default (start delay of 169ms)
01-04 21:00:53.008   505   505 I ServiceManagement: Removing namespace from process name vendor.display.color@1.0-service to color@1.0-service.
01-04 21:00:53.009   496   496 I health@2.0/: health@2.0/default: Hal starting main loop...
01-04 21:00:53.009   492   492 E cutils-trace: Error opening trace file: No such file or directory (2)
01-04 21:00:53.009   496   496 I health@2.0/: health@2.0/default Hal is starting up...
01-04 21:00:53.010   496   496 W android.hardwar: type=1400 audit(0.0:20): avc: denied { getattr } for path="/sys/devices/soc/msm-bcl-18/power_supply/fg_adc/type" dev="sysfs" ino=19329 scontext=u:r:hal_health_default:s0 tcontext=u:object_r:sysfs:s0 tclass=file permissive=0
01-04 21:00:53.010   499   499 D vndksupport: Loading /vendor/lib64/hw/power.qcom.so from current namespace instead of sphal namespace.
01-04 21:00:53.010   503   503 D vndksupport: Loading /vendor/lib64/hw/vibrator.default.so from current namespace instead of sphal namespace.
01-04 21:00:53.011   505   505 I ServiceManagement: Registered vendor.display.postproc@1.0::IDisplayPostproc/default (start delay of 173ms)
01-04 21:00:53.011   492   492 I ServiceManagement: Registered android.hardware.drm@1.2::IDrmFactory/widevine (start delay of 203ms)
01-04 21:00:53.011   492   492 I ServiceManagement: Removing namespace from process name android.hardware.drm@1.2-service.widevine to drm@1.2-service.widevine.
01-04 21:00:53.012   496   496 E cutils-trace: Error opening trace file: No such file or directory (2)
01-04 21:00:53.013   496   496 W health@2.0-serv: type=1400 audit(0.0:21): avc: denied { getattr } for path="/sys/devices/soc/msm-bcl-18/power_supply/fg_adc/type" dev="sysfs" ino=19329 scontext=u:r:hal_health_default:s0 tcontext=u:object_r:sysfs:s0 tclass=file permissive=0
01-04 21:00:53.013   492   492 I ServiceManagement: Registered android.hardware.drm@1.2::ICryptoFactory/widevine (start delay of 205ms)
01-04 21:00:53.013   492   492 I ServiceManagement: Removing namespace from process name android.hardware.drm@1.2-service.widevine to drm@1.2-service.widevine.
01-04 21:00:53.014   514   514 I PerMgrSrv: Peripheral Mananager service start
01-04 21:00:53.014   514   514 I PerMgrSrv: power-off timeout 500,ms; event-ack timeout 200,ms; debug-mode false
01-04 21:00:53.014   514   514 I PerMgrSrv: Statistics for : modem
01-04 21:00:53.014   514   514 I PerMgrSrv: modem: Current State : is off-line
01-04 21:00:53.014   514   514 I PerMgrSrv: modem: Voter/Listener count : 0/0
01-04 21:00:53.014   514   514 I PerMgrSrv: modem: Power on count : 0
01-04 21:00:53.014   514   514 I PerMgrSrv: modem: Power off count: 0
01-04 21:00:53.014   514   514 I PerMgrSrv: modem: Client list:
01-04 21:00:53.014   496   496 I ServiceManagement: Registered android.hardware.health@2.0::IHealth/default (start delay of 196ms)
01-04 21:00:53.014   496   496 I ServiceManagement: Removing namespace from process name android.hardware.health@2.0-service to health@2.0-service.
01-04 21:00:53.014   496   496 I health@2.0/: health@2.0/default: Hal init done
01-04 21:00:53.014   503   503 D         : Vibrator using timed_output
01-04 21:00:53.017   503   503 I ServiceManagement: Registered android.hardware.vibrator@1.0::IVibrator/default (start delay of 189ms)
01-04 21:00:53.018   503   503 I ServiceManagement: Removing namespace from process name android.hardware.vibrator@1.0-service to vibrator@1.0-service.
01-04 21:00:53.018   503   503 I android.hardware.vibrator@1.0-service: Registration complete for android.hardware.vibrator@1.0::IVibrator/default.
01-04 21:00:53.021   486   486 I ServiceManagement: Registered android.hardware.bluetooth@1.0::IBluetoothHci/default (start delay of 233ms)
01-04 21:00:53.021   486   486 I ServiceManagement: Removing namespace from process name android.hardware.bluetooth@1.0-service-qti to bluetooth@1.0-service-qti.
01-04 21:00:53.021   514   533 I PerMgrSrv: QMI service start
01-04 21:00:53.021   486   486 I         : Registration complete for android.hardware.bluetooth@1.0::IBluetoothHci/default.
01-04 21:00:53.022   486   486 D vndksupport: Loading /vendor/lib64/hw/vendor.qti.hardware.bluetooth_sar@1.0-impl.so from current namespace instead of sphal namespace.
01-04 21:00:53.029   494   494 I ServiceManagement: Registered android.hardware.graphics.allocator@2.0::IAllocator/default (start delay of 221ms)
01-04 21:00:53.030   494   494 I ServiceManagement: Removing namespace from process name android.hardware.graphics.allocator@2.0-service to allocator@2.0-service.
01-04 21:00:53.030   494   494 I android.hardware.graphics.allocator@2.0-service: Registration complete for android.hardware.graphics.allocator@2.0::IAllocator/default.
01-04 21:00:53.045   513   513 D QSEECOMD: : qseecom listener services process entry PPID = 1
01-04 21:00:53.046   513   513 E QSEECOMD: : Listener: index = 0, hierarchy = 0
01-04 21:00:53.046   486   486 E vendor.qti.hardware.bluetooth_sar@1.0-BluetoothSar: HIDL_FETCH_IBluetoothSar
01-04 21:00:53.048   486   486 I ServiceManagement: Registered vendor.qti.hardware.bluetooth_sar@1.0::IBluetoothSar/default (start delay of 259ms)
01-04 21:00:53.049   486   486 I         : Registration complete for vendor.qti.hardware.bluetooth_sar@1.0::IBluetoothSar/default.
01-04 21:00:53.049   486   486 I android.hardware.bluetooth@1.0-service: Registering BT Config store Service
01-04 21:00:53.050   486   486 D vndksupport: Loading /vendor/lib64/hw/vendor.qti.hardware.btconfigstore@1.0-impl.so from current namespace instead of sphal namespace.
01-04 21:00:53.054   513   513 D QSEECOMD: : Init dlopen(librpmb.so, RTLD_NOW) succeeds
01-04 21:00:53.054   513   513 D QSEECOMD: : Init::Init dlsym(g_FSHandle rpmb_init_service) succeeds
01-04 21:00:53.055   513   513 I rpmb_emmc: RPMB Mult (512-bytes sector) = 8192, Rel_sec_cnt = 32
01-04 21:00:53.055   513   513 E DrmLibRpmb: rpmb_init succeeded! with ret = 0
01-04 21:00:53.055   513   513 D QSEECOMD: : Init rpmb_init_service ret = 0
01-04 21:00:53.055   513   513 D QSEECOMD: : RPMB system services: init (Listener ID = 8192)
01-04 21:00:53.055   513   513 E QSEECOMD: : Listener: index = 1, hierarchy = 0
01-04 21:00:53.056   499   499 I QTI PowerHAL: Initing
01-04 21:00:53.058   495   495 D vndksupport: Loading /vendor/lib64/hw/hwcomposer.msm8937.so from current namespace instead of sphal namespace.
01-04 21:00:53.058   513   513 D QSEECOMD: : Init dlopen(libssd.so, RTLD_NOW) succeeds
01-04 21:00:53.058   513   513 D QSEECOMD: : Init::Init dlsym(g_FSHandle ssd_init_service) succeeds
01-04 21:00:53.059   513   513 E SSD     : ssd_init_service succeeded!
01-04 21:00:53.059   513   513 D QSEECOMD: : Init ssd_init_service ret = 0
01-04 21:00:53.059   513   513 D QSEECOMD: : SSD system services: init (Listener ID = 12288)
01-04 21:00:53.059   513   513 E QSEECOMD: : Listener: index = 2, hierarchy = 0
01-04 21:00:53.061   486   486 I ServiceManagement: Registered vendor.qti.hardware.btconfigstore@1.0::IBTConfigStore/default (start delay of 273ms)
01-04 21:00:53.061   486   486 I         : Registration complete for vendor.qti.hardware.btconfigstore@1.0::IBTConfigStore/default.
01-04 21:00:53.063   499   499 I ServiceManagement: Registered android.hardware.power@1.0::IPower/default (start delay of 240ms)
01-04 21:00:53.064   499   499 I ServiceManagement: Removing namespace from process name android.hardware.power@1.0-service to power@1.0-service.
01-04 21:00:53.064   499   499 I android.hardware.power@1.0-service: Registration complete for android.hardware.power@1.0::IPower/default.
01-04 21:00:53.076   512   529 E Sensors : sns_reg_la.c(368):wind-log int_flag = 1
01-04 21:00:53.076   512   529 E Sensors : sns_reg_la.c(372):wind-log accel_gyro use polling mode
01-04 21:00:53.076   512   529 E Sensors : sns_reg_la.c(380):wind-log write accel polling mode
01-04 21:00:53.076   512   529 E Sensors : sns_reg_la.c(395):wind-log write gyro polling mode
01-04 21:00:53.078   493   493 I android.hardware.gnss@2.0-service-qti: main
01-04 21:00:53.079   493   493 E cutils-trace: Error opening trace file: No such file or directory (2)
01-04 21:00:53.081   493   493 D vndksupport: Loading /vendor/lib64/hw/android.hardware.gnss@2.0-impl-qti.so from current namespace instead of sphal namespace.
01-04 21:00:53.083   500   500 E libsensor1: check_sensors_enabled: Sensors enabled = true
01-04 21:00:53.085   506   506 E cutils-trace: Error opening trace file: No such file or directory (2)
01-04 21:00:53.088   506   506 I ServiceManagement: Registered vendor.qti.hardware.perf@2.1::IPerf/default (start delay of 250ms)
01-04 21:00:53.088   482   482 I ServiceManager: Waiting for service 'display.qservice' on '/dev/vndbinder'...
01-04 21:00:53.088   506   506 I ServiceManagement: Removing namespace from process name vendor.qti.hardware.perf@2.1-service to perf@2.1-service.
01-04 21:00:53.088   506   506 E vendor.qti.hardware.perf@2.1-service: Registered IPerf HAL service success!
01-04 21:00:53.090   513   513 D QSEECOMD: : Init dlopen(libsecureui.so, RTLD_NOW) succeeds
01-04 21:00:53.090   513   513 D QSEECOMD: : Init::Init dlsym(g_FSHandle secure_ui_init) succeeds
01-04 21:00:53.090   513   513 D QSEECOMD: : Init secure_ui_init ret = 0
01-04 21:00:53.090   513   513 D QSEECOMD: : secure UI services: init (Listener ID = 16384)
01-04 21:00:53.090   513   513 D QSEECOMD: : qseecom listener service threads starting!!! 
01-04 21:00:53.090   513   513 D QSEECOMD: : Total listener services to start = 10
01-04 21:00:53.090   513   513 E QSEECOMD: : Listener: index = 0, hierarchy = 1
01-04 21:00:53.090   513   513 D QSEECOMD: : Init dlopen(librpmb.so, RTLD_NOW) succeeds
01-04 21:00:53.090   513   513 D QSEECOMD: : Init::Init dlsym(g_FSHandle rpmb_start) succeeds
01-04 21:00:53.091   513   513 D QSEECOMAPI: QSEECom_register_listener 8192 sb_length = 0x6400
01-04 21:00:53.092   513   513 D QSEECOMD: : Init rpmb_start ret = 0
01-04 21:00:53.092   513   513 D QSEECOMD: : RPMB system services: Started (Listener ID = 8192)
01-04 21:00:53.092   513   513 E QSEECOMD: : Listener: index = 1, hierarchy = 1
01-04 21:00:53.093   513   513 D QSEECOMD: : Init dlopen(libssd.so, RTLD_NOW) succeeds
01-04 21:00:53.093   513   513 D QSEECOMD: : Init::Init dlsym(g_FSHandle ssd_start) succeeds
01-04 21:00:53.093   513   513 D QSEECOMAPI: QSEECom_register_listener 12288 sb_length = 0x5000
01-04 21:00:53.097   487   487 I android.hardware.camera.provider@2.4-service: CameraProvider@2.4 legacy service is starting.
01-04 21:00:53.097   487   487 E cutils-trace: Error opening trace file: No such file or directory (2)
01-04 21:00:53.098   488   488 E cutils-trace: Error opening trace file: No such file or directory (2)
01-04 21:00:53.099   513   513 D QSEECOMD: : Init ssd_start ret = 0
01-04 21:00:53.100   513   513 D QSEECOMD: : SSD system services: Started (Listener ID = 12288)
01-04 21:00:53.100   513   513 E QSEECOMD: : Listener: index = 2, hierarchy = 1
01-04 21:00:53.100   513   513 D QSEECOMD: : Init dlopen(libsecureui.so, RTLD_NOW) succeeds
01-04 21:00:53.100   513   513 D QSEECOMD: : Init::Init dlsym(g_FSHandle secure_ui_start) succeeds
01-04 21:00:53.100   513   513 D QSEECOMAPI: QSEECom_register_listener 16384 sb_length = 0x10a8
01-04 21:00:53.101   513   513 D QSEECOMD: : Init secure_ui_start ret = 0
01-04 21:00:53.102   513   513 D QSEECOMD: : secure UI services: Started (Listener ID = 16384)
01-04 21:00:53.102   513   513 E QSEECOMD: : Listener: index = 3, hierarchy = 1
01-04 21:00:53.105   504   504 I android.hardware.wifi@1.0-service: Wifi Hal is booting up...
01-04 21:00:53.105   504   504 E cutils-trace: Error opening trace file: No such file or directory (2)
01-04 21:00:53.106   487   487 D vndksupport: Loading /vendor/lib/hw/android.hardware.camera.provider@2.4-impl.so from current namespace instead of sphal namespace.
01-04 21:00:53.107   488   488 I ServiceManagement: Registered android.hardware.cas@1.1::IMediaCasService/default (start delay of 309ms)
01-04 21:00:53.108   488   488 I ServiceManagement: Removing namespace from process name android.hardware.cas@1.1-service to cas@1.1-service.
01-04 21:00:53.109   513   513 D QSEECOMD: : Init dlopen(libdrmtime.so, RTLD_NOW) succeeds
01-04 21:00:53.109   513   513 D QSEECOMD: : Init::Init dlsym(g_FSHandle atime_start) succeeds
01-04 21:00:53.109   513   513 D DrmLibTime: QSEE Time Listener: atime_start
01-04 21:00:53.109   513   513 D QSEECOMAPI: QSEECom_register_listener 11 sb_length = 0x5000
01-04 21:00:53.110   513   513 D DrmLibTime: registering fs service to QSEECom is done!
01-04 21:00:53.111   513   513 D DrmLibTime: begin to create a thread!
01-04 21:00:53.111   513   513 D DrmLibTime: Creating a pthread in atime_start is done! return 0
01-04 21:00:53.111   513   513 D QSEECOMD: : Init atime_start ret = 0
01-04 21:00:53.111   513   513 D QSEECOMD: : time services: Started (Listener ID = 11)
01-04 21:00:53.111   513   513 E QSEECOMD: : Listener: index = 4, hierarchy = 1
01-04 21:00:53.111   513   513 D QSEECOMD: : Init dlopen(libdrmfs.so, RTLD_NOW) succeeds
01-04 21:00:53.111   513   513 D QSEECOMD: : Init::Init dlsym(g_FSHandle fs_start) succeeds
01-04 21:00:53.111   513   513 D QSEECOMAPI: QSEECom_register_listener 10 sb_length = 0x5000
01-04 21:00:53.114   504   504 I ServiceManagement: Registered android.hardware.wifi@1.3::IWifi/default (start delay of 286ms)
01-04 21:00:53.114   504   504 I ServiceManagement: Removing namespace from process name android.hardware.wifi@1.0-service to wifi@1.0-service.
01-04 21:00:53.114   513   553 D DrmLibTime: QSEE Time Listener: dispatch
01-04 21:00:53.114   513   553 D DrmLibTime: before calling ioctl to read the next time_cmd
01-04 21:00:53.122   513   513 D QSEECOMD: : Init fs_start ret = 0
01-04 21:00:53.122   513   513 D QSEECOMD: : file system services: Started (Listener ID = 10)
01-04 21:00:53.122   513   513 E QSEECOMD: : Listener: index = 5, hierarchy = 1
01-04 21:00:53.122   513   513 D QSEECOMD: : Init dlopen(libdrmfs.so, RTLD_NOW) succeeds
01-04 21:00:53.123   513   513 D QSEECOMD: : Init::Init dlsym(g_FSHandle gpfs_start) succeeds
01-04 21:00:53.124   513   513 E DrmLibFs: Error: Invalid config file
01-04 21:00:53.124   513   513 E DrmLibFs: Data path not parsed: Using default data path: /data/vendor/tzstorage/
01-04 21:00:53.124   513   513 E DrmLibFs: Persist path not parsed: Using default persist path: /mnt/vendor/persist/data/
01-04 21:00:53.124   513   513 D QSEECOMAPI: QSEECom_register_listener 28672 sb_length = 0x7e000
01-04 21:00:53.126   511   511 E tftp_server: pid=511 tid=511 tftp-server : ERR :[tftp_os_la.c, 140] chown gid failed: [1000] [1000] [1] [/data/vendor/tombstones/rfs/modem] [Operation not permitted]
01-04 21:00:53.127   511   511 E tftp_server: pid=511 tid=511 tftp-server : ERR :[tftp_os_la.c, 140] chown gid failed: [1000] [1000] [1] [/data/vendor/tombstones/rfs/modem/] [Operation not permitted]
01-04 21:00:53.127   511   511 E tftp_server: pid=511 tid=511 tftp-server : ERR :[tftp_os_la.c, 140] chown gid failed: [1000] [1000] [1] [/data/vendor/tombstones/rfs/lpass] [Operation not permitted]
01-04 21:00:53.127   511   511 E tftp_server: pid=511 tid=511 tftp-server : ERR :[tftp_os_la.c, 140] chown gid failed: [1000] [1000] [1] [/data/vendor/tombstones/rfs/lpass/] [Operation not permitted]
01-04 21:00:53.127   511   511 E tftp_server: pid=511 tid=511 tftp-server : ERR :[tftp_os_la.c, 140] chown gid failed: [1000] [1000] [1] [/data/vendor/tombstones/rfs/slpi] [Operation not permitted]
01-04 21:00:53.127   511   511 E tftp_server: pid=511 tid=511 tftp-server : ERR :[tftp_os_la.c, 140] chown gid failed: [1000] [1000] [1] [/data/vendor/tombstones/rfs/slpi/] [Operation not permitted]
01-04 21:00:53.128   489   489 W /vendor/bin/hw/android.hardware.configstore@1.1-service: libminijail[489]: allowing syscall: connect
01-04 21:00:53.128   489   489 W /vendor/bin/hw/android.hardware.configstore@1.1-service: libminijail[489]: allowing syscall: fcntl
01-04 21:00:53.128   489   489 W /vendor/bin/hw/android.hardware.configstore@1.1-service: libminijail[489]: allowing syscall: sendto
01-04 21:00:53.128   489   489 W /vendor/bin/hw/android.hardware.configstore@1.1-service: libminijail[489]: allowing syscall: socket
01-04 21:00:53.128   489   489 W /vendor/bin/hw/android.hardware.configstore@1.1-service: libminijail[489]: allowing syscall: writev
01-04 21:00:53.130   489   489 W /vendor/bin/hw/android.hardware.configstore@1.1-service: libminijail[489]: logging seccomp filter failures
01-04 21:00:53.131   489   489 E cutils-trace: Error opening trace file: No such file or directory (2)
01-04 21:00:53.133   513   513 D QSEECOMD: : Init gpfs_start ret = 0
01-04 21:00:53.133   513   513 D QSEECOMD: : gpfile system services: Started (Listener ID = 28672)
01-04 21:00:53.133   513   513 E QSEECOMD: : Listener: index = 6, hierarchy = 1
01-04 21:00:53.135   489   489 I ServiceManagement: Registered android.hardware.configstore@1.1::ISurfaceFlingerConfigs/default (start delay of 336ms)
01-04 21:00:53.135   489   489 I ServiceManagement: Removing namespace from process name android.hardware.configstore@1.1-service to configstore@1.1-service.
01-04 21:00:53.136   551   551 E PerMgrProxy: Starting pm-proxy service
01-04 21:00:53.137   513   513 D QSEECOMD: : Init dlopen(libqisl.so, RTLD_NOW) succeeds
01-04 21:00:53.137   513   513 D QSEECOMD: : Init::Init dlsym(g_FSHandle qisl_start) succeeds
01-04 21:00:53.138   552   552 I /system/bin/flags_health_check: ServerConfigurableFlagsReset reset_mode value: 1
01-04 21:00:53.138   514   535 D PerMgrSrv: modem state: is off-line, add client PM-PROXY-THREAD
01-04 21:00:53.138   514   535 D PerMgrSrv: PM-PROXY-THREAD registered
01-04 21:00:53.138   552   552 I /system/bin/flags_health_check: ServerConfigurableFlagsReset updatable crashing detected, resetting flags.
01-04 21:00:53.138   513   560 I QISL    : QSEE Interrupt Service Listener Thread is started
01-04 21:00:53.139   551   551 D PerMgrLib: PM-PROXY-THREAD successfully registered for modem
01-04 21:00:53.139   551   551 I PerMgrProxy: Casting proxy vote for modem
01-04 21:00:53.139   551   551 D PerMgrLib: PM-PROXY-THREAD voting for modem
01-04 21:00:53.139   514   535 D PerMgrSrv: PM-PROXY-THREAD voting for modem
01-04 21:00:53.139   514   535 D PerMgrSrv: modem new state: going on-line
01-04 21:00:53.139   514   535 D PerMgrSrv: modem num voters is 1
01-04 21:00:53.139   551   551 I PerMgrProxy: pm-proxy-thread vote successful for modem
01-04 21:00:53.139   513   560 D QSEECOMAPI: QSEECom_register_listener 36864 sb_length = 0x1f4
01-04 21:00:53.174   513   560 I QISL    : QSEE Interrupt Service Listener was activated successfully
01-04 21:00:53.174   513   513 D QSEECOMD: : Init qisl_start ret = 0
01-04 21:00:53.174   513   513 D QSEECOMD: : interrupt services: Started (Listener ID = 36864)
01-04 21:00:53.174   513   513 E QSEECOMD: : Listener: index = 7, hierarchy = 1
01-04 21:00:53.175   513   513 E QSEECOMD: : Init dlopen(libspl.so, RLTD_NOW) is failed.... dlopen failed: library "libspl.so" not found
01-04 21:00:53.175   513   513 E QSEECOMD: : Listener: index = 8, hierarchy = 1
01-04 21:00:53.177   485   485 E cutils-trace: Error opening trace file: No such file or directory (2)
01-04 21:00:53.179   513   513 D QSEECOMD: : Init dlopen(libGPreqcancel.so, RTLD_NOW) succeeds
01-04 21:00:53.179   513   513 D QSEECOMD: : Init::Init dlsym(g_FSHandle gp_reqcancel_start) succeeds
01-04 21:00:53.179   513   513 D QSEECOMAPI: QSEECom_register_listener 4352 sb_length = 0x5000
01-04 21:00:53.179   485   485 D vndksupport: Loading /vendor/lib/hw/android.hardware.audio@5.0-impl.so from current namespace instead of sphal namespace.
01-04 21:00:53.180   570   570 W ueventd : type=1400 audit(0.0:22): avc: denied { open } for path="/vendor/firmware_mnt/image/modem.mdt" dev="mmcblk0p1" ino=5 scontext=u:r:ueventd:s0 tcontext=u:object_r:vfat:s0 tclass=file permissive=0
01-04 21:00:53.182   543   566 I adbd    : opening control endpoint /dev/usb-ffs/adb/ep0
01-04 21:00:53.182   495   495 I ServiceManagement: Registered vendor.display.config@1.9::IDisplayConfig/default (start delay of 374ms)
01-04 21:00:53.183   495   495 I SDM     : HWCSession::StartServices: IDisplayConfig service registration completed.
01-04 21:00:53.183   495   495 D vndksupport: Loading /vendor/lib64/hw/gralloc.msm8937.so from current namespace instead of sphal namespace.
01-04 21:00:53.183   543   566 I adbd    : UsbFfsConnection constructed
01-04 21:00:53.185   514   535 E PerMgrSrv: power on modem failed /dev/subsys_modem: Try again
01-04 21:00:53.186   514   535 D PerMgrSrv: modem new state: is off-line
01-04 21:00:53.186   543   573 I adbd    : USB event: FUNCTIONFS_BIND
01-04 21:00:53.189   493   493 D LocSvc_LBSProxy: checkIfLocationExtendedClientExists] File does not Exist
01-04 21:00:53.189   513   513 D QSEECOMD: : Init gp_reqcancel_start ret = 0
01-04 21:00:53.189   513   513 D QSEECOMD: : gp request cancellation services: Started (Listener ID = 4352)
01-04 21:00:53.189   513   513 E QSEECOMD: : Listener: index = 9, hierarchy = 1
01-04 21:00:53.189   513   513 E QSEECOMD: : Init dlopen(libops.so, RLTD_NOW) is failed.... dlopen failed: library "libops.so" not found
01-04 21:00:53.191   513   513 D QSEECOMD: : QSEECOM DAEMON RUNNING 
01-04 21:00:53.191   485   485 I ServiceManagement: Registered android.hardware.audio@5.0::IDevicesFactory/default (start delay of 403ms)
01-04 21:00:53.192   485   485 I ServiceManagement: Removing namespace from process name android.hardware.audio@2.0-service to audio@2.0-service.
01-04 21:00:53.192   485   485 I audiohalservice: Registration complete for android.hardware.audio@5.0::IDevicesFactory/default.
01-04 21:00:53.194   485   485 D vndksupport: Loading /vendor/lib/hw/android.hardware.audio.effect@5.0-impl.so from current namespace instead of sphal namespace.
01-04 21:00:53.196   495   495 I SDM     : ExtensionInterface::CreateExtensionInterface: 
01-04 21:00:53.196   495   495 I SDM     : SDM-EXTENSION Version: Date: 08/28/19, Commit: 27121f1, Change: Ibd1f5bcfa4
01-04 21:00:53.196   493   578 I LocSvc_api_v02: locClientOpen:2179]: Service instance id is -1
01-04 21:00:53.197   493   578 I LocSvc_api_v02: ---> locClientOpenInstance line 2054 loc client open
01-04 21:00:53.197   495   495 I SDM     : HWInfo::GetHWResourceInfo: SDE Version = 5, SDE Revision = 100e0000, RGB = 2, VIG = 1, DMA = 1, Cursor = 1
01-04 21:00:53.197   495   495 I SDM     : HWInfo::GetHWResourceInfo: Upscale Ratio = 20, Downscale Ratio = 4, Blending Stages = 4
01-04 21:00:53.197   495   495 I SDM     : HWInfo::GetHWResourceInfo: SourceSplit = 0 QSEED3 = 0
01-04 21:00:53.197   495   495 I SDM     : HWInfo::GetHWResourceInfo: BWC = 0, UBWC = 1, Decimation = 1, Tile Format = 0 Concurrent Writeback = 0
01-04 21:00:53.197   495   495 I SDM     : HWInfo::GetHWResourceInfo: MaxLowBw = 3100000 , MaxHighBw = 3100000
01-04 21:00:53.197   495   495 I SDM     : HWInfo::GetHWResourceInfo: MaxPipeBw = 2300000 KBps, MaxSDEClock = 320000000 Hz, ClockFudgeFactor = 1.050000
01-04 21:00:53.197   495   495 I SDM     : HWInfo::GetHWResourceInfo: Prefill factors: Tiled_NV12 = 8, Tiled = 4, Linear = 1, Scale = 1, Fudge_factor = 2
01-04 21:00:53.198   495   495 I SDM     : HWInfo::GetMDSSRotatorInfo: MDSS Rotator: Count = 1, Downscale = 1, Min_downscale = 2.000000
01-04 21:00:53.198   495   495 I SDM     : HWInfo::GetHWResourceInfo: Has Support for multiple bw limits shown below
01-04 21:00:53.198   495   495 I SDM     : HWInfo::GetHWResourceInfo: Mode-index=0  total_bw_limit=3100000 and pipe_bw_limit=2300000
01-04 21:00:53.198   495   495 I SDM     : HWInfo::GetHWResourceInfo: Mode-index=1  total_bw_limit=1700000 and pipe_bw_limit=2300000
01-04 21:00:53.198   495   495 I SDM     : HWInfo::GetHWResourceInfo: Mode-index=2  total_bw_limit=3100000 and pipe_bw_limit=2300000
01-04 21:00:53.198   495   495 I SDM     : HWInfo::GetHWResourceInfo: Mode-index=3  total_bw_limit=3100000 and pipe_bw_limit=2300000
01-04 21:00:53.198   487   487 D vndksupport: Loading /vendor/lib/hw/camera.msm8937.so from current namespace instead of sphal namespace.
01-04 21:00:53.198   493   578 E QMI_FW  : QMUXD: WARNING qmi_qmux_if_pwr_up_init failed! rc=-6
01-04 21:00:53.198   493   493 I ServiceManagement: Registered android.hardware.gnss@2.0::IGnss/default (start delay of 390ms)
01-04 21:00:53.199   493   493 I ServiceManagement: Removing namespace from process name android.hardware.gnss@2.0-service-qti to gnss@2.0-service-qti.
