--------- beginning of main
01-04 18:54:55.874   399   399 W auditd  : type=2000 audit(0.0:1): initialized
01-04 18:54:57.890   399   399 I auditd  : type=1403 audit(0.0:2): policy loaded auid=4294967295 ses=4294967295
01-04 18:54:57.890   399   399 W auditd  : type=1404 audit(0.0:3): enforcing=1 old_enforcing=0 auid=4294967295 ses=4294967295
01-04 18:55:00.276   386   386 W init    : type=1400 audit(0.0:4): avc: denied { write } for path="/dev/cpuset/camera-daemon/cpus" dev="tmpfs" ino=430 scontext=u:r:vendor_init:s0 tcontext=u:object_r:device:s0 tclass=file permissive=0
01-04 18:55:00.276   386   386 W init    : type=1400 audit(0.0:5): avc: denied { write } for path="/dev/cpuset/camera-daemon/mems" dev="tmpfs" ino=431 scontext=u:r:vendor_init:s0 tcontext=u:object_r:device:s0 tclass=file permissive=0
01-04 18:55:00.351   400   400 I SELinux : SELinux: Loaded service_contexts from:
01-04 18:55:00.352   402   402 I SELinux : SELinux: Loaded service_contexts from:
01-04 18:55:00.352   402   402 I SELinux :     /vendor/etc/selinux/vndservice_contexts
01-04 18:55:00.353   400   400 I SELinux :     /system/etc/selinux/plat_service_contexts
01-04 18:55:00.390   404   404 W vold    : type=1400 audit(0.0:6): avc: denied { read } for name="vendor.qti.hardware.cryptfshw@1.0.so" dev="mmcblk0p25" ino=3012 scontext=u:r:vold:s0 tcontext=u:object_r:vendor_file:s0 tclass=file permissive=0
01-04 18:55:00.390   404   404 W vold    : type=1400 audit(0.0:7): avc: denied { open } for path="/system/product/lib64/vendor.qti.hardware.cryptfshw@1.0.so" dev="mmcblk0p24" ino=3395 scontext=u:r:vold:s0 tcontext=u:object_r:same_process_hal_file:s0 tclass=file permissive=0
--------- beginning of crash
01-04 18:55:00.394   404   404 F linker  : CANNOT LINK EXECUTABLE "/system/bin/vold": library "vendor.qti.hardware.cryptfshw@1.0.so" not found
01-04 18:55:00.710   401   401 I hwservicemanager: hwservicemanager is ready now.
01-04 18:55:00.830   386   386 W init    : type=1400 audit(0.0:8): avc: denied { relabelfrom } for name=".pbrps" dev="mmcblk0p28" ino=55 scontext=u:r:vendor_init:s0 tcontext=u:object_r:media_rw_data_file:s0 tclass=file permissive=0
01-04 18:55:51.580   432   432 W vold    : type=1400 audit(0.0:9): avc: denied { read } for name="vendor.qti.hardware.cryptfshw@1.0.so" dev="mmcblk0p25" ino=3012 scontext=u:r:vold:s0 tcontext=u:object_r:vendor_file:s0 tclass=file permissive=0
01-04 18:55:51.580   432   432 W vold    : type=1400 audit(0.0:10): avc: denied { open } for path="/system/product/lib64/vendor.qti.hardware.cryptfshw@1.0.so" dev="mmcblk0p24" ino=3395 scontext=u:r:vold:s0 tcontext=u:object_r:same_process_hal_file:s0 tclass=file permissive=0
01-04 18:55:51.583   432   432 F linker  : CANNOT LINK EXECUTABLE "/system/bin/vold": library "vendor.qti.hardware.cryptfshw@1.0.so" not found
01-04 18:55:51.670   437   437 W vold    : type=1400 audit(0.0:11): avc: denied { read } for name="vendor.qti.hardware.cryptfshw@1.0.so" dev="mmcblk0p25" ino=3012 scontext=u:r:vold:s0 tcontext=u:object_r:vendor_file:s0 tclass=file permissive=0
01-04 18:55:51.670   437   437 W vold    : type=1400 audit(0.0:12): avc: denied { open } for path="/system/product/lib64/vendor.qti.hardware.cryptfshw@1.0.so" dev="mmcblk0p24" ino=3395 scontext=u:r:vold:s0 tcontext=u:object_r:same_process_hal_file:s0 tclass=file permissive=0
01-04 18:55:51.675   437   437 F linker  : CANNOT LINK EXECUTABLE "/system/bin/vold": library "vendor.qti.hardware.cryptfshw@1.0.so" not found
01-04 18:55:51.702   434   434 E cutils-trace: Error opening trace file: No such file or directory (2)
01-04 18:55:51.703   401   401 E cutils-trace: Error opening trace file: No such file or directory (2)
01-04 18:55:51.703   436   436 E cutils-trace: Error opening trace file: No such file or directory (2)
01-04 18:55:51.706   435   435 E cutils-trace: Error opening trace file: No such file or directory (2)
01-04 18:55:51.743   434   434 D vndksupport: Loading /vendor/lib64/hw/android.hardware.gatekeeper@1.0-impl-qti.so from current namespace instead of sphal namespace.
01-04 18:55:51.744   436   436 I ServiceManagement: Registered vendor.qti.hardware.cryptfshw@1.0::ICryptfsHw/default (start delay of 86ms)
01-04 18:55:51.744   436   436 I ServiceManagement: Removing namespace from process name vendor.qti.hardware.cryptfshw@1.0-service-qti.qsee to cryptfshw@1.0-service-qti.qsee.
01-04 18:55:51.745   435   435 D vndksupport: Loading /vendor/lib64/hw/android.hardware.keymaster@3.0-impl-qti.so from current namespace instead of sphal namespace.
01-04 18:56:42.410   440   440 W vold    : type=1400 audit(0.0:13): avc: denied { read } for name="vendor.qti.hardware.cryptfshw@1.0.so" dev="mmcblk0p25" ino=3012 scontext=u:r:vold:s0 tcontext=u:object_r:vendor_file:s0 tclass=file permissive=0
01-04 18:56:42.410   440   440 W vold    : type=1400 audit(0.0:14): avc: denied { open } for path="/system/product/lib64/vendor.qti.hardware.cryptfshw@1.0.so" dev="mmcblk0p24" ino=3395 scontext=u:r:vold:s0 tcontext=u:object_r:same_process_hal_file:s0 tclass=file permissive=0
01-04 18:56:42.415   440   440 F linker  : CANNOT LINK EXECUTABLE "/system/bin/vold": library "vendor.qti.hardware.cryptfshw@1.0.so" not found
01-04 18:56:42.491   442   442 E fsverity_init: Failed to load /product/etc/security/fsverity/*.der
01-04 18:56:42.504   443   443 E /system/bin/mini-keyctl: Failed to open /proc/keys: No such file or directory
01-04 18:56:42.504   443   443 E /system/bin/mini-keyctl: Cannot find keyring id
01-04 18:56:42.519   444   444 E fsverity_init: Failed to restrict .fs-verity keyring
01-04 18:56:42.553   445   445 I ServiceManager: Waiting for service 'vold' on '/dev/binder'...
01-04 18:56:47.361   445   445 I chatty  : uid=0(root) /system/bin/apexd identical 48 lines
01-04 18:56:47.461   445   445 I ServiceManager: Waiting for service 'vold' on '/dev/binder'...
01-04 18:56:47.561   445   445 W ServiceManager: Service vold didn't start. Returning NULL
01-04 18:56:47.561   445   445 E apexd   : Could not retrieve vold service: Failed to retrieve vold service.
01-04 18:56:47.561   445   445 I apexd   : Marking APEXd as starting
01-04 18:56:47.562   445   445 I apexd   : Scanning /system/apex for embedded keys
01-04 18:56:47.564   445   445 I apexd   : Scanning /product/apex for embedded keys
01-04 18:56:47.564   445   445 I apexd   : ... does not exist. Skipping
01-04 18:56:47.564   445   445 I apexd   : Populating APEX database from mounts...
01-04 18:56:47.564   445   445 E apexd   : Failed to walk /product/apex : Can't open /product/apex for reading : No such file or directory
01-04 18:56:47.565   445   445 I apexd   : Found "/apex/com.android.tzdata@290000000"
01-04 18:56:47.565   445   445 I apexd   : Found "/apex/com.android.runtime@1"
01-04 18:56:47.565   445   445 I apexd   : 2 packages restored.
01-04 18:56:47.565   445   445 I apexd   : Scanning /data/apex/sessions looking for sessions to be activated.
01-04 18:56:47.566   445   445 I apexd   : Scanning /data/apex/active looking for APEX packages.
01-04 18:56:47.566   445   445 E apexd   : Failed to activate packages from /data/apex/active : Failed to scan /data/apex/active : Can't open /data/apex/active for reading : No such file or directory
01-04 18:56:47.566   445   445 E apexd   : Failed to rollback : Rollback requested, when there are no active sessions.
01-04 18:56:47.566   445   445 I apexd   : Scanning /system/apex looking for APEX packages.
01-04 18:56:47.566   445   445 I apexd   : Found /system/apex/com.android.conscrypt
01-04 18:56:47.567   445   445 V apexd   : Creating mount point: /apex/com.android.conscrypt@290000000
01-04 18:56:47.567   445   445 I apexd   : Successfully bind-mounted flattened package /system/apex/com.android.conscrypt on /apex/com.android.conscrypt@290000000
01-04 18:56:47.567   445   445 V apexd   : Creating bind-mount for /apex/com.android.conscrypt for /apex/com.android.conscrypt@290000000
01-04 18:56:47.567   445   445 V apexd   : Creating mountpoint /apex/com.android.conscrypt
01-04 18:56:47.567   445   445 V apexd   : Bind-mounting /apex/com.android.conscrypt@290000000 to /apex/com.android.conscrypt
01-04 18:56:47.567   445   445 D apexd   : Successfully activated /system/apex/com.android.conscrypt package_name: com.android.conscrypt version: 290000000
01-04 18:56:47.567   445   445 I apexd   : Found /system/apex/com.android.tzdata
01-04 18:56:47.568   445   445 I apexd   : Skipping activation of /system/apex/com.android.tzdata same package with higher version 290000000 is already active
01-04 18:56:47.568   445   445 I apexd   : Found /system/apex/com.android.media
01-04 18:56:47.568   445   445 V apexd   : Creating mount point: /apex/com.android.media@290000000
01-04 18:56:47.568   445   445 I apexd   : Successfully bind-mounted flattened package /system/apex/com.android.media on /apex/com.android.media@290000000
01-04 18:56:47.568   445   445 V apexd   : Creating bind-mount for /apex/com.android.media for /apex/com.android.media@290000000
01-04 18:56:47.568   445   445 V apexd   : Creating mountpoint /apex/com.android.media
01-04 18:56:47.568   445   445 V apexd   : Bind-mounting /apex/com.android.media@290000000 to /apex/com.android.media
01-04 18:56:47.568   445   445 D apexd   : Successfully activated /system/apex/com.android.media package_name: com.android.media version: 290000000
01-04 18:56:47.568   445   445 I apexd   : Found /system/apex/com.android.resolv
01-04 18:56:47.569   445   445 V apexd   : Creating mount point: /apex/com.android.resolv@290000000
01-04 18:56:47.569   445   445 I apexd   : Successfully bind-mounted flattened package /system/apex/com.android.resolv on /apex/com.android.resolv@290000000
01-04 18:56:47.569   445   445 V apexd   : Creating bind-mount for /apex/com.android.resolv for /apex/com.android.resolv@290000000
01-04 18:56:47.569   445   445 V apexd   : Creating mountpoint /apex/com.android.resolv
01-04 18:56:47.569   445   445 V apexd   : Bind-mounting /apex/com.android.resolv@290000000 to /apex/com.android.resolv
01-04 18:56:47.569   445   445 D apexd   : Successfully activated /system/apex/com.android.resolv package_name: com.android.resolv version: 290000000
01-04 18:56:47.569   445   445 I apexd   : Found /system/apex/com.android.runtime.debug
01-04 18:56:47.570   445   445 I apexd   : Skipping activation of /system/apex/com.android.runtime.debug same package with higher version 1 is already active
01-04 18:56:47.570   445   445 I apexd   : Found /system/apex/com.android.media.swcodec
01-04 18:56:47.570   445   445 V apexd   : Creating mount point: /apex/com.android.media.swcodec@290000000
01-04 18:56:47.570   445   445 I apexd   : Successfully bind-mounted flattened package /system/apex/com.android.media.swcodec on /apex/com.android.media.swcodec@290000000
01-04 18:56:47.570   445   445 V apexd   : Creating bind-mount for /apex/com.android.media.swcodec for /apex/com.android.media.swcodec@290000000
01-04 18:56:47.570   445   445 V apexd   : Creating mountpoint /apex/com.android.media.swcodec
01-04 18:56:47.570   445   445 V apexd   : Bind-mounting /apex/com.android.media.swcodec@290000000 to /apex/com.android.media.swcodec
01-04 18:56:47.570   445   445 D apexd   : Successfully activated /system/apex/com.android.media.swcodec package_name: com.android.media.swcodec version: 290000000
01-04 18:56:47.570   445   445 I apexd   : Activated 4 packages. Skipped: 2
01-04 18:56:47.571   445   445 I apexd   : Scanning /product/apex looking for APEX packages.
01-04 18:56:47.571   445   445 E apexd   : Failed to activate packages from /product/apex : Failed to scan /product/apex : Can't open /product/apex for reading : No such file or directory
01-04 18:56:47.572   445   445 I apexd   : Marking APEXd as ready
01-04 18:56:47.643   448   448 W vold    : type=1400 audit(0.0:15): avc: denied { read } for name="vendor.qti.hardware.cryptfshw@1.0.so" dev="mmcblk0p25" ino=3012 scontext=u:r:vold:s0 tcontext=u:object_r:vendor_file:s0 tclass=file permissive=0
01-04 18:56:47.643   448   448 W vold    : type=1400 audit(0.0:16): avc: denied { open } for path="/system/product/lib64/vendor.qti.hardware.cryptfshw@1.0.so" dev="mmcblk0p24" ino=3395 scontext=u:r:vold:s0 tcontext=u:object_r:same_process_hal_file:s0 tclass=file permissive=0
01-04 18:56:47.648   448   448 F linker  : CANNOT LINK EXECUTABLE "/system/bin/vold": library "vendor.qti.hardware.cryptfshw@1.0.so" not found
01-04 18:56:47.649   445   445 I apexd   : Updatable crashing, attempting rollback
01-04 18:56:47.649   445   445 E apexd   : Rollback failed : Rollback requested, when there are no active sessions.
01-04 18:57:38.383   450   450 W vold    : type=1400 audit(0.0:17): avc: denied { read } for name="vendor.qti.hardware.cryptfshw@1.0.so" dev="mmcblk0p25" ino=3012 scontext=u:r:vold:s0 tcontext=u:object_r:vendor_file:s0 tclass=file permissive=0
01-04 18:57:38.383   450   450 W vold    : type=1400 audit(0.0:18): avc: denied { open } for path="/system/product/lib64/vendor.qti.hardware.cryptfshw@1.0.so" dev="mmcblk0p24" ino=3395 scontext=u:r:vold:s0 tcontext=u:object_r:same_process_hal_file:s0 tclass=file permissive=0
01-04 18:57:38.386   450   450 F linker  : CANNOT LINK EXECUTABLE "/system/bin/vold": library "vendor.qti.hardware.cryptfshw@1.0.so" not found
01-04 18:57:38.431   451   451 I /system/bin/tzdatacheck: timezone distro dir /data/misc/zoneinfo/current does not exist. No action required.
01-04 18:57:38.490   453   453 I art_apex: === ART pre-boot integrity checks ===
01-04 18:57:38.520   455   455 F art_apex: Device is not fsverity-enabled.
01-04 18:57:38.569   457   457 E /system/bin/recovery-persist: Failed to unlink /cache/recovery/last_install: No such file or directory
01-04 18:57:38.576   459   459 I /system/bin/flags_health_check: ServerConfigurableFlagsReset reset_mode value: 0
01-04 18:57:38.577   459   459 I /system/bin/flags_health_check: ServerConfigurableFlagsReset attempted boot count is under threshold, skipping reset.
01-04 18:57:38.590   462   462 W ueventd : type=1400 audit(0.0:19): avc: denied { read } for name="adsp.mdt" dev="mmcblk0p1" ino=4 scontext=u:r:ueventd:s0 tcontext=u:object_r:vfat:s0 tclass=file permissive=0
01-04 18:57:38.607   460   460 I bootstat: Service started: /system/bin/bootstat --set_system_boot_reason 
01-04 18:57:38.608   460   460 I bootstat: Canonical boot reason: reboot
01-04 18:57:38.608   460   460 I bootstat: Canonical boot reason: reboot
01-04 18:57:38.682   467   467 I BOOT    : MSM target '', SoC 'MTP', HwID '294', SoC ver '65536'
01-04 18:57:38.697   468   468 W DRM_BOOT: file: '/sys/module/drm/parameters/vblankoffdelay' or perms doesn't exist
01-04 18:57:39.105   497   497 E cutils-trace: Error opening trace file: No such file or directory (2)
01-04 18:57:39.107   497   497 D vndksupport: Loading /vendor/lib64/hw/android.hardware.drm@1.0-impl.so from current namespace instead of sphal namespace.
01-04 18:57:39.149   497   497 I ServiceManagement: Registered android.hardware.drm@1.0::IDrmFactory/default (start delay of 111ms)
01-04 18:57:39.150   497   497 I ServiceManagement: Removing namespace from process name android.hardware.drm@1.0-service to drm@1.0-service.
01-04 18:57:39.150   497   497 I         : Registration complete for android.hardware.drm@1.0::IDrmFactory/default.
01-04 18:57:39.150   498   498 E cutils-trace: Error opening trace file: No such file or directory (2)
01-04 18:57:39.160   497   497 D vndksupport: Loading /vendor/lib64/hw/android.hardware.drm@1.0-impl.so from current namespace instead of sphal namespace.
01-04 18:57:39.163   498   498 I ServiceManagement: Registered android.hardware.drm@1.2::IDrmFactory/clearkey (start delay of 115ms)
01-04 18:57:39.163   498   498 I ServiceManagement: Removing namespace from process name android.hardware.drm@1.2-service.clearkey to drm@1.2-service.clearkey.
01-04 18:57:39.172   497   497 I ServiceManagement: Registered android.hardware.drm@1.0::ICryptoFactory/default (start delay of 134ms)
01-04 18:57:39.172   497   497 I ServiceManagement: Removing namespace from process name android.hardware.drm@1.0-service to drm@1.0-service.
01-04 18:57:39.173   497   497 I         : Registration complete for android.hardware.drm@1.0::ICryptoFactory/default.
01-04 18:57:39.175   498   498 I ServiceManagement: Registered android.hardware.drm@1.2::ICryptoFactory/clearkey (start delay of 127ms)
01-04 18:57:39.176   498   498 I ServiceManagement: Removing namespace from process name android.hardware.drm@1.2-service.clearkey to drm@1.2-service.clearkey.
01-04 18:57:39.183   527   527 W vold    : type=1400 audit(0.0:20): avc: denied { read } for name="vendor.qti.hardware.cryptfshw@1.0.so" dev="mmcblk0p25" ino=3012 scontext=u:r:vold:s0 tcontext=u:object_r:vendor_file:s0 tclass=file permissive=0
01-04 18:57:39.183   527   527 W vold    : type=1400 audit(0.0:21): avc: denied { open } for path="/system/product/lib64/vendor.qti.hardware.cryptfshw@1.0.so" dev="mmcblk0p24" ino=3395 scontext=u:r:vold:s0 tcontext=u:object_r:same_process_hal_file:s0 tclass=file permissive=0
01-04 18:57:39.185   490   490 E cutils-trace: Error opening trace file: No such file or directory (2)
01-04 18:57:39.187   527   527 F linker  : CANNOT LINK EXECUTABLE "/system/bin/vold": library "vendor.qti.hardware.cryptfshw@1.0.so" not found
01-04 18:57:39.187   507   507 E cutils-trace: Error opening trace file: No such file or directory (2)
01-04 18:57:39.190   490   490 I ServiceManagement: Registered android.hidl.allocator@1.0::IAllocator/ashmem (start delay of 162ms)
01-04 18:57:39.191   490   490 I ServiceManagement: Removing namespace from process name android.hidl.allocator@1.0-service to allocator@1.0-service.
01-04 18:57:39.191   508   508 E cutils-trace: Error opening trace file: No such file or directory (2)
--------- beginning of system
01-04 18:57:39.191   516   516 I irsc_util: Starting irsc tool
01-04 18:57:39.193   507   507 D vndksupport: Loading /vendor/lib64/hw/android.hardware.sensors@1.0-impl.so from current namespace instead of sphal namespace.
01-04 18:57:39.193   518   518 I tftp_server: Initializing tftp_server RING buffer
01-04 18:57:39.193   518   518 I tftp_server: Starting...
01-04 18:57:39.194   504   504 E cutils-trace: Error opening trace file: No such file or directory (2)
01-04 18:57:39.194   510   510 E cutils-trace: Error opening trace file: No such file or directory (2)
01-04 18:57:39.195   499   499 E cutils-trace: Error opening trace file: No such file or directory (2)
01-04 18:57:39.196   504   504 I ServiceManagement: Registered android.hardware.light@2.0::ILight/default (start delay of 138ms)
01-04 18:57:39.196   504   504 I ServiceManagement: Removing namespace from process name android.hardware.light@2.0-service.asus_X00P to light@2.0-service.asus_X00P.
01-04 18:57:39.197   518   518 I tftp_server: pid=518 tid=518 tftp-server : INF :[tftp_os_la.c, 118] mkdir failed: [2] [/data/vendor/tombstones/rfs/modem] [No such file or directory]
01-04 18:57:39.197   504   504 I android.hardware.light@2.0-service.asus_X00P: Light HAL service ready.
01-04 18:57:39.197   518   518 I tftp_server: pid=518 tid=518 tftp-server : INF :[tftp_os_la.c, 118] mkdir failed: [2] [/data/vendor/tombstones/rfs] [No such file or directory]
01-04 18:57:39.197   518   518 I tftp_server: pid=518 tid=518 tftp-server : INF :[tftp_os_la.c, 118] mkdir failed: [2] [/data/vendor/tombstones] [No such file or directory]
01-04 18:57:39.197   518   518 I tftp_server: pid=518 tid=518 tftp-server : INF :[tftp_os_la.c, 118] mkdir failed: [30] [/data/vendor] [Read-only file system]
01-04 18:57:39.197   510   510 D vndksupport: Loading /vendor/lib64/hw/android.hardware.vibrator@1.0-impl.so from current namespace instead of sphal namespace.
01-04 18:57:39.200   518   518 E tftp_server: pid=518 tid=518 tftp-server : ERR :[tftp_server_folders_la.c, 174] Failed to auto_dir for(/data/vendor/tombstones/rfs/modem/) errno = -30 (Read-only file sy
01-04 18:57:39.200   518   518 I tftp_server: pid=518 tid=518 tftp-server : INF :[tftp_os_la.c, 118] mkdir failed: [2] [/data/vendor/tombstones/rfs/modem/] [No such file or directory]
01-04 18:57:39.200   518   518 I tftp_server: pid=518 tid=518 tftp-server : INF :[tftp_os_la.c, 118] mkdir failed: [2] [/data/vendor/tombstones/rfs/lpass] [No such file or directory]
01-04 18:57:39.200   518   518 I tftp_server: pid=518 tid=518 tftp-server : INF :[tftp_os_la.c, 118] mkdir failed: [2] [/data/vendor/tombstones/rfs] [No such file or directory]
01-04 18:57:39.200   518   518 I tftp_server: pid=518 tid=518 tftp-server : INF :[tftp_os_la.c, 118] mkdir failed: [2] [/data/vendor/tombstones] [No such file or directory]
01-04 18:57:39.200   518   518 I tftp_server: pid=518 tid=518 tftp-server : INF :[tftp_os_la.c, 118] mkdir failed: [30] [/data/vendor] [Read-only file system]
01-04 18:57:39.200   518   518 E tftp_server: pid=518 tid=518 tftp-server : ERR :[tftp_server_folders_la.c, 174] Failed to auto_dir for(/data/vendor/tombstones/rfs/lpass/) errno = -30 (Read-only file sy
01-04 18:57:39.200   518   518 I tftp_server: pid=518 tid=518 tftp-server : INF :[tftp_os_la.c, 118] mkdir failed: [2] [/data/vendor/tombstones/rfs/lpass/] [No such file or directory]
01-04 18:57:39.200   518   518 I tftp_server: pid=518 tid=518 tftp-server : INF :[tftp_os_la.c, 118] mkdir failed: [2] [/data/vendor/tombstones/rfs/tn] [No such file or directory]
01-04 18:57:39.200   518   518 I tftp_server: pid=518 tid=518 tftp-server : INF :[tftp_os_la.c, 118] mkdir failed: [2] [/data/vendor/tombstones/rfs] [No such file or directory]
01-04 18:57:39.200   518   518 I tftp_server: pid=518 tid=518 tftp-server : INF :[tftp_os_la.c, 118] mkdir failed: [2] [/data/vendor/tombstones] [No such file or directory]
01-04 18:57:39.200   518   518 I tftp_server: pid=518 tid=518 tftp-server : INF :[tftp_os_la.c, 118] mkdir failed: [30] [/data/vendor] [Read-only file system]
01-04 18:57:39.200   518   518 E tftp_server: pid=518 tid=518 tftp-server : ERR :[tftp_server_folders_la.c, 174] Failed to auto_dir for(/data/vendor/tombstones/rfs/tn/) errno = -30 (Read-only file syste
01-04 18:57:39.200   518   518 I tftp_server: pid=518 tid=518 tftp-server : INF :[tftp_os_la.c, 118] mkdir failed: [2] [/data/vendor/tombstones/rfs/tn/] [No such file or directory]
01-04 18:57:39.201   518   518 I tftp_server: pid=518 tid=518 tftp-server : INF :[tftp_os_la.c, 118] mkdir failed: [2] [/data/vendor/tombstones/rfs/slpi] [No such file or directory]
01-04 18:57:39.201   499   499 I ServiceManagement: Registered android.hardware.drm@1.2::IDrmFactory/widevine (start delay of 152ms)
01-04 18:57:39.201   518   518 I tftp_server: pid=518 tid=518 tftp-server : INF :[tftp_os_la.c, 118] mkdir failed: [2] [/data/vendor/tombstones/rfs] [No such file or directory]
01-04 18:57:39.201   518   518 I tftp_server: pid=518 tid=518 tftp-server : INF :[tftp_os_la.c, 118] mkdir failed: [2] [/data/vendor/tombstones] [No such file or directory]
01-04 18:57:39.201   518   518 I tftp_server: pid=518 tid=518 tftp-server : INF :[tftp_os_la.c, 118] mkdir failed: [30] [/data/vendor] [Read-only file system]
01-04 18:57:39.201   518   518 E tftp_server: pid=518 tid=518 tftp-server : ERR :[tftp_server_folders_la.c, 174] Failed to auto_dir for(/data/vendor/tombstones/rfs/slpi/) errno = -30 (Read-only file sys
01-04 18:57:39.201   518   518 I tftp_server: pid=518 tid=518 tftp-server : INF :[tftp_os_la.c, 118] mkdir failed: [2] [/data/vendor/tombstones/rfs/slpi/] [No such file or directory]
01-04 18:57:39.201   518   518 I tftp_server: pid=518 tid=518 tftp-server : INF :[tftp_os_la.c, 118] mkdir failed: [2] [/data/vendor/tombstones/rfs/cdsp] [No such file or directory]
01-04 18:57:39.201   518   518 I tftp_server: pid=518 tid=518 tftp-server : INF :[tftp_os_la.c, 118] mkdir failed: [2] [/data/vendor/tombstones/rfs] [No such file or directory]
01-04 18:57:39.201   518   518 I tftp_server: pid=518 tid=518 tftp-server : INF :[tftp_os_la.c, 118] mkdir failed: [2] [/data/vendor/tombstones] [No such file or directory]
01-04 18:57:39.201   518   518 I tftp_server: pid=518 tid=518 tftp-server : INF :[tftp_os_la.c, 118] mkdir failed: [30] [/data/vendor] [Read-only file system]
01-04 18:57:39.201   518   518 E tftp_server: pid=518 tid=518 tftp-server : ERR :[tftp_server_folders_la.c, 174] Failed to auto_dir for(/data/vendor/tombstones/rfs/cdsp/) errno = -30 (Read-only file sys
01-04 18:57:39.201   518   518 I tftp_server: pid=518 tid=518 tftp-server : INF :[tftp_os_la.c, 118] mkdir failed: [2] [/data/vendor/tombstones/rfs/cdsp/] [No such file or directory]
01-04 18:57:39.201   499   499 I ServiceManagement: Removing namespace from process name android.hardware.drm@1.2-service.widevine to drm@1.2-service.widevine.
01-04 18:57:39.201   518   518 E tftp_server: pid=518 tid=518 tftp-server : ERR :[tftp_server.c, 732] Attempting to continue.... some paths maybe inaccessible.
01-04 18:57:39.203   503   503 W android.hardwar: type=1400 audit(0.0:22): avc: denied { open } for path="/sys/devices/soc/msm-bcl-18/power_supply/fg_adc/type" dev="sysfs" ino=19329 scontext=u:r:hal_health_default:s0 tcontext=u:object_r:sysfs:s0 tclass=file permissive=0
01-04 18:57:39.203   503   503 I health@2.0/: health@2.0/default: Hal starting main loop...
01-04 18:57:39.203   503   503 I health@2.0/: health@2.0/default Hal is starting up...
01-04 18:57:39.204   517   517 I vendor.rmt_storage: Modem subsystem found on target!
01-04 18:57:39.207   503   503 E cutils-trace: Error opening trace file: No such file or directory (2)
01-04 18:57:39.208   516   516 I irsc_util: Num of entries:296
01-04 18:57:39.208   517   517 I vendor.rmt_storage: Shared memory initialised successfully.
01-04 18:57:39.209   517   517 I vendor.rmt_storage: Registering modemst1: 0x4a /boot/modem_fs1
01-04 18:57:39.209   517   517 I vendor.rmt_storage: Registering modemst2: 0x4b /boot/modem_fs2
01-04 18:57:39.209   517   517 I vendor.rmt_storage: Registering fsc: 0xff /boot/modem_fsc
01-04 18:57:39.209   517   517 I vendor.rmt_storage: Registering fsg: 0x58 /boot/modem_fsg
01-04 18:57:39.209   517   517 I vendor.rmt_storage: 4 GPT partitions found
01-04 18:57:39.209   517   517 I vendor.rmt_storage: Capset success!
01-04 18:57:39.212   506   506 E cutils-trace: Error opening trace file: No such file or directory (2)
01-04 18:57:39.213   499   499 I ServiceManagement: Registered android.hardware.drm@1.2::ICryptoFactory/widevine (start delay of 164ms)
01-04 18:57:39.213   503   503 I ServiceManagement: Registered android.hardware.health@2.0::IHealth/default (start delay of 155ms)
01-04 18:57:39.213   499   499 I ServiceManagement: Removing namespace from process name android.hardware.drm@1.2-service.widevine to drm@1.2-service.widevine.
01-04 18:57:39.213   503   503 I ServiceManagement: Removing namespace from process name android.hardware.health@2.0-service to health@2.0-service.
01-04 18:57:39.213   503   503 I health@2.0/: health@2.0/default: Hal init done
01-04 18:57:39.215   510   510 D vndksupport: Loading /vendor/lib64/hw/vibrator.default.so from current namespace instead of sphal namespace.
01-04 18:57:39.216   516   516 I irsc_util: Ending irsc tool
01-04 18:57:39.217   505   505 E cutils-trace: Error opening trace file: No such file or directory (2)
01-04 18:57:39.218   508   508 D vndksupport: Loading /vendor/lib64/hw/android.hardware.thermal@1.0-impl.so from current namespace instead of sphal namespace.
01-04 18:57:39.220   506   506 D vndksupport: Loading /vendor/lib64/hw/android.hardware.power@1.0-impl.so from current namespace instead of sphal namespace.
01-04 18:57:39.223   510   510 D         : Vibrator using timed_output
01-04 18:57:39.223   505   505 D vndksupport: Loading /vendor/lib64/hw/android.hardware.memtrack@1.0-impl.so from current namespace instead of sphal namespace.
01-04 18:57:39.224   508   508 E android.hardware.thermal@1.0-impl: Couldn't load thermal module (No such file or directory)
01-04 18:57:39.227   510   510 I ServiceManagement: Registered android.hardware.vibrator@1.0::IVibrator/default (start delay of 158ms)
01-04 18:57:39.227   510   510 I ServiceManagement: Removing namespace from process name android.hardware.vibrator@1.0-service to vibrator@1.0-service.
01-04 18:57:39.227   510   510 I android.hardware.vibrator@1.0-service: Registration complete for android.hardware.vibrator@1.0::IVibrator/default.
01-04 18:57:39.230   503   503 W health@2.0-serv: type=1400 audit(0.0:23): avc: denied { open } for path="/sys/devices/soc/msm-bcl-18/power_supply/fg_adc/type" dev="sysfs" ino=19329 scontext=u:r:hal_health_default:s0 tcontext=u:object_r:sysfs:s0 tclass=file permissive=0
01-04 18:57:39.231   506   506 D vndksupport: Loading /vendor/lib64/hw/power.qcom.so from current namespace instead of sphal namespace.
01-04 18:57:39.232   508   508 I ServiceManagement: Registered android.hardware.thermal@1.0::IThermal/default (start delay of 163ms)
01-04 18:57:39.232   508   508 I ServiceManagement: Removing namespace from process name android.hardware.thermal@1.0-service to thermal@1.0-service.
01-04 18:57:39.232   508   508 I android.hardware.thermal@1.0-service: Registration complete for android.hardware.thermal@1.0::IThermal/default.
01-04 18:57:39.233   509   509 E cutils-trace: Error opening trace file: No such file or directory (2)
01-04 18:57:39.233   489   489 I Dpps    : GetInstance: DppsServer ref count increased to 1
01-04 18:57:39.233   489   489 I Dpps    : WaitForComposer():129 Waiting for composer service init
01-04 18:57:39.235   505   505 D vndksupport: Loading /vendor/lib64/hw/memtrack.msm8937.so from current namespace instead of sphal namespace.
01-04 18:57:39.235   489   489 I ServiceManager: Waiting for service 'display.qservice' on '/dev/vndbinder'...
01-04 18:57:39.238   515   515 D         : tui_comm: svc service starting :)
01-04 18:57:39.240   501   501 E cutils-trace: Error opening trace file: No such file or directory (2)
01-04 18:57:39.240   515   515 E cutils-trace: Error opening trace file: No such file or directory (2)
01-04 18:57:39.243   509   509 I ServiceManagement: Registered android.hardware.usb@1.0::IUsb/default (start delay of 175ms)
01-04 18:57:39.243   509   509 I ServiceManagement: Removing namespace from process name android.hardware.usb@1.0-service.basic to usb@1.0-service.basic.
01-04 18:57:39.243   509   509 I /vendor/bin/hw/android.hardware.usb@1.0-service.basic: USB HAL Ready.
01-04 18:57:39.246   493   493 I android.hardware.bluetooth@1.0-service: vendorEnhancedInfo: 3
01-04 18:57:39.246   493   493 I android.hardware.bluetooth@1.0-service: isVendorEnhancedFramework: 1
01-04 18:57:39.246   493   493 I android.hardware.bluetooth@1.0-service: Registering BT Service
01-04 18:57:39.247   493   493 E cutils-trace: Error opening trace file: No such file or directory (2)
01-04 18:57:39.248   501   501 D vndksupport: Loading /vendor/lib64/hw/android.hardware.graphics.allocator@2.0-impl.so from current namespace instead of sphal namespace.
01-04 18:57:39.248   515   515 I ServiceManagement: Registered vendor.qti.hardware.tui_comm@1.0::ITuiComm/default (start delay of 160ms)
01-04 18:57:39.248   515   515 I ServiceManagement: Removing namespace from process name vendor.qti.hardware.tui_comm@1.0-service-qti to tui_comm@1.0-service-qti.
01-04 18:57:39.248   515   515 E         : Registered ITuiComm HAL service success!
01-04 18:57:39.250   525   525 W lmkd    : type=1400 audit(0.0:24): avc: denied { open } for path="/vendor/lib64/vendor.qti.hardware.perf@2.0.so" dev="mmcblk0p25" ino=3026 scontext=u:r:lmkd:s0 tcontext=u:object_r:same_process_hal_file:s0 tclass=file permissive=0
01-04 18:57:39.250   491   491 E cutils-trace: Error opening trace file: No such file or directory (2)
01-04 18:57:39.252   493   493 D vndksupport: Loading /vendor/lib64/hw/android.hardware.bluetooth@1.0-impl-qti.so from current namespace instead of sphal namespace.
01-04 18:57:39.254   505   505 I ServiceManagement: Registered android.hardware.memtrack@1.0::IMemtrack/default (start delay of 196ms)
01-04 18:57:39.255   505   505 I ServiceManagement: Removing namespace from process name android.hardware.memtrack@1.0-service to memtrack@1.0-service.
01-04 18:57:39.255   505   505 I android.hardware.memtrack@1.0-service: Registration complete for android.hardware.memtrack@1.0::IMemtrack/default.
01-04 18:57:39.256   502   502 E cutils-trace: Error opening trace file: No such file or directory (2)
01-04 18:57:39.258   501   501 D vndksupport: Loading /vendor/lib64/hw/gralloc.msm8937.so from current namespace instead of sphal namespace.
01-04 18:57:39.266   514   514 D         : QdutilsDisp: svc service starting :)
01-04 18:57:39.267   514   514 E cutils-trace: Error opening trace file: No such file or directory (2)
01-04 18:57:39.267   512   512 E cutils-trace: Error opening trace file: No such file or directory (2)
01-04 18:57:39.270   525   525 E cutils-trace: Error opening trace file: No such file or directory (2)
01-04 18:57:39.270   521   521 I PerMgrSrv: Adding entry for modem : offTimeout : 500 ackTimeout : 200
01-04 18:57:39.272   491   491 I ServiceManagement: Registered android.system.suspend@1.0::ISystemSuspend/default (start delay of 244ms)
01-04 18:57:39.272   491   491 I ServiceManagement: Removing namespace from process name android.system.suspend@1.0-service to suspend@1.0-service.
01-04 18:57:39.275   502   502 D vndksupport: Loading /vendor/lib64/hw/android.hardware.graphics.composer@2.1-impl.so from current namespace instead of sphal namespace.
01-04 18:57:39.277   512   512 I ServiceManagement: Registered vendor.display.color@1.0::IDisplayColor/default (start delay of 199ms)
01-04 18:57:39.277   512   512 I ServiceManagement: Removing namespace from process name vendor.display.color@1.0-service to color@1.0-service.
01-04 18:57:39.277   514   514 I ServiceManagement: Registered vendor.qti.hardware.qdutils_disp@1.0::IQdutilsDisp/default (start delay of 199ms)
01-04 18:57:39.278   514   514 I ServiceManagement: Removing namespace from process name vendor.qti.hardware.qdutils_disp@1.0-service-qti to qdutils_disp@1.0-service-qti.
01-04 18:57:39.278   514   514 E         : Registered IQdutilsDisp HAL service success!
01-04 18:57:39.280   512   512 I ServiceManagement: Registered vendor.display.postproc@1.0::IDisplayPostproc/default (start delay of 202ms)
01-04 18:57:39.282   507   507 E libsensor1: check_sensors_enabled: Sensors enabled = true
01-04 18:57:39.283   525   525 I ServiceManagement: getService: Trying again for vendor.qti.hardware.perf@2.0::IPerf/default...
01-04 18:57:39.285   520   520 D QSEECOMD: : qseecom listener services process entry PPID = 1
01-04 18:57:39.285   520   520 E QSEECOMD: : Listener: index = 0, hierarchy = 0
01-04 18:57:39.286   496   496 W /vendor/bin/hw/android.hardware.configstore@1.1-service: libminijail[496]: allowing syscall: connect
01-04 18:57:39.286   496   496 W /vendor/bin/hw/android.hardware.configstore@1.1-service: libminijail[496]: allowing syscall: fcntl
01-04 18:57:39.286   496   496 W /vendor/bin/hw/android.hardware.configstore@1.1-service: libminijail[496]: allowing syscall: sendto
01-04 18:57:39.286   496   496 W /vendor/bin/hw/android.hardware.configstore@1.1-service: libminijail[496]: allowing syscall: socket
01-04 18:57:39.286   496   496 W /vendor/bin/hw/android.hardware.configstore@1.1-service: libminijail[496]: allowing syscall: writev
01-04 18:57:39.287   506   506 I QTI PowerHAL: Initing
01-04 18:57:39.290   506   506 I ServiceManagement: Registered android.hardware.power@1.0::IPower/default (start delay of 232ms)
01-04 18:57:39.291   506   506 I ServiceManagement: Removing namespace from process name android.hardware.power@1.0-service to power@1.0-service.
01-04 18:57:39.291   506   506 I android.hardware.power@1.0-service: Registration complete for android.hardware.power@1.0::IPower/default.
01-04 18:57:39.292   496   496 W /vendor/bin/hw/android.hardware.configstore@1.1-service: libminijail[496]: logging seccomp filter failures
01-04 18:57:39.293   496   496 E cutils-trace: Error opening trace file: No such file or directory (2)
01-04 18:57:39.296   496   496 I ServiceManagement: Registered android.hardware.configstore@1.1::ISurfaceFlingerConfigs/default (start delay of 257ms)
01-04 18:57:39.296   493   493 I ServiceManagement: Registered android.hardware.bluetooth@1.0::IBluetoothHci/default (start delay of 258ms)
01-04 18:57:39.297   493   493 I ServiceManagement: Removing namespace from process name android.hardware.bluetooth@1.0-service-qti to bluetooth@1.0-service-qti.
01-04 18:57:39.297   493   493 I         : Registration complete for android.hardware.bluetooth@1.0::IBluetoothHci/default.
01-04 18:57:39.298   493   493 D vndksupport: Loading /vendor/lib64/hw/vendor.qti.hardware.bluetooth_sar@1.0-impl.so from current namespace instead of sphal namespace.
01-04 18:57:39.300   520   520 D QSEECOMD: : Init dlopen(librpmb.so, RTLD_NOW) succeeds
01-04 18:57:39.300   520   520 D QSEECOMD: : Init::Init dlsym(g_FSHandle rpmb_init_service) succeeds
01-04 18:57:39.301   496   496 I ServiceManagement: Removing namespace from process name android.hardware.configstore@1.1-service to configstore@1.1-service.
01-04 18:57:39.301   520   520 I rpmb_emmc: RPMB Mult (512-bytes sector) = 8192, Rel_sec_cnt = 32
01-04 18:57:39.301   520   520 E DrmLibRpmb: rpmb_init succeeded! with ret = 0
01-04 18:57:39.301   520   520 D QSEECOMD: : Init rpmb_init_service ret = 0
01-04 18:57:39.301   520   520 D QSEECOMD: : RPMB system services: init (Listener ID = 8192)
01-04 18:57:39.301   520   520 E QSEECOMD: : Listener: index = 1, hierarchy = 0
01-04 18:57:39.303   520   520 D QSEECOMD: : Init dlopen(libssd.so, RTLD_NOW) succeeds
01-04 18:57:39.303   520   520 D QSEECOMD: : Init::Init dlsym(g_FSHandle ssd_init_service) succeeds
01-04 18:57:39.303   520   520 E SSD     : ssd_init_service succeeded!
01-04 18:57:39.303   520   520 D QSEECOMD: : Init ssd_init_service ret = 0
01-04 18:57:39.303   520   520 D QSEECOMD: : SSD system services: init (Listener ID = 12288)
01-04 18:57:39.303   520   520 E QSEECOMD: : Listener: index = 2, hierarchy = 0
01-04 18:57:39.305   493   493 E vendor.qti.hardware.bluetooth_sar@1.0-BluetoothSar: HIDL_FETCH_IBluetoothSar
01-04 18:57:39.307   493   493 I ServiceManagement: Registered vendor.qti.hardware.bluetooth_sar@1.0::IBluetoothSar/default (start delay of 269ms)
01-04 18:57:39.307   493   493 I         : Registration complete for vendor.qti.hardware.bluetooth_sar@1.0::IBluetoothSar/default.
01-04 18:57:39.307   493   493 I android.hardware.bluetooth@1.0-service: Registering BT Config store Service
01-04 18:57:39.308   493   493 D vndksupport: Loading /vendor/lib64/hw/vendor.qti.hardware.btconfigstore@1.0-impl.so from current namespace instead of sphal namespace.
01-04 18:57:39.316   500   500 I android.hardware.gnss@2.0-service-qti: main
01-04 18:57:39.317   501   501 I ServiceManagement: Registered android.hardware.graphics.allocator@2.0::IAllocator/default (start delay of 268ms)
01-04 18:57:39.317   500   500 E cutils-trace: Error opening trace file: No such file or directory (2)
01-04 18:57:39.317   501   501 I ServiceManagement: Removing namespace from process name android.hardware.graphics.allocator@2.0-service to allocator@2.0-service.
01-04 18:57:39.317   501   501 I android.hardware.graphics.allocator@2.0-service: Registration complete for android.hardware.graphics.allocator@2.0::IAllocator/default.
01-04 18:57:39.319   493   493 I ServiceManagement: Registered vendor.qti.hardware.btconfigstore@1.0::IBTConfigStore/default (start delay of 281ms)
01-04 18:57:39.320   401   401 W hwservicemanage: type=1400 audit(0.0:25): avc: denied { call } for scontext=u:r:hwservicemanager:s0 tcontext=u:r:lmkd:s0 tclass=binder permissive=0
01-04 18:57:39.320   502   502 D vndksupport: Loading /vendor/lib64/hw/hwcomposer.msm8937.so from current namespace instead of sphal namespace.
01-04 18:57:39.320   493   493 I         : Registration complete for vendor.qti.hardware.btconfigstore@1.0::IBTConfigStore/default.
01-04 18:57:39.321   500   500 D vndksupport: Loading /vendor/lib64/hw/android.hardware.gnss@2.0-impl-qti.so from current namespace instead of sphal namespace.
01-04 18:57:39.321   513   513 E cutils-trace: Error opening trace file: No such file or directory (2)
01-04 18:57:39.323   401   401 E hwservicemanager: Dropping registration callback for vendor.qti.hardware.perf@2.0::IPerf/default: transport error.
01-04 18:57:39.324   513   513 I ServiceManagement: Registered vendor.qti.hardware.perf@2.1::IPerf/default (start delay of 246ms)
01-04 18:57:39.324   513   513 I ServiceManagement: Removing namespace from process name vendor.qti.hardware.perf@2.1-service to perf@2.1-service.
01-04 18:57:39.324   513   513 E vendor.qti.hardware.perf@2.1-service: Registered IPerf HAL service success!
01-04 18:57:39.327   494   494 I android.hardware.camera.provider@2.4-service: CameraProvider@2.4 legacy service is starting.
01-04 18:57:39.327   495   495 E cutils-trace: Error opening trace file: No such file or directory (2)
01-04 18:57:39.327   494   494 E cutils-trace: Error opening trace file: No such file or directory (2)
01-04 18:57:39.329   519   538 E Sensors : sns_reg_la.c(368):wind-log int_flag = 1
01-04 18:57:39.329   519   538 E Sensors : sns_reg_la.c(372):wind-log accel_gyro use polling mode
01-04 18:57:39.329   519   538 E Sensors : sns_reg_la.c(380):wind-log write accel polling mode
01-04 18:57:39.329   519   538 E Sensors : sns_reg_la.c(395):wind-log write gyro polling mode
01-04 18:57:39.331   495   495 I ServiceManagement: Registered android.hardware.cas@1.1::IMediaCasService/default (start delay of 293ms)
01-04 18:57:39.331   495   495 I ServiceManagement: Removing namespace from process name android.hardware.cas@1.1-service to cas@1.1-service.
01-04 18:57:39.334   494   494 D vndksupport: Loading /vendor/lib/hw/android.hardware.camera.provider@2.4-impl.so from current namespace instead of sphal namespace.
01-04 18:57:39.334   520   520 D QSEECOMD: : Init dlopen(libsecureui.so, RTLD_NOW) succeeds
01-04 18:57:39.334   520   520 D QSEECOMD: : Init::Init dlsym(g_FSHandle secure_ui_init) succeeds
01-04 18:57:39.334   520   520 D QSEECOMD: : Init secure_ui_init ret = 0
01-04 18:57:39.334   520   520 D QSEECOMD: : secure UI services: init (Listener ID = 16384)
01-04 18:57:39.335   520   520 D QSEECOMD: : qseecom listener service threads starting!!! 
01-04 18:57:39.335   520   520 D QSEECOMD: : Total listener services to start = 10
01-04 18:57:39.335   520   520 E QSEECOMD: : Listener: index = 0, hierarchy = 1
01-04 18:57:39.335   520   520 D QSEECOMD: : Init dlopen(librpmb.so, RTLD_NOW) succeeds
01-04 18:57:39.335   520   520 D QSEECOMD: : Init::Init dlsym(g_FSHandle rpmb_start) succeeds
01-04 18:57:39.335   520   520 D QSEECOMAPI: QSEECom_register_listener 8192 sb_length = 0x6400
01-04 18:57:39.336   489   489 I ServiceManager: Waiting for service 'display.qservice' on '/dev/vndbinder'...
01-04 18:57:39.336   520   520 D QSEECOMD: : Init rpmb_start ret = 0
01-04 18:57:39.336   520   520 D QSEECOMD: : RPMB system services: Started (Listener ID = 8192)
01-04 18:57:39.336   520   520 E QSEECOMD: : Listener: index = 1, hierarchy = 1
01-04 18:57:39.337   520   520 D QSEECOMD: : Init dlopen(libssd.so, RTLD_NOW) succeeds
01-04 18:57:39.337   520   520 D QSEECOMD: : Init::Init dlsym(g_FSHandle ssd_start) succeeds
01-04 18:57:39.337   520   520 D QSEECOMAPI: QSEECom_register_listener 12288 sb_length = 0x5000
01-04 18:57:39.338   520   520 D QSEECOMD: : Init ssd_start ret = 0
01-04 18:57:39.338   520   520 D QSEECOMD: : SSD system services: Started (Listener ID = 12288)
01-04 18:57:39.338   520   520 E QSEECOMD: : Listener: index = 2, hierarchy = 1
01-04 18:57:39.338   520   520 D QSEECOMD: : Init dlopen(libsecureui.so, RTLD_NOW) succeeds
01-04 18:57:39.338   520   520 D QSEECOMD: : Init::Init dlsym(g_FSHandle secure_ui_start) succeeds
01-04 18:57:39.339   520   520 D QSEECOMAPI: QSEECom_register_listener 16384 sb_length = 0x10a8
01-04 18:57:39.340   386   386 W init    : type=1400 audit(0.0:26): avc: denied { relabelfrom } for name=".pbrps" dev="mmcblk0p28" ino=55 scontext=u:r:vendor_init:s0 tcontext=u:object_r:media_rw_data_file:s0 tclass=file permissive=0
01-04 18:57:39.340   520   520 D QSEECOMD: : Init secure_ui_start ret = 0
01-04 18:57:39.340   520   520 D QSEECOMD: : secure UI services: Started (Listener ID = 16384)
01-04 18:57:39.340   520   520 E QSEECOMD: : Listener: index = 3, hierarchy = 1
01-04 18:57:39.346   520   520 D QSEECOMD: : Init dlopen(libdrmtime.so, RTLD_NOW) succeeds
01-04 18:57:39.346   520   520 D QSEECOMD: : Init::Init dlsym(g_FSHandle atime_start) succeeds
01-04 18:57:39.346   520   520 D DrmLibTime: QSEE Time Listener: atime_start
01-04 18:57:39.346   520   520 D QSEECOMAPI: QSEECom_register_listener 11 sb_length = 0x5000
01-04 18:57:39.347   520   520 D DrmLibTime: registering fs service to QSEECom is done!
01-04 18:57:39.347   520   520 D DrmLibTime: begin to create a thread!
01-04 18:57:39.347   520   520 D DrmLibTime: Creating a pthread in atime_start is done! return 0
01-04 18:57:39.347   520   520 D QSEECOMD: : Init atime_start ret = 0
01-04 18:57:39.347   520   520 D QSEECOMD: : time services: Started (Listener ID = 11)
01-04 18:57:39.347   520   520 E QSEECOMD: : Listener: index = 4, hierarchy = 1
01-04 18:57:39.347   520   557 D DrmLibTime: QSEE Time Listener: dispatch
01-04 18:57:39.347   520   557 D DrmLibTime: before calling ioctl to read the next time_cmd
01-04 18:57:39.347   520   520 D QSEECOMD: : Init dlopen(libdrmfs.so, RTLD_NOW) succeeds
01-04 18:57:39.347   520   520 D QSEECOMD: : Init::Init dlsym(g_FSHandle fs_start) succeeds
01-04 18:57:39.347   520   520 D QSEECOMAPI: QSEECom_register_listener 10 sb_length = 0x5000
01-04 18:57:39.356   520   520 D QSEECOMD: : Init fs_start ret = 0
01-04 18:57:39.356   520   520 D QSEECOMD: : file system services: Started (Listener ID = 10)
01-04 18:57:39.356   520   520 E QSEECOMD: : Listener: index = 5, hierarchy = 1
01-04 18:57:39.356   520   520 D QSEECOMD: : Init dlopen(libdrmfs.so, RTLD_NOW) succeeds
01-04 18:57:39.356   520   520 D QSEECOMD: : Init::Init dlsym(g_FSHandle gpfs_start) succeeds
01-04 18:57:39.356   511   511 I android.hardware.wifi@1.0-service: Wifi Hal is booting up...
01-04 18:57:39.357   511   511 E cutils-trace: Error opening trace file: No such file or directory (2)
01-04 18:57:39.357   520   520 E DrmLibFs: Error: Invalid config file
01-04 18:57:39.357   520   520 E DrmLibFs: Data path not parsed: Using default data path: /data/vendor/tzstorage/
01-04 18:57:39.357   520   520 E DrmLibFs: Persist path not parsed: Using default persist path: /mnt/vendor/persist/data/
01-04 18:57:39.357   520   520 D QSEECOMAPI: QSEECom_register_listener 28672 sb_length = 0x7e000
01-04 18:57:39.360   511   511 I ServiceManagement: Registered android.hardware.wifi@1.3::IWifi/default (start delay of 282ms)
01-04 18:57:39.360   511   511 I ServiceManagement: Removing namespace from process name android.hardware.wifi@1.0-service to wifi@1.0-service.
01-04 18:57:39.361   520   520 D QSEECOMD: : Init gpfs_start ret = 0
01-04 18:57:39.361   520   520 D QSEECOMD: : gpfile system services: Started (Listener ID = 28672)
01-04 18:57:39.361   520   520 E QSEECOMD: : Listener: index = 6, hierarchy = 1
01-04 18:57:39.363   520   520 D QSEECOMD: : Init dlopen(libqisl.so, RTLD_NOW) succeeds
01-04 18:57:39.363   520   520 D QSEECOMD: : Init::Init dlsym(g_FSHandle qisl_start) succeeds
01-04 18:57:39.365   521   521 I PerMgrSrv: Peripheral Mananager service start
01-04 18:57:39.365   521   521 I PerMgrSrv: power-off timeout 500,ms; event-ack timeout 200,ms; debug-mode false
01-04 18:57:39.365   521   521 I PerMgrSrv: Statistics for : modem
01-04 18:57:39.365   521   521 I PerMgrSrv: modem: Current State : is off-line
01-04 18:57:39.365   521   521 I PerMgrSrv: modem: Voter/Listener count : 0/0
01-04 18:57:39.365   521   521 I PerMgrSrv: modem: Power on count : 0
01-04 18:57:39.365   521   521 I PerMgrSrv: modem: Power off count: 0
01-04 18:57:39.365   521   521 I PerMgrSrv: modem: Client list:
01-04 18:57:39.366   386   386 W init    : type=1400 audit(0.0:27): avc: denied { write } for path="/dev/cpuset/foreground/cpus" dev="tmpfs" ino=2236 scontext=u:r:vendor_init:s0 tcontext=u:object_r:device:s0 tclass=file permissive=0
01-04 18:57:39.366   386   386 W init    : type=1400 audit(0.0:28): avc: denied { write } for path="/dev/cpuset/background/cpus" dev="tmpfs" ino=2237 scontext=u:r:vendor_init:s0 tcontext=u:object_r:device:s0 tclass=file permissive=0
01-04 18:57:39.366   520   562 I QISL    : QSEE Interrupt Service Listener Thread is started
01-04 18:57:39.366   520   562 D QSEECOMAPI: QSEECom_register_listener 36864 sb_length = 0x1f4
01-04 18:57:39.366   521   563 I PerMgrSrv: QMI service start
01-04 18:57:39.369   520   562 I QISL    : QSEE Interrupt Service Listener was activated successfully
01-04 18:57:39.369   520   520 D QSEECOMD: : Init qisl_start ret = 0
01-04 18:57:39.369   520   520 D QSEECOMD: : interrupt services: Started (Listener ID = 36864)
01-04 18:57:39.369   520   520 E QSEECOMD: : Listener: index = 7, hierarchy = 1
01-04 18:57:39.370   386   386 W init    : type=1400 audit(0.0:29): avc: denied { write } for path="/dev/cpuset/system-background/cpus" dev="tmpfs" ino=2238 scontext=u:r:vendor_init:s0 tcontext=u:object_r:device:s0 tclass=file permissive=0
01-04 18:57:39.370   386   386 W init    : type=1400 audit(0.0:30): avc: denied { write } for path="/dev/cpuset/top-app/cpus" dev="tmpfs" ino=2239 scontext=u:r:vendor_init:s0 tcontext=u:object_r:device:s0 tclass=file permissive=0
01-04 18:57:39.370   386   386 W init    : type=1400 audit(0.0:31): avc: denied { write } for name="cpus" dev="tmpfs" ino=430 scontext=u:r:vendor_init:s0 tcontext=u:object_r:device:s0 tclass=file permissive=0
