01-04 18:57:39.370   520   520 E QSEECOMD: : Init dlopen(libspl.so, RLTD_NOW) is failed.... dlopen failed: library "libspl.so" not found
01-04 18:57:39.370   520   520 E QSEECOMD: : Listener: index = 8, hierarchy = 1
01-04 18:57:39.375   520   520 D QSEECOMD: : Init dlopen(libGPreqcancel.so, RTLD_NOW) succeeds
01-04 18:57:39.375   520   520 D QSEECOMD: : Init::Init dlsym(g_FSHandle gp_reqcancel_start) succeeds
01-04 18:57:39.376   520   520 D QSEECOMAPI: QSEECom_register_listener 4352 sb_length = 0x5000
01-04 18:57:39.405   520   520 D QSEECOMD: : Init gp_reqcancel_start ret = 0
01-04 18:57:39.405   520   520 D QSEECOMD: : gp request cancellation services: Started (Listener ID = 4352)
01-04 18:57:39.405   520   520 E QSEECOMD: : Listener: index = 9, hierarchy = 1
01-04 18:57:39.405   520   520 E QSEECOMD: : Init dlopen(libops.so, RLTD_NOW) is failed.... dlopen failed: library "libops.so" not found
01-04 18:57:39.411   492   492 E cutils-trace: Error opening trace file: No such file or directory (2)
01-04 18:57:39.412   500   500 D LocSvc_LBSProxy: checkIfLocationExtendedClientExists] File does not Exist
01-04 18:57:39.412   502   502 I ServiceManagement: Registered vendor.display.config@1.9::IDisplayConfig/default (start delay of 354ms)
01-04 18:57:39.412   502   502 I SDM     : HWCSession::StartServices: IDisplayConfig service registration completed.
01-04 18:57:39.413   502   502 D vndksupport: Loading /vendor/lib64/hw/gralloc.msm8937.so from current namespace instead of sphal namespace.
01-04 18:57:39.414   494   494 D vndksupport: Loading /vendor/lib/hw/camera.msm8937.so from current namespace instead of sphal namespace.
01-04 18:57:39.414   492   492 D vndksupport: Loading /vendor/lib/hw/android.hardware.audio@5.0-impl.so from current namespace instead of sphal namespace.
01-04 18:57:39.420   500   571 I LocSvc_api_v02: locClientOpen:2179]: Service instance id is -1
01-04 18:57:39.420   500   571 I LocSvc_api_v02: ---> locClientOpenInstance line 2054 loc client open
01-04 18:57:39.421   520   520 D QSEECOMD: : QSEECOM DAEMON RUNNING 
01-04 18:57:39.422   502   502 I SDM     : ExtensionInterface::CreateExtensionInterface: 
01-04 18:57:39.422   502   502 I SDM     : SDM-EXTENSION Version: Date: 08/28/19, Commit: 27121f1, Change: Ibd1f5bcfa4
01-04 18:57:39.422   500   571 E QMI_FW  : QMUXD: WARNING qmi_qmux_if_pwr_up_init failed! rc=-6
01-04 18:57:39.423   503   503 W health@2.0-serv: type=1400 audit(0.0:32): avc: denied { open } for path="/sys/devices/soc/msm-bcl-18/power_supply/fg_adc/type" dev="sysfs" ino=19329 scontext=u:r:hal_health_default:s0 tcontext=u:object_r:sysfs:s0 tclass=file permissive=0
01-04 18:57:39.423   500   500 I ServiceManagement: Registered android.hardware.gnss@2.0::IGnss/default (start delay of 375ms)
01-04 18:57:39.423   500   500 I ServiceManagement: Removing namespace from process name android.hardware.gnss@2.0-service-qti to gnss@2.0-service-qti.
01-04 18:57:39.423   500   500 I android.hardware.gnss@2.0-service-qti: Registration complete for android.hardware.gnss@2.0::IGnss/default.
01-04 18:57:39.424   502   502 I SDM     : HWInfo::GetHWResourceInfo: SDE Version = 5, SDE Revision = 100e0000, RGB = 2, VIG = 1, DMA = 1, Cursor = 1
01-04 18:57:39.424   502   502 I SDM     : HWInfo::GetHWResourceInfo: Upscale Ratio = 20, Downscale Ratio = 4, Blending Stages = 4
01-04 18:57:39.424   502   502 I SDM     : HWInfo::GetHWResourceInfo: SourceSplit = 0 QSEED3 = 0
01-04 18:57:39.424   502   502 I SDM     : HWInfo::GetHWResourceInfo: BWC = 0, UBWC = 1, Decimation = 1, Tile Format = 0 Concurrent Writeback = 0
01-04 18:57:39.424   502   502 I SDM     : HWInfo::GetHWResourceInfo: MaxLowBw = 3100000 , MaxHighBw = 3100000
01-04 18:57:39.424   502   502 I SDM     : HWInfo::GetHWResourceInfo: MaxPipeBw = 2300000 KBps, MaxSDEClock = 320000000 Hz, ClockFudgeFactor = 1.050000
01-04 18:57:39.424   502   502 I SDM     : HWInfo::GetHWResourceInfo: Prefill factors: Tiled_NV12 = 8, Tiled = 4, Linear = 1, Scale = 1, Fudge_factor = 2
01-04 18:57:39.424   502   502 I SDM     : HWInfo::GetMDSSRotatorInfo: MDSS Rotator: Count = 1, Downscale = 1, Min_downscale = 2.000000
01-04 18:57:39.424   502   502 I SDM     : HWInfo::GetHWResourceInfo: Has Support for multiple bw limits shown below
01-04 18:57:39.424   502   502 I SDM     : HWInfo::GetHWResourceInfo: Mode-index=0  total_bw_limit=3100000 and pipe_bw_limit=2300000
01-04 18:57:39.424   502   502 I SDM     : HWInfo::GetHWResourceInfo: Mode-index=1  total_bw_limit=1700000 and pipe_bw_limit=2300000
01-04 18:57:39.424   502   502 I SDM     : HWInfo::GetHWResourceInfo: Mode-index=2  total_bw_limit=3100000 and pipe_bw_limit=2300000
01-04 18:57:39.424   502   502 I SDM     : HWInfo::GetHWResourceInfo: Mode-index=3  total_bw_limit=3100000 and pipe_bw_limit=2300000
01-04 18:57:39.425   500   576 I LocSvc_BatteryListener: init:108] Get health service in 0 tries
01-04 18:57:39.425   502   502 I SDM     : SessionManager::SessionManager: Allocate buffers synchronously = 0
01-04 18:57:39.431   500   561 I LocSvc_CtxBase: readConfig] GNSS Deployment: QGNSS
01-04 18:57:39.432   434   434 D QSEECOMAPI: QSEECom_get_handle sb_length = 0xa000
01-04 18:57:39.432   434   434 D QSEECOMAPI: App is already loaded QSEE and app id = 65537
01-04 18:57:39.433   435   435 D QSEECOMAPI: QSEECom_get_handle sb_length = 0xa000
01-04 18:57:39.433   435   435 D QSEECOMAPI: App is already loaded QSEE and app id = 65537
01-04 18:57:39.438   492   492 I ServiceManagement: Registered android.hardware.audio@5.0::IDevicesFactory/default (start delay of 410ms)
01-04 18:57:39.438   492   492 I ServiceManagement: Removing namespace from process name android.hardware.audio@2.0-service to audio@2.0-service.
01-04 18:57:39.438   492   492 I audiohalservice: Registration complete for android.hardware.audio@5.0::IDevicesFactory/default.
01-04 18:57:39.440   492   492 D vndksupport: Loading /vendor/lib/hw/android.hardware.audio.effect@5.0-impl.so from current namespace instead of sphal namespace.
01-04 18:57:39.440   434   434 E KeymasterUtils: TA API Major Version: 3
01-04 18:57:39.440   434   434 E KeymasterUtils: TA API Minor Version: 0
01-04 18:57:39.440   434   434 E KeymasterUtils: TA Major Version: 3
01-04 18:57:39.440   434   434 E KeymasterUtils: TA Minor Version: 121
01-04 18:57:39.446   434   434 I ServiceManagement: Registered android.hardware.gatekeeper@1.0::IGatekeeper/default (start delay of 107797ms)
01-04 18:57:39.446   434   434 I ServiceManagement: Removing namespace from process name android.hardware.gatekeeper@1.0-service-qti to gatekeeper@1.0-service-qti.
01-04 18:57:39.446   435   435 E KeymasterUtils: TA API Major Version: 3
01-04 18:57:39.446   502   502 I SDM     : CoreInterface::CreateCore: Open interface handle = 0x7cb6c34000
01-04 18:57:39.446   435   435 E KeymasterUtils: TA API Minor Version: 0
01-04 18:57:39.446   435   435 E KeymasterUtils: TA Major Version: 3
01-04 18:57:39.446   502   502 I SDM     : HWCSession::Register: Set uevent listener = 0x7cb6c26280
01-04 18:57:39.446   435   435 E KeymasterUtils: TA Minor Version: 121
01-04 18:57:39.446   434   434 I android.hardware.gatekeeper@1.0-service: Registration complete for android.hardware.gatekeeper@1.0::IGatekeeper/default.
01-04 18:57:39.446   502   502 I SDM     : HWInfo::GetFirstDisplayInterfaceType: First display is internal display
01-04 18:57:39.446   502   502 I SDM     : CPUHint::Init: Invalid CPU Hint Pre-enable Window -1
01-04 18:57:39.447   502   502 I SDM     : HWDevice::GetHWPanelMaxBrightnessFromNode: Max brightness level = 255
01-04 18:57:39.447   502   502 I SDM     : HWDevice::Init: access(/dev/graphics/fb0) successful
01-04 18:57:39.448   502   502 I SDM     : HWDevice::GetHWPanelMaxBrightnessFromNode: Max brightness level = 255
01-04 18:57:39.448   502   502 I SDM     : HWDevice::PopulateHWPanelInfo: Device type = 0, Display Port = 1, Display Mode = 1, Device Node = 0, Is Primary = 1
01-04 18:57:39.448   502   502 I SDM     : HWDevice::PopulateHWPanelInfo: Partial Update = 0, supported roi_count =1, Dynamic FPS = 0
01-04 18:57:39.448   502   502 I SDM     : HWDevice::PopulateHWPanelInfo: Align: left = 0, width = 0, top = 0, height = 0
01-04 18:57:39.448   502   502 I SDM     : HWDevice::PopulateHWPanelInfo: ROI: min_width = 0, min_height = 0, need_merge = 0
01-04 18:57:39.448   502   502 I SDM     : HWDevice::PopulateHWPanelInfo: FPS: min = 0, max =0
01-04 18:57:39.448   502   502 I SDM     : HWDevice::PopulateHWPanelInfo: Ping Pong Split = 0
01-04 18:57:39.448   502   502 I SDM     : HWDevice::PopulateHWPanelInfo: Left Split = 0, Right Split = 0
01-04 18:57:39.450   502   502 I SDM     : HWDevice::GetHWPanelMaxBrightnessFromNode: Max brightness level = 255
01-04 18:57:39.451   502   502 I SDM     : HWDevice::GetHWPanelMaxBrightnessFromNode: Max brightness level = 255
01-04 18:57:39.451   502   502 W SDM     : HWDevice::GetHWPanelInfoByNode: Failed to open msm_fb_panel_info node device node 2
01-04 18:57:39.451   502   502 W SDM     : HWDevice::GetHWPanelInfoByNode: Failed to open msm_fb_panel_info node device node 3
01-04 18:57:39.451   502   502 I SDM     : HWDevice::GetHWPanelMaxBrightnessFromNode: Max brightness level = 255
01-04 18:57:39.452   502   502 I SDM     : HWDevice::GetHWPanelMaxBrightnessFromNode: Max brightness level = 255
01-04 18:57:39.452   502   502 W SDM     : HWDevice::GetHWPanelInfoByNode: Failed to open msm_fb_panel_info node device node 2
01-04 18:57:39.452   502   502 W SDM     : HWDevice::GetHWPanelInfoByNode: Failed to open msm_fb_panel_info node device node 3
01-04 18:57:39.453   502   502 I SDM     : StrategyImpl::SetIdleTimeoutMs: Idle timeout: active = 70, inactive = 520
01-04 18:57:39.453   502   502 W SDM     : ColorManager::CreateColorManagerProxy: PAV2 version is versions = 11, version = 11 
01-04 18:57:39.455   502   502 W SDM     : DisplayBase::Init: InitColorModes failed for display = 0
01-04 18:57:39.456   502   502 W SDM     : HWEvents::InitializePollFd: open failed for display=0 event=idle_power_collapse, error=No such file or directory
01-04 18:57:39.456   502   502 I SDM     : HWCDisplay::Init: Display created with id: 0
01-04 18:57:39.456   502   502 W SDM     : HWCDisplay::PopulateColorModes: GetColorModeCount failed, use native color mode
01-04 18:57:39.456   502   502 I SDM     : DisplayBase::SetFrameBufferConfig: New framebuffer resolution (720x1440)
01-04 18:57:39.457   435   435 I ServiceManagement: Registered android.hardware.keymaster@3.0::IKeymasterDevice/default (start delay of 107799ms)
01-04 18:57:39.457   435   435 I ServiceManagement: Removing namespace from process name android.hardware.keymaster@3.0-service-qti to keymaster@3.0-service-qti.
01-04 18:57:39.457   435   435 I android.hardware.keymaster@3.0-service: Registration complete for android.hardware.keymaster@3.0::IKeymasterDevice/default.
01-04 18:57:39.465   492   492 I ServiceManagement: Registered android.hardware.audio.effect@5.0::IEffectsFactory/default (start delay of 437ms)
01-04 18:57:39.466   492   492 I audiohalservice: Registration complete for android.hardware.audio.effect@5.0::IEffectsFactory/default.
01-04 18:57:39.468   492   492 D vndksupport: Loading /vendor/lib/hw/android.hardware.soundtrigger@2.2-impl.so from current namespace instead of sphal namespace.
01-04 18:57:39.479   492   492 D vndksupport: Loading /vendor/lib/hw/sound_trigger.primary.msm8937.so from current namespace instead of sphal namespace.
01-04 18:57:39.484   588   588 I /system/bin/flags_health_check: ServerConfigurableFlagsReset reset_mode value: 1
01-04 18:57:39.484   588   588 I /system/bin/flags_health_check: ServerConfigurableFlagsReset updatable crashing detected, resetting flags.
01-04 18:57:39.491   587   587 E PerMgrProxy: Starting pm-proxy service
01-04 18:57:39.495   521   565 D PerMgrSrv: modem state: is off-line, add client PM-PROXY-THREAD
01-04 18:57:39.495   521   565 D PerMgrSrv: PM-PROXY-THREAD registered
01-04 18:57:39.495   587   587 D PerMgrLib: PM-PROXY-THREAD successfully registered for modem
01-04 18:57:39.495   587   587 I PerMgrProxy: Casting proxy vote for modem
01-04 18:57:39.495   587   587 D PerMgrLib: PM-PROXY-THREAD voting for modem
01-04 18:57:39.495   521   565 D PerMgrSrv: PM-PROXY-THREAD voting for modem
01-04 18:57:39.495   521   565 D PerMgrSrv: modem new state: going on-line
01-04 18:57:39.495   521   565 D PerMgrSrv: modem num voters is 1
01-04 18:57:39.495   587   587 I PerMgrProxy: pm-proxy-thread vote successful for modem
01-04 18:57:39.503   598   598 W ueventd : type=1400 audit(0.0:33): avc: denied { read } for name="modem.mdt" dev="mmcblk0p1" ino=5 scontext=u:r:ueventd:s0 tcontext=u:object_r:vfat:s0 tclass=file permissive=0
01-04 18:57:39.508   502   502 I SDM     : HWCDisplay::SetFrameBufferResolution: New framebuffer resolution (720x1440)
01-04 18:57:39.510   521   565 E PerMgrSrv: power on modem failed /dev/subsys_modem: Try again
01-04 18:57:39.510   502   502 I SDM     : HWCColorManager::CreateColorManager: Successfully loaded libsdm-disp-vndapis.so
01-04 18:57:39.511   521   565 D PerMgrSrv: modem new state: is off-line
01-04 18:57:39.511   500   500 I LocSvc_HIDL_vendor.qti.gnss@3.0-service: main
01-04 18:57:39.513   500   500 D vndksupport: Loading /vendor/lib64/hw/vendor.qti.gnss@3.0-impl.so from current namespace instead of sphal namespace.
01-04 18:57:39.516   492   492 D sound_trigger_hw: stdev_open: Enter
01-04 18:57:39.516   502   502 I SDM     : HWCColorManager::CreateColorManager: Successfully loaded libsdm-disp-vndapis.so and libsdm-diag.so and diag_init'ed
01-04 18:57:39.518   500   574 W LocSvc_LocIpc: send:66] failed reason: No such file or directory
01-04 18:57:39.519   502   502 I ServiceManagement: Registered android.hardware.graphics.composer@2.1::IComposer/default (start delay of 461ms)
01-04 18:57:39.519   502   502 I ServiceManagement: Removing namespace from process name android.hardware.graphics.composer@2.1-service to composer@2.1-service.
01-04 18:57:39.520   502   502 I android.hardware.graphics.composer@2.1-service: Registration complete for android.hardware.graphics.composer@2.1::IComposer/default.
01-04 18:57:39.522   526   526 E cutils-trace: Error opening trace file: No such file or directory (2)
01-04 18:57:39.526   526   526 I SurfaceFlinger: Using HWComposer service: 'default'
01-04 18:57:39.527   526   526 I SurfaceFlinger: SurfaceFlinger is starting
01-04 18:57:39.529   401   401 I hwservicemanager: getTransport: Cannot find entry vendor.display.config@1.7::IDisplayConfig/default in either framework or device manifest.
01-04 18:57:39.530   401   401 I hwservicemanager: getTransport: Cannot find entry vendor.display.config@1.7::IDisplayConfig/default in either framework or device manifest.
01-04 18:57:39.532   492   492 D sound_trigger_hw: load_audio_hal: ahal is using proprietary API version 0x0101
01-04 18:57:39.532   492   492 I sound_trigger_platform: platform_stdev_init: Enter
01-04 18:57:39.535   526   526 I SurfaceFlinger: Enabling backpressure propagation for Client Composition
01-04 18:57:39.535   526   526 I SurfaceFlinger: Enabling HWC virtual displays
01-04 18:57:39.535   585   602 I adbd    : opening control endpoint /dev/usb-ffs/adb/ep0
01-04 18:57:39.535   526   526 I SurfaceFlinger: Treble testing override: 'false'
01-04 18:57:39.535   526   526 W SurfaceFlinger: Unable to open libdolphin.so: dlopen failed: library "libdolphin.so" not found.
01-04 18:57:39.536   526   526 E SurfaceFlinger: Unable to open libframeextension.so: dlopen failed: library "libframeextension.so" not found.
01-04 18:57:39.536   526   526 I SurfaceFlinger: SurfaceFlinger's main thread ready to run. Initializing graphics H/W...
01-04 18:57:39.536   526   526 I SurfaceFlinger: Phase offset NS: 1000000
01-04 18:57:39.536   526   526 W SurfaceFlinger: Unable to open libdolphin.so: dlopen failed: library "libdolphin.so" not found.
01-04 18:57:39.537   585   602 I adbd    : UsbFfsConnection constructed
01-04 18:57:39.537   526   606 W SurfaceFlinger: Ignoring VSYNC request while display is disconnected
01-04 18:57:39.537   526   526 W SurfaceFlinger: Unable to open libdolphin.so: dlopen failed: library "libdolphin.so" not found.
01-04 18:57:39.537   526   606 W SurfaceFlinger: Ignoring VSYNC request while display is disconnected
01-04 18:57:39.537   585   607 I adbd    : USB event: FUNCTIONFS_BIND
01-04 18:57:39.537   526   526 W SurfaceFlinger: Unable to open libdolphin.so: dlopen failed: library "libdolphin.so" not found.
01-04 18:57:39.537   526   608 W SurfaceFlinger: Ignoring VSYNC request while display is disconnected
01-04 18:57:39.537   526   526 W SurfaceFlinger: Unable to open libdolphin.so: dlopen failed: library "libdolphin.so" not found.
01-04 18:57:39.537   526   608 W SurfaceFlinger: Ignoring VSYNC request while display is disconnected
01-04 18:57:39.538   526   526 D RenderEngine: RenderEngine GLES Backend
01-04 18:57:39.549   492   492 W sound_trigger_platform: load_smlib: generate_sound_trigger_phrase_recognition_event_v3 not found. undefined symbol: generate_sound_trigger_phrase_recognition_event_v3
01-04 18:57:39.549   526   526 D libEGL  : loaded /vendor/lib64/egl/libEGL_adreno.so
01-04 18:57:39.559   500   500 I LocSvc_HIDL_HidlGnss: try getting IGnss from android.hardware.gnss@2.0-impl-qti.so
01-04 18:57:39.559   500   500 I LocSvc_GnssInterface: ===> HIDL_FETCH_IGnss line 664 
01-04 18:57:39.559   500   500 I LocSvc_GnssInterface: ===> Gnss line 98 
01-04 18:57:39.563   500   500 I ServiceManagement: Registered vendor.qti.gnss@3.0::ILocHidlGnss/gnss_vendor (start delay of 515ms)
01-04 18:57:39.563   500   500 I LocSvc_HIDL_vendor.qti.gnss@3.0-service: Registration complete for vendor.qti.gnss@3.0::ILocHidlGnss/gnss_vendor.
01-04 18:57:39.648   526   526 D libEGL  : loaded /vendor/lib64/egl/libGLESv1_CM_adreno.so
01-04 18:57:39.653   526   526 D libEGL  : loaded /vendor/lib64/egl/libGLESv2_adreno.so
01-04 18:57:39.680   526   526 I AdrenoGLES: QUALCOMM build                   : 961b24f, Ib57168459a
01-04 18:57:39.680   526   526 I AdrenoGLES: Build Date                       : 02/24/20
01-04 18:57:39.680   526   526 I AdrenoGLES: OpenGL ES Shader Compiler Version: EV031.27.05.06
01-04 18:57:39.680   526   526 I AdrenoGLES: Local Branch                     : 
01-04 18:57:39.680   526   526 I AdrenoGLES: Remote Branch                    : 
01-04 18:57:39.680   526   526 I AdrenoGLES: Remote Branch                    : 
01-04 18:57:39.680   526   526 I AdrenoGLES: Reconstruct Branch               : 
01-04 18:57:39.680   526   526 I AdrenoGLES: Build Config                     : S L 8.0.12 AArch64
01-04 18:57:39.689   526   526 I AdrenoGLES: PFP: 0x005ff112, ME: 0x005ff066
01-04 18:57:39.698   401   401 I hwservicemanager: getTransport: Cannot find entry vendor.display.config@1.7::IDisplayConfig/default in either framework or device manifest.
01-04 18:57:39.699   401   401 I hwservicemanager: getTransport: Cannot find entry vendor.display.config@1.7::IDisplayConfig/default in either framework or device manifest.
01-04 18:57:39.702   526   526 I RenderEngine: OpenGL ES informations:
01-04 18:57:39.702   526   526 I RenderEngine: vendor    : Qualcomm
01-04 18:57:39.702   526   526 I RenderEngine: renderer  : Adreno (TM) 505
01-04 18:57:39.702   526   526 I RenderEngine: version   : OpenGL ES 3.2 V@415.0 (GIT@961b24f, Ib57168459a, 1582563833) (Date:02/24/20)
01-04 18:57:39.702   526   526 I RenderEngine: extensions: GL_OES_EGL_image GL_OES_EGL_image_external GL_OES_EGL_sync GL_OES_vertex_half_float GL_OES_framebuffer_object GL_OES_rgb8_rgba8 GL_OES_compressed_ETC1_RGB8_texture GL_AMD_compressed_ATC_texture GL_KHR_texture_compression_astc_ldr GL_KHR_texture_compression_astc_hdr GL_OES_texture_compression_astc GL_OES_texture_npot GL_EXT_texture_filter_anisotropic GL_EXT_texture_format_BGRA8888 GL_EXT_read_format_bgra GL_OES_texture_3D GL_EXT_color_buffer_float GL_EXT_color_buffer_half_float GL_QCOM_alpha_test GL_OES_depth24 GL_OES_packed_depth_stencil GL_OES_depth_texture GL_OES_depth_texture_cube_map GL_EXT_sRGB GL_OES_texture_float GL_OES_texture_float_linear GL_OES_texture_half_float GL_OES_texture_half_float_linear GL_EXT_texture_type_2_10_10_10_REV GL_EXT_texture_sRGB_decode GL_EXT_texture_format_sRGB_override GL_OES_element_index_uint GL_EXT_copy_image GL_EXT_geometry_shader GL_EXT_tessellation_shader GL_OES_texture_stencil8 GL_EXT_shader_io_blocks GL_OES_shader_image_atomic GL_OES_sample_variables GL_EX
01-04 18:57:39.702   526   526 I RenderEngine: GL_MAX_TEXTURE_SIZE = 16384
01-04 18:57:39.702   526   526 I RenderEngine: GL_MAX_VIEWPORT_DIMS = 16384
01-04 18:57:39.705   401   401 I hwservicemanager: getTransport: Cannot find entry android.hardware.graphics.mapper@3.0::IMapper/default in either framework or device manifest.
01-04 18:57:39.705   502   502 D ComposerHal: failed to get mapper 3.0 service, falling back to mapper 2.0
01-04 18:57:39.707   502   502 D vndksupport: Loading /vendor/lib64/hw/android.hardware.graphics.mapper@2.0-impl-2.1.so from current namespace instead of sphal namespace.
01-04 18:57:39.709   502   502 D vndksupport: Loading /vendor/lib64/hw/gralloc.msm8937.so from current namespace instead of sphal namespace.
01-04 18:57:39.711   401   401 I hwservicemanager: getTransport: Cannot find entry vendor.display.config@1.16::IDisplayConfig/default in either framework or device manifest.
01-04 18:57:39.712   502   502 D SDM     : HWCSession::RegisterCallback: Registering callback: Hotplug
01-04 18:57:39.712   526   526 I HWComposer: Switching to legacy multi-display mode
01-04 18:57:39.713   401   401 I hwservicemanager: getTransport: Cannot find entry vendor.display.config@1.12::IDisplayConfig/default in either framework or device manifest.
01-04 18:57:39.714   523   523 I FastMixerState: sMaxFastTracks = 8
01-04 18:57:39.714   502   502 I SDM     : HWCDisplay::GetHdrCapabilities: HDR is not supported
01-04 18:57:39.714   502   502 I SDM     : HWCDisplay::GetHdrCapabilities: HDR is not supported
01-04 18:57:39.716   401   401 I hwservicemanager: getTransport: Cannot find entry android.hardware.graphics.mapper@3.0::IMapper/default in either framework or device manifest.
01-04 18:57:39.716   526   526 W Gralloc3: mapper 3.x is not supported
01-04 18:57:39.717   523   523 V MediaUtils: physMem: 2974912512
01-04 18:57:39.717   523   523 V MediaUtils: requested limit: 536870912
01-04 18:57:39.717   523   523 I libc    : malloc_limit: Allocation limit enabled, max size 536870912 bytes
01-04 18:57:39.717   523   523 I audioserver: ServiceManager: 0x7b4c01fdc0
01-04 18:57:39.717   523   523 W BatteryNotifier: batterystats service unavailable!
01-04 18:57:39.718   523   523 E cutils-trace: Error opening trace file: No such file or directory (2)
01-04 18:57:39.722   401   401 I hwservicemanager: getTransport: Cannot find entry android.hardware.graphics.allocator@3.0::IAllocator/default in either framework or device manifest.
01-04 18:57:39.722   526   526 W Gralloc3: allocator 3.x is not supported
01-04 18:57:39.723   401   401 I hwservicemanager: getTransport: Cannot find entry android.hardware.audio@5.0::IDevicesFactory/msd in either framework or device manifest.
01-04 18:57:39.727   523   523 I AudioFlinger: Using default 3000 mSec as standby time.
01-04 18:57:39.729   523   523 E APM::Serializer: deserialize: Could not parse /odm/etc/audio_policy_configuration.xml document.
01-04 18:57:39.729   523   523 E APM::Serializer: deserialize: Could not parse /vendor/etc/audio/audio_policy_configuration.xml document.
01-04 18:57:39.736   401   401 I hwservicemanager: getTransport: Cannot find entry vendor.display.config@1.7::IDisplayConfig/default in either framework or device manifest.
01-04 18:57:39.736   401   401 I hwservicemanager: getTransport: Cannot find entry vendor.display.config@1.9::IDisplayConfig/default in either framework or device manifest.
01-04 18:57:39.737   502   502 D SDM     : HWCSession::RegisterCallback: Registering callback: Refresh
01-04 18:57:39.737   502   502 D SDM     : HWCSession::RegisterCallback: Registering callback: Vsync
01-04 18:57:39.750   523   523 E APM::AudioPolicyEngine/Config: parse: Could not parse document /vendor/etc/audio_policy_engine_configuration.xml
01-04 18:57:39.750   523   523 W APM::AudioPolicyEngine/Base: loadAudioPolicyEngineConfig: No configuration found, using default matching phone experience.
01-04 18:57:39.750   523   523 E APM::AudioPolicyEngine/Config: parseLegacyVolumeFile: Could not parse document /odm/etc/audio_policy_configuration.xml
01-04 18:57:39.766   492   580 D vndksupport: Loading /vendor/lib/hw/audio.primary.msm8937.so from current namespace instead of sphal namespace.
01-04 18:57:39.766   492   580 D audio_hw_primary: adev_open: enter
01-04 18:57:40.283   525   525 W ServiceManagement: Waited one second for vendor.qti.hardware.perf@2.0::IPerf/default
01-04 18:57:40.285   525   525 E ServiceManagement: Could not unregister service notification for vendor.qti.hardware.perf@2.0::IPerf/default.
01-04 18:57:40.296   525   525 I lowmemorykiller: Using in-kernel low memory killer interface
01-04 18:57:40.550   492   492 D audio_hw_utils: audio_extn_utils_open_snd_mixer: retry, retry_num 1
01-04 18:57:40.629   526   526 D RenderEngine: shader cache generated - 48 shaders in 892.098572 ms
01-04 18:57:40.630   526   526 E SurfaceFlinger: Unable to get composer extension
01-04 18:57:40.632   526   526 I ServiceManagement: Registered android.frameworks.displayservice@1.0::IDisplayService/default (start delay of 1514ms)
01-04 18:57:40.632   526   526 D SurfaceFlinger: Setting power mode 2 on display 0
01-04 18:57:40.632   502   502 I SDM     : DisplayBase::SetDisplayState: Set state = 1, display 0
01-04 18:57:40.633   526   526 D SurfaceFlinger: Finished setting power mode 2 on display 0
01-04 18:57:40.767   492   580 D audio_hw_utils: audio_extn_utils_open_snd_mixer: retry, retry_num 1
01-04 18:57:40.935   632   632 D BootAnimation: BootAnimationStartTiming start time: 165357ms
01-04 18:57:40.935   632   632 D BootAnimation: BootAnimationPreloadTiming start time: 165357ms
01-04 18:57:40.935   632   632 D BootAnimation: Animation customzation path: 
01-04 18:57:41.063   632   632 D BootAnimation: BootAnimationPreloadStopTiming start time: 165485ms
01-04 18:57:41.066   632   635 E cutils-trace: Error opening trace file: No such file or directory (2)
01-04 18:57:41.071   632   635 D libEGL  : loaded /vendor/lib64/egl/libEGL_adreno.so
01-04 18:57:41.079   632   635 D libEGL  : loaded /vendor/lib64/egl/libGLESv1_CM_adreno.so
01-04 18:57:41.085   632   635 D libEGL  : loaded /vendor/lib64/egl/libGLESv2_adreno.so
01-04 18:57:41.115   632   635 I AdrenoGLES: QUALCOMM build                   : 961b24f, Ib57168459a
01-04 18:57:41.115   632   635 I AdrenoGLES: Build Date                       : 02/24/20
01-04 18:57:41.115   632   635 I AdrenoGLES: OpenGL ES Shader Compiler Version: EV031.27.05.06
01-04 18:57:41.115   632   635 I AdrenoGLES: Local Branch                     : 
01-04 18:57:41.115   632   635 I AdrenoGLES: Remote Branch                    : 
01-04 18:57:41.115   632   635 I AdrenoGLES: Remote Branch                    : 
01-04 18:57:41.115   632   635 I AdrenoGLES: Reconstruct Branch               : 
01-04 18:57:41.115   632   635 I AdrenoGLES: Build Config                     : S L 8.0.12 AArch64
01-04 18:57:41.123   632   635 I AdrenoGLES: PFP: 0x005ff112, ME: 0x005ff066
01-04 18:57:41.129   401   401 I hwservicemanager: getTransport: Cannot find entry vendor.display.config@1.7::IDisplayConfig/default in either framework or device manifest.
01-04 18:57:41.130   401   401 I hwservicemanager: getTransport: Cannot find entry vendor.display.config@1.7::IDisplayConfig/default in either framework or device manifest.
01-04 18:57:41.136   632   635 D BootAnimation: BootAnimationShownTiming start time: 165558ms
01-04 18:57:41.153   401   401 I hwservicemanager: getTransport: Cannot find entry android.hardware.graphics.mapper@3.0::IMapper/default in either framework or device manifest.
01-04 18:57:41.153   632   635 W Gralloc3: mapper 3.x is not supported
01-04 18:57:41.158   632   635 E Adreno-UNKNOWN: <DrawTexture:62>: GL_INVALID_VALUE
01-04 18:57:41.174   526   526 I SurfaceFlinger: Enter boot animation
01-04 18:57:41.184   502   502 D qdutils : DEBUG_CALC_FPS: 0
01-04 18:57:41.184   502   502 D qdutils : period: 10
01-04 18:57:41.184   502   502 D qdutils : ignorethresh_us: 500000
01-04 18:57:41.439   489   489 I Dpps    : AbaContext():18 ABA context instantiation
01-04 18:57:41.439   489   489 I Dpps    : AmbientLightContext():16 AL context instantiation
01-04 18:57:41.440   489   489 I Dpps    : InitFeatureContext():93 Initialize feature context
01-04 18:57:41.440   489   489 I Dpps    : InitContext():83 display fd 5 histogram bins 256  components 1 Lut size 256 panel 0 sensor type 1
01-04 18:57:41.440   489   489 I Dpps    : OpenCommonSysfsFds():357 lcd_bl_event_fd_ is 6
01-04 18:57:41.440   489   489 I Dpps    : OpenCommonSysfsFds():366 blank_event_fd_ is 7
01-04 18:57:41.440   489   489 I Dpps    : OpenCommonSysfsFds():374 lcd_brightness_fd_ is 8
01-04 18:57:41.440   489   489 I Dpps    : InitContext():111 hist_sysfs_fd_ is 9
01-04 18:57:41.440   489   489 I Dpps    : InitContext():185 Context Initialization successfull
01-04 18:57:41.440   489   489 I Dpps    : CreateAbaThread():58 Create ABA thread
01-04 18:57:41.440   489   489 I Dpps    : CreateAbaThread():81 Create ABA thread done ret 0
01-04 18:57:41.440   489   489 I Dpps    : InitContext():71 display_fd 5, panel 0, sensor type 1 display_type 0
01-04 18:57:41.441   489   637 I Dpps    : ProcessAbaThread():166 ABA thread execution started
01-04 18:57:41.441   489   489 I Dpps    : Open():60 display node path /dev/graphics/fb0
01-04 18:57:41.441   489   489 I Dpps    : SetupPollFd():224 opening the sysfs node sys/class/graphics/fb0/show_blank_event, index 1
01-04 18:57:41.441   489   489 I Dpps    : SetupPollFd():224 opening the sysfs node sys/class/graphics/fb0/ad_bl_event, index 2
01-04 18:57:41.441   489   489 I Dpps    : SetupPollFd():224 opening the sysfs node sys/class/graphics/fb0/ad_event, index 3
01-04 18:57:41.441   489   489 I Dpps    : SelectLightSensor():532 sensor_type 1
01-04 18:57:41.441   489   489 I Dpps    : SelectLightSensor():535 sensor_type_ 1
01-04 18:57:41.441   489   489 I Dpps    : InitLightSensor():567 sensor_type_ 1
01-04 18:57:41.441   489   489 I Dpps    : InitLightSensor():570 SensorTypeSimulation
01-04 18:57:41.441   489   489 I Dpps    : InitLightSensor():588 light sensor initialization ret 0
01-04 18:57:41.441   489   489 I Dpps    : InitContext():126 create AD thread
01-04 18:57:41.441   489   489 I Dpps    : CreateAmbientLightThread():910 Create AL thread
01-04 18:57:41.441   489   489 I Dpps    : CreateAmbientLightThread():924 Create AL thread done ret 0
01-04 18:57:41.441   489   489 I Dpps    : InitFeatureContext():142 Initialize feature context done ret 0
01-04 18:57:41.442   489   638 I Dpps    : ProcessAmbientLightThread():940 AL thread execution started
01-04 18:57:41.550   492   492 D audio_hw_utils: audio_extn_utils_open_snd_mixer: retry, retry_num 2
01-04 18:57:41.767   492   580 D audio_hw_utils: audio_extn_utils_open_snd_mixer: retry, retry_num 2
01-04 18:57:42.550   492   492 D audio_hw_utils: audio_extn_utils_open_snd_mixer: retry, retry_num 3
01-04 18:57:42.767   492   580 D audio_hw_utils: audio_extn_utils_open_snd_mixer: retry, retry_num 3
01-04 18:57:43.551   492   492 D audio_hw_utils: audio_extn_utils_open_snd_mixer: retry, retry_num 4
01-04 18:57:43.768   492   580 D audio_hw_utils: audio_extn_utils_open_snd_mixer: retry, retry_num 4
01-04 18:57:44.551   492   492 D audio_hw_utils: audio_extn_utils_open_snd_mixer: retry, retry_num 5
01-04 18:57:44.768   492   580 D audio_hw_utils: audio_extn_utils_open_snd_mixer: retry, retry_num 5
01-04 18:57:45.551   492   492 D audio_hw_utils: audio_extn_utils_open_snd_mixer: retry, retry_num 6
01-04 18:57:45.768   492   580 D audio_hw_utils: audio_extn_utils_open_snd_mixer: retry, retry_num 6
01-04 18:57:46.551   492   492 D audio_hw_utils: audio_extn_utils_open_snd_mixer: retry, retry_num 7
01-04 18:57:46.768   492   580 D audio_hw_utils: audio_extn_utils_open_snd_mixer: retry, retry_num 7
01-04 18:57:47.552   492   492 D audio_hw_utils: audio_extn_utils_open_snd_mixer: retry, retry_num 8
01-04 18:57:47.769   492   580 D audio_hw_utils: audio_extn_utils_open_snd_mixer: retry, retry_num 8
01-04 18:57:48.552   492   492 D audio_hw_utils: audio_extn_utils_open_snd_mixer: retry, retry_num 9
01-04 18:57:48.769   492   580 D audio_hw_utils: audio_extn_utils_open_snd_mixer: retry, retry_num 9
01-04 18:57:49.331   519   519 E Sensors : sns_debug_mr.c(366):Sensors DIAG Init: Waiting for diag service timed out
01-04 18:57:49.332   519   519 E Sensors : sns_debug_main.c(499):Sensors DIAG init: Can't register with debug
01-04 18:57:49.332   519   519 E Sensors : sns_init_la.c(165):Error 5 initializing sns_debug_test_init2
01-04 18:57:49.552   492   492 D audio_hw_utils: audio_extn_utils_open_snd_mixer: retry, retry_num 10
01-04 18:57:49.769   492   580 D audio_hw_utils: audio_extn_utils_open_snd_mixer: retry, retry_num 10
01-04 18:57:50.553   492   492 D audio_hw_utils: audio_extn_utils_open_snd_mixer: retry, retry_num 11
01-04 18:57:50.770   492   580 D audio_hw_utils: audio_extn_utils_open_snd_mixer: retry, retry_num 11
01-04 18:57:51.553   492   492 D audio_hw_utils: audio_extn_utils_open_snd_mixer: retry, retry_num 12
01-04 18:57:51.770   492   580 D audio_hw_utils: audio_extn_utils_open_snd_mixer: retry, retry_num 12
01-04 18:57:52.553   492   492 D audio_hw_utils: audio_extn_utils_open_snd_mixer: retry, retry_num 13
01-04 18:57:52.770   492   580 D audio_hw_utils: audio_extn_utils_open_snd_mixer: retry, retry_num 13
01-04 18:57:53.554   492   492 D audio_hw_utils: audio_extn_utils_open_snd_mixer: retry, retry_num 14
01-04 18:57:53.770   492   580 D audio_hw_utils: audio_extn_utils_open_snd_mixer: retry, retry_num 14
01-04 18:57:54.554   492   492 D audio_hw_utils: audio_extn_utils_open_snd_mixer: retry, retry_num 15
01-04 18:57:54.771   492   580 D audio_hw_utils: audio_extn_utils_open_snd_mixer: retry, retry_num 15
01-04 18:57:55.554   492   492 D audio_hw_utils: audio_extn_utils_open_snd_mixer: retry, retry_num 16
01-04 18:57:55.771   492   580 D audio_hw_utils: audio_extn_utils_open_snd_mixer: retry, retry_num 16
01-04 18:57:56.555   492   492 D audio_hw_utils: audio_extn_utils_open_snd_mixer: retry, retry_num 17
01-04 18:57:56.771   492   580 D audio_hw_utils: audio_extn_utils_open_snd_mixer: retry, retry_num 17
01-04 18:57:57.555   492   492 D audio_hw_utils: audio_extn_utils_open_snd_mixer: retry, retry_num 18
01-04 18:57:57.772   492   580 D audio_hw_utils: audio_extn_utils_open_snd_mixer: retry, retry_num 18
01-04 18:57:58.555   492   492 D audio_hw_utils: audio_extn_utils_open_snd_mixer: retry, retry_num 19
01-04 18:57:58.772   492   580 D audio_hw_utils: audio_extn_utils_open_snd_mixer: retry, retry_num 19
01-04 18:57:59.332   519   519 E Sensors : sns_main.c(447):Timeout waiting for SMGR service. Exit sensors daemon!
01-04 18:57:59.332   519   519 W Sensors : sns_main.c(355):sns_main_exit called unlock daemon to exit
01-04 18:57:59.332   519   519 E Sensors : sns_main.c(561):Exiting! Err 0
01-04 18:57:59.555   492   492 D audio_hw_utils: audio_extn_utils_open_snd_mixer: retry, retry_num 20
01-04 18:57:59.772   492   580 D audio_hw_utils: audio_extn_utils_open_snd_mixer: retry, retry_num 20
01-04 18:58:00.556   492   492 D audio_hw_utils: audio_extn_utils_open_snd_mixer: retry, retry_num 21
01-04 18:58:00.772   492   580 D audio_hw_utils: audio_extn_utils_open_snd_mixer: retry, retry_num 21
01-04 18:58:01.556   492   492 D audio_hw_utils: audio_extn_utils_open_snd_mixer: retry, retry_num 22
01-04 18:58:01.773   492   580 D audio_hw_utils: audio_extn_utils_open_snd_mixer: retry, retry_num 22
01-04 18:58:02.556   492   492 D audio_hw_utils: audio_extn_utils_open_snd_mixer: retry, retry_num 23
01-04 18:58:02.773   492   580 D audio_hw_utils: audio_extn_utils_open_snd_mixer: retry, retry_num 23
01-04 18:58:03.557   492   492 D audio_hw_utils: audio_extn_utils_open_snd_mixer: retry, retry_num 24
01-04 18:58:03.773   492   580 D audio_hw_utils: audio_extn_utils_open_snd_mixer: retry, retry_num 24
01-04 18:58:04.557   492   492 D audio_hw_utils: audio_extn_utils_open_snd_mixer: retry, retry_num 25
01-04 18:58:04.774   492   580 D audio_hw_utils: audio_extn_utils_open_snd_mixer: retry, retry_num 25
01-04 18:58:05.557   492   492 D audio_hw_utils: audio_extn_utils_open_snd_mixer: retry, retry_num 26
01-04 18:58:05.774   492   580 D audio_hw_utils: audio_extn_utils_open_snd_mixer: retry, retry_num 26
01-04 18:58:06.557   492   492 D audio_hw_utils: audio_extn_utils_open_snd_mixer: retry, retry_num 27
01-04 18:58:06.774   492   580 D audio_hw_utils: audio_extn_utils_open_snd_mixer: retry, retry_num 27
01-04 18:58:07.558   492   492 D audio_hw_utils: audio_extn_utils_open_snd_mixer: retry, retry_num 28
01-04 18:58:07.774   492   580 D audio_hw_utils: audio_extn_utils_open_snd_mixer: retry, retry_num 28
01-04 18:58:08.558   492   492 D audio_hw_utils: audio_extn_utils_open_snd_mixer: retry, retry_num 29
01-04 18:58:08.775   492   580 D audio_hw_utils: audio_extn_utils_open_snd_mixer: retry, retry_num 29
01-04 18:58:09.285   507   507 E libsensor1: wait_for_service: Service 0 is not available (30000 ms)
01-04 18:58:09.285   507   507 E qti_sensors_hal: sensor1 open failed!
01-04 18:58:09.285   507   507 I         : Loaded library from sensors.ssc.so
01-04 18:58:09.286   507   507 E /vendor/bin/hw/android.hardware.sensors@1.0-service: HAL specifies version 1.4, but does not implement set_operation_mode()
01-04 18:58:09.288   507   507 I ServiceManagement: Registered android.hardware.sensors@1.0::ISensors/default (start delay of 30220ms)
01-04 18:58:09.288   507   507 I ServiceManagement: Removing namespace from process name android.hardware.sensors@1.0-service to sensors@1.0-service.
01-04 18:58:09.289   507   507 I android.hardware.sensors@1.0-service: Registration complete for android.hardware.sensors@1.0::ISensors/default.
01-04 18:58:09.558   492   492 D audio_hw_utils: audio_extn_utils_open_snd_mixer: retry, retry_num 30
01-04 18:58:09.775   492   580 D audio_hw_utils: audio_extn_utils_open_snd_mixer: retry, retry_num 30
01-04 18:58:10.559   492   492 D audio_hw_utils: audio_extn_utils_open_snd_mixer: retry, retry_num 31
01-04 18:58:10.775   492   580 D audio_hw_utils: audio_extn_utils_open_snd_mixer: retry, retry_num 31
01-04 18:58:11.559   492   492 D audio_hw_utils: audio_extn_utils_open_snd_mixer: retry, retry_num 32
01-04 18:58:11.776   492   580 D audio_hw_utils: audio_extn_utils_open_snd_mixer: retry, retry_num 32
01-04 18:58:12.559   492   492 D audio_hw_utils: audio_extn_utils_open_snd_mixer: retry, retry_num 33
01-04 18:58:12.776   492   580 D audio_hw_utils: audio_extn_utils_open_snd_mixer: retry, retry_num 33
01-04 18:58:13.559   492   492 D audio_hw_utils: audio_extn_utils_open_snd_mixer: retry, retry_num 34
01-04 18:58:13.776   492   580 D audio_hw_utils: audio_extn_utils_open_snd_mixer: retry, retry_num 34
01-04 18:58:14.560   492   492 D audio_hw_utils: audio_extn_utils_open_snd_mixer: retry, retry_num 35
01-04 18:58:14.776   492   580 D audio_hw_utils: audio_extn_utils_open_snd_mixer: retry, retry_num 35
01-04 18:58:15.560   492   492 D audio_hw_utils: audio_extn_utils_open_snd_mixer: retry, retry_num 36
01-04 18:58:15.777   492   580 D audio_hw_utils: audio_extn_utils_open_snd_mixer: retry, retry_num 36
01-04 18:58:16.560   492   492 D audio_hw_utils: audio_extn_utils_open_snd_mixer: retry, retry_num 37
01-04 18:58:16.777   492   580 D audio_hw_utils: audio_extn_utils_open_snd_mixer: retry, retry_num 37
01-04 18:58:17.560   492   492 D audio_hw_utils: audio_extn_utils_open_snd_mixer: retry, retry_num 38
01-04 18:58:17.777   492   580 D audio_hw_utils: audio_extn_utils_open_snd_mixer: retry, retry_num 38
01-04 18:58:18.561   492   492 D audio_hw_utils: audio_extn_utils_open_snd_mixer: retry, retry_num 39
01-04 18:58:18.778   492   580 D audio_hw_utils: audio_extn_utils_open_snd_mixer: retry, retry_num 39
01-04 18:58:19.561   492   492 D audio_hw_utils: audio_extn_utils_open_snd_mixer: retry, retry_num 40
01-04 18:58:19.561   492   492 E audio_hw_utils: audio_extn_utils_open_snd_mixer: Unable to find correct sound card, aborting.
01-04 18:58:19.561   492   492 E sound_trigger_platform: platform_stdev_init: ERROR. Unable to get sound card num
01-04 18:58:19.561   492   492 E sound_trigger_hw: stdev_open: ERROR. platform init failed
01-04 18:58:19.561   492   492 D sound_trigger_hw: stdev_open: Exit status -19
01-04 18:58:19.561   492   492 E SoundTriggerHw: couldn't open sound trigger hw device in sound_trigger.primary (No such device)
01-04 18:58:19.562   513   549 E ANDR-PERF-MPCTL: First Boot check over.Going to 2nd Boot check.
01-04 18:58:19.564   492   492 I ServiceManagement: Registered android.hardware.soundtrigger@2.2::ISoundTriggerHw/default (start delay of 40536ms)
01-04 18:58:19.564   492   492 I audiohalservice: Registration complete for android.hardware.soundtrigger@2.2::ISoundTriggerHw/default.
01-04 18:58:19.565   401   401 I hwservicemanager: getTransport: Cannot find entry android.hardware.bluetooth.audio@2.0::IBluetoothAudioProvidersFactory/default in either framework or device manifest.
01-04 18:58:19.566   492   492 D vndksupport: Loading /vendor/lib/hw/android.hardware.bluetooth.audio@2.0-impl.so from current namespace instead of sphal namespace.
01-04 18:58:19.613   492   492 I BTAudioProviderA2dpSoftware: A2dpSoftwareAudioProvider - size of audio buffer 7168 byte(s)
01-04 18:58:19.614   492   492 I BTAudioProviderHearingAid: HearingAidAudioProvider - size of audio buffer 3584 byte(s)
01-04 18:58:19.616   492   492 I ServiceManagement: Registered android.hardware.bluetooth.audio@2.0::IBluetoothAudioProvidersFactory/default (start delay of 40588ms)
01-04 18:58:19.616   492   492 I audiohalservice: Registration complete for android.hardware.bluetooth.audio@2.0::IBluetoothAudioProvidersFactory/default.
01-04 18:58:19.617   401   401 I hwservicemanager: getTransport: Cannot find entry android.hardware.bluetooth.a2dp@1.0::IBluetoothAudioOffload/default in either framework or device manifest.
01-04 18:58:19.618   492   492 E audiohalservice: Could not get passthrough implementation for android.hardware.bluetooth.a2dp@1.0::IBluetoothAudioOffload/default.
01-04 18:58:19.618   492   492 W audiohalservice: Could not register Bluetooth audio offload 1.0
01-04 18:58:19.778   492   580 D audio_hw_utils: audio_extn_utils_open_snd_mixer: retry, retry_num 40
01-04 18:58:19.778   492   580 E audio_hw_utils: audio_extn_utils_open_snd_mixer: Unable to find correct sound card, aborting.
01-04 18:58:19.778   492   580 E msm8916_platform: platform_init: Unable to find correct sound card
01-04 18:58:19.778   492   580 E audio_hw_primary: adev_open: Failed to init platform data, aborting.
01-04 18:58:19.778   492   580 E DevicesFactoryHAL: loadAudioInterface couldn't open audio hw device in audio.primary (Invalid argument)
01-04 18:58:19.778   523   523 E AudioFlinger: loadHwModule() error -19 loading module primary
01-04 18:58:19.778   523   523 W APM_AudioPolicyManager: could not open HW module primary
01-04 18:58:19.804   523   523 I bt_a2dp_hw: adev_open:  adev_open in A2dp_hw module
01-04 18:58:19.804   523   523 I AudioFlinger: loadHwModule() Loaded a2dp audio interface, handle 10
01-04 18:58:19.804   523   523 E APM_AudioPolicyManager: initialize: Input device list is empty!
01-04 18:58:19.805   492   580 D vndksupport: Loading /vendor/lib/hw/audio.usb.default.so from current namespace instead of sphal namespace.
01-04 18:58:19.808   492   580 W DeviceHAL: Error from HAL Device in function set_master_volume: Function not implemented
01-04 18:58:19.808   523   523 I AudioFlinger: loadHwModule() Loaded usb audio interface, handle 18
01-04 18:58:19.808   523   523 E APM_AudioPolicyManager: initialize: Input device list is empty!
01-04 18:58:19.809   492   580 D vndksupport: Loading /vendor/lib/hw/audio.r_submix.default.so from current namespace instead of sphal namespace.
01-04 18:58:19.811   492   580 I r_submix: adev_open(name=audio_hw_if)
01-04 18:58:19.812   492   580 I r_submix: adev_init_check()
01-04 18:58:19.812   492   580 W DeviceHAL: Error from HAL Device in function set_master_volume: Function not implemented
01-04 18:58:19.812   492   580 W DeviceHAL: Error from HAL Device in function set_master_mute: Function not implemented
01-04 18:58:19.812   523   523 I AudioFlinger: loadHwModule() Loaded r_submix audio interface, handle 26
01-04 18:58:19.813   492   580 D r_submix: adev_open_input_stream(addr=0)
01-04 18:58:19.813   492   580 D r_submix: submix_audio_device_create_pipe_l(addr=0, idx=9)
01-04 18:58:19.813   492   580 D r_submix:   now using address 0 for route 9
01-04 18:58:19.817   523   642 I AudioFlinger: AudioFlinger's thread 0x7b4c0be180 tid=642 ready to run
01-04 18:58:19.817   492   580 I r_submix: in_standby()
01-04 18:58:19.818   523   642 W AudioFlinger: no wake lock to update, system not ready yet
01-04 18:58:19.818   492   580 I r_submix: in_standby()
01-04 18:58:19.818   523   642 W AudioFlinger: no wake lock to update, system not ready yet
01-04 18:58:19.818   492   580 D r_submix: adev_close_input_stream()
01-04 18:58:19.819   492   580 D r_submix: submix_audio_device_release_pipe_l(idx=9) addr=0
01-04 18:58:19.819   492   580 D r_submix: submix_audio_device_destroy_pipe_l(): pipe destroyed
01-04 18:58:19.819   523   523 W APM_AudioPolicyManager: device type:0x1,@: is unreachable
01-04 18:58:19.819   523   523 W APM_AudioPolicyManager: device type:0x2,@: is unreachable
01-04 18:58:19.819   523   523 W APM_AudioPolicyManager: device type:0x10000,@: is unreachable
01-04 18:58:19.819   523   523 W APM_AudioPolicyManager: device type:0x80000004,@: is unreachable
01-04 18:58:19.819   523   523 W APM_AudioPolicyManager: device type:0x80000040,@: is unreachable
01-04 18:58:19.819   523   523 W APM_AudioPolicyManager: device type:0x80000080,@: is unreachable
01-04 18:58:19.819   523   523 W APM_AudioPolicyManager: device type:0x80002000,@: is unreachable
01-04 18:58:19.819   523   523 E APM_AudioPolicyManager: Default device type:0x2,@: is unreachable
01-04 18:58:19.819   523   523 E APM_AudioPolicyManager: Failed to open primary output
01-04 18:58:19.820   523   523 D AudioPolicyManagerCustom: USE_XML_AUDIO_POLICY_CONF is TRUE
01-04 18:58:19.822   523   523 I         : Waiting for activity service
01-04 18:58:24.563   500   561 E IPCMessagingProxy: MQClientControllerBase::init failed : 101
01-04 18:58:24.563   500   561 E IPCMessagingProxy: Exiting with error IPCMessagingProxy line 82 "1"
01-04 18:58:24.610   500   561 E IzatSvc_QNP: Exiting with error getInstance line 284 2
01-04 18:58:24.610   500   561 W IzatSvc_ComboNetworkProvider: Failed to initialize to NLP_MODE_QNP_ONLY for Emergency mode
01-04 18:58:24.612   500   561 E Subscription: sSubscriptionCb NULL !
01-04 18:58:24.612   500   561 I chatty  : uid=1021(gps) Loc_hal_worker identical 2 lines
01-04 18:58:24.612   500   561 E Subscription: sSubscriptionCb NULL !
01-04 18:58:30.706   645   645 W vold    : type=1400 audit(0.0:34): avc: denied { read } for name="vendor.qti.hardware.cryptfshw@1.0.so" dev="mmcblk0p25" ino=3012 scontext=u:r:vold:s0 tcontext=u:object_r:vendor_file:s0 tclass=file permissive=0
01-04 18:58:30.706   645   645 W vold    : type=1400 audit(0.0:35): avc: denied { open } for path="/system/product/lib64/vendor.qti.hardware.cryptfshw@1.0.so" dev="mmcblk0p24" ino=3395 scontext=u:r:vold:s0 tcontext=u:object_r:same_process_hal_file:s0 tclass=file permissive=0
01-04 18:58:30.712   645   645 F linker  : CANNOT LINK EXECUTABLE "/system/bin/vold": library "vendor.qti.hardware.cryptfshw@1.0.so" not found
01-04 18:58:30.771   644   648 E Sensors : sns_reg_la.c(368):wind-log int_flag = 1
01-04 18:58:30.771   644   648 E Sensors : sns_reg_la.c(372):wind-log accel_gyro use polling mode
01-04 18:58:30.771   644   648 E Sensors : sns_reg_la.c(380):wind-log write accel polling mode
01-04 18:58:30.772   644   648 E Sensors : sns_reg_la.c(395):wind-log write gyro polling mode
01-04 18:58:35.710   651   651 W vold    : type=1400 audit(0.0:36): avc: denied { read } for name="vendor.qti.hardware.cryptfshw@1.0.so" dev="mmcblk0p25" ino=3012 scontext=u:r:vold:s0 tcontext=u:object_r:vendor_file:s0 tclass=file permissive=0
01-04 18:58:35.710   651   651 W vold    : type=1400 audit(0.0:37): avc: denied { open } for path="/system/product/lib64/vendor.qti.hardware.cryptfshw@1.0.so" dev="mmcblk0p24" ino=3395 scontext=u:r:vold:s0 tcontext=u:object_r:same_process_hal_file:s0 tclass=file permissive=0
01-04 18:58:35.714   651   651 F linker  : CANNOT LINK EXECUTABLE "/system/bin/vold": library "vendor.qti.hardware.cryptfshw@1.0.so" not found
01-04 18:58:40.716   652   652 W vold    : type=1400 audit(0.0:38): avc: denied { read } for name="vendor.qti.hardware.cryptfshw@1.0.so" dev="mmcblk0p25" ino=3012 scontext=u:r:vold:s0 tcontext=u:object_r:vendor_file:s0 tclass=file permissive=0
01-04 18:58:40.716   652   652 W vold    : type=1400 audit(0.0:39): avc: denied { open } for path="/system/product/lib64/vendor.qti.hardware.cryptfshw@1.0.so" dev="mmcblk0p24" ino=3395 scontext=u:r:vold:s0 tcontext=u:object_r:same_process_hal_file:s0 tclass=file permissive=0
01-04 18:58:40.720   652   652 F linker  : CANNOT LINK EXECUTABLE "/system/bin/vold": library "vendor.qti.hardware.cryptfshw@1.0.so" not found
01-04 18:58:40.773   644   644 E Sensors : sns_debug_mr.c(366):Sensors DIAG Init: Waiting for diag service timed out
01-04 18:58:40.773   644   644 E Sensors : sns_debug_main.c(499):Sensors DIAG init: Can't register with debug
