01-05 04:59:35.195   518   518 W SDM     : HWDevice::GetHWPanelInfoByNode: Failed to open msm_fb_panel_info node device node 2
01-05 04:59:35.195   518   518 W SDM     : HWDevice::GetHWPanelInfoByNode: Failed to open msm_fb_panel_info node device node 3
01-05 04:59:35.196   518   518 I SDM     : StrategyImpl::SetIdleTimeoutMs: Idle timeout: active = 70, inactive = 520
01-05 04:59:35.196   518   518 W SDM     : ColorManager::CreateColorManagerProxy: PAV2 version is versions = 11, version = 11 
01-05 04:59:35.199   518   518 W SDM     : DisplayBase::Init: InitColorModes failed for display = 0
01-05 04:59:35.200   518   518 W SDM     : HWEvents::InitializePollFd: open failed for display=0 event=idle_power_collapse, error=No such file or directory
01-05 04:59:35.200   518   518 I SDM     : HWCDisplay::Init: Display created with id: 0
01-05 04:59:35.200   518   518 W SDM     : HWCDisplay::PopulateColorModes: GetColorModeCount failed, use native color mode
01-05 04:59:35.200   518   518 I SDM     : DisplayBase::SetFrameBufferConfig: New framebuffer resolution (720x1440)
01-05 04:59:35.209   428   428 D QSEECOMAPI: QSEECom_get_handle sb_length = 0xa000
01-05 04:59:35.210   428   428 D QSEECOMAPI: App is already loaded QSEE and app id = 65537
01-05 04:59:35.210   427   427 D QSEECOMAPI: QSEECom_get_handle sb_length = 0xa000
01-05 04:59:35.211   427   427 D QSEECOMAPI: App is already loaded QSEE and app id = 65537
01-05 04:59:35.216   587   609 I adbd    : opening control endpoint /dev/usb-ffs/adb/ep0
01-05 04:59:35.218   587   609 I adbd    : UsbFfsConnection constructed
01-05 04:59:35.221   587   610 I adbd    : USB event: FUNCTIONFS_BIND
01-05 04:59:35.225   508   508 D sound_trigger_hw: stdev_open: Enter
01-05 04:59:35.227   428   428 E KeymasterUtils: TA API Major Version: 3
01-05 04:59:35.227   428   428 E KeymasterUtils: TA API Minor Version: 0
01-05 04:59:35.227   428   428 E KeymasterUtils: TA Major Version: 3
01-05 04:59:35.227   428   428 E KeymasterUtils: TA Minor Version: 121
01-05 04:59:35.230   427   427 E KeymasterUtils: TA API Major Version: 3
01-05 04:59:35.230   427   427 E KeymasterUtils: TA API Minor Version: 0
01-05 04:59:35.230   427   427 E KeymasterUtils: TA Major Version: 3
01-05 04:59:35.230   427   427 E KeymasterUtils: TA Minor Version: 121
01-05 04:59:35.237   516   516 I LocSvc_HIDL_vendor.qti.gnss@3.0-service: main
01-05 04:59:35.238   428   428 I ServiceManagement: Registered android.hardware.keymaster@3.0::IKeymasterDevice/default (start delay of 107900ms)
01-05 04:59:35.238   428   428 I ServiceManagement: Removing namespace from process name android.hardware.keymaster@3.0-service-qti to keymaster@3.0-service-qti.
01-05 04:59:35.238   428   428 I android.hardware.keymaster@3.0-service: Registration complete for android.hardware.keymaster@3.0::IKeymasterDevice/default.
01-05 04:59:35.239   427   427 I ServiceManagement: Registered android.hardware.gatekeeper@1.0::IGatekeeper/default (start delay of 107911ms)
01-05 04:59:35.240   427   427 I ServiceManagement: Removing namespace from process name android.hardware.gatekeeper@1.0-service-qti to gatekeeper@1.0-service-qti.
01-05 04:59:35.240   427   427 I android.hardware.gatekeeper@1.0-service: Registration complete for android.hardware.gatekeeper@1.0::IGatekeeper/default.
01-05 04:59:35.240   516   516 D vndksupport: Loading /vendor/lib64/hw/vendor.qti.gnss@3.0-impl.so from current namespace instead of sphal namespace.
01-05 04:59:35.247   508   508 D sound_trigger_hw: load_audio_hal: ahal is using proprietary API version 0x0101
01-05 04:59:35.247   508   508 I sound_trigger_platform: platform_stdev_init: Enter
01-05 04:59:35.248   516   595 W LocSvc_LocIpc: send:66] failed reason: No such file or directory
01-05 04:59:35.253   508   508 W sound_trigger_platform: load_smlib: generate_sound_trigger_phrase_recognition_event_v3 not found. undefined symbol: generate_sound_trigger_phrase_recognition_event_v3
01-05 04:59:35.255   508   508 D audio_hw_utils: audio_extn_utils_open_snd_mixer: snd_card_name: msm8952-snd-card-mtp
01-05 04:59:35.255   508   508 D audio_hw_utils: audio_extn_utils_open_snd_mixer: Opened sound card:0
01-05 04:59:35.264   542   542 E cutils-trace: Error opening trace file: No such file or directory (2)
01-05 04:59:35.268   542   542 I SurfaceFlinger: Using HWComposer service: 'default'
01-05 04:59:35.268   542   542 I SurfaceFlinger: SurfaceFlinger is starting
01-05 04:59:35.270   401   401 I hwservicemanager: getTransport: Cannot find entry vendor.display.config@1.7::IDisplayConfig/default in either framework or device manifest.
01-05 04:59:35.271   401   401 I hwservicemanager: getTransport: Cannot find entry vendor.display.config@1.7::IDisplayConfig/default in either framework or device manifest.
01-05 04:59:35.274   542   542 I SurfaceFlinger: Enabling backpressure propagation for Client Composition
01-05 04:59:35.274   542   542 I SurfaceFlinger: Enabling HWC virtual displays
01-05 04:59:35.274   542   542 I SurfaceFlinger: Treble testing override: 'false'
01-05 04:59:35.274   542   542 W SurfaceFlinger: Unable to open libdolphin.so: dlopen failed: library "libdolphin.so" not found.
01-05 04:59:35.274   542   542 E SurfaceFlinger: Unable to open libframeextension.so: dlopen failed: library "libframeextension.so" not found.
01-05 04:59:35.275   542   542 I SurfaceFlinger: SurfaceFlinger's main thread ready to run. Initializing graphics H/W...
01-05 04:59:35.275   542   542 I SurfaceFlinger: Phase offset NS: 1000000
01-05 04:59:35.276   542   542 W SurfaceFlinger: Unable to open libdolphin.so: dlopen failed: library "libdolphin.so" not found.
01-05 04:59:35.276   516   516 I LocSvc_HIDL_HidlGnss: try getting IGnss from android.hardware.gnss@2.0-impl-qti.so
01-05 04:59:35.276   542   619 W SurfaceFlinger: Ignoring VSYNC request while display is disconnected
01-05 04:59:35.276   516   516 I LocSvc_GnssInterface: ===> HIDL_FETCH_IGnss line 664 
01-05 04:59:35.276   516   516 I LocSvc_GnssInterface: ===> Gnss line 98 
01-05 04:59:35.276   542   542 W SurfaceFlinger: Unable to open libdolphin.so: dlopen failed: library "libdolphin.so" not found.
01-05 04:59:35.276   542   619 W SurfaceFlinger: Ignoring VSYNC request while display is disconnected
01-05 04:59:35.276   542   542 W SurfaceFlinger: Unable to open libdolphin.so: dlopen failed: library "libdolphin.so" not found.
01-05 04:59:35.277   542   620 W SurfaceFlinger: Ignoring VSYNC request while display is disconnected
01-05 04:59:35.277   542   542 W SurfaceFlinger: Unable to open libdolphin.so: dlopen failed: library "libdolphin.so" not found.
01-05 04:59:35.277   542   620 W SurfaceFlinger: Ignoring VSYNC request while display is disconnected
01-05 04:59:35.277   542   542 D RenderEngine: RenderEngine GLES Backend
01-05 04:59:35.280   516   516 I ServiceManagement: Registered vendor.qti.gnss@3.0::ILocHidlGnss/gnss_vendor (start delay of 502ms)
01-05 04:59:35.280   516   516 I LocSvc_HIDL_vendor.qti.gnss@3.0-service: Registration complete for vendor.qti.gnss@3.0::ILocHidlGnss/gnss_vendor.
01-05 04:59:35.284   542   542 D libEGL  : loaded /vendor/lib64/egl/libEGL_adreno.so
01-05 04:59:35.376   542   542 D libEGL  : loaded /vendor/lib64/egl/libGLESv1_CM_adreno.so
01-05 04:59:35.381   542   542 D libEGL  : loaded /vendor/lib64/egl/libGLESv2_adreno.so
01-05 04:59:35.413   542   542 I AdrenoGLES: QUALCOMM build                   : 961b24f, Ib57168459a
01-05 04:59:35.413   542   542 I AdrenoGLES: Build Date                       : 02/24/20
01-05 04:59:35.413   542   542 I AdrenoGLES: OpenGL ES Shader Compiler Version: EV031.27.05.06
01-05 04:59:35.413   542   542 I AdrenoGLES: Local Branch                     : 
01-05 04:59:35.413   542   542 I AdrenoGLES: Remote Branch                    : 
01-05 04:59:35.413   542   542 I AdrenoGLES: Remote Branch                    : 
01-05 04:59:35.413   542   542 I AdrenoGLES: Reconstruct Branch               : 
01-05 04:59:35.413   542   542 I AdrenoGLES: Build Config                     : S L 8.0.12 AArch64
01-05 04:59:35.421   518   518 I SDM     : HWCDisplay::SetFrameBufferResolution: New framebuffer resolution (720x1440)
01-05 04:59:35.422   518   518 I SDM     : HWCColorManager::CreateColorManager: Successfully loaded libsdm-disp-vndapis.so
01-05 04:59:35.424   542   542 I AdrenoGLES: PFP: 0x005ff112, ME: 0x005ff066
01-05 04:59:35.427   539   539 I FastMixerState: sMaxFastTracks = 8
01-05 04:59:35.428   518   518 I SDM     : HWCColorManager::CreateColorManager: Successfully loaded libsdm-disp-vndapis.so and libsdm-diag.so and diag_init'ed
01-05 04:59:35.430   518   518 I ServiceManagement: Registered android.hardware.graphics.composer@2.1::IComposer/default (start delay of 652ms)
01-05 04:59:35.430   518   518 I ServiceManagement: Removing namespace from process name android.hardware.graphics.composer@2.1-service to composer@2.1-service.
01-05 04:59:35.431   539   539 V MediaUtils: physMem: 2974912512
01-05 04:59:35.431   518   518 I android.hardware.graphics.composer@2.1-service: Registration complete for android.hardware.graphics.composer@2.1::IComposer/default.
01-05 04:59:35.431   539   539 V MediaUtils: requested limit: 536870912
01-05 04:59:35.431   539   539 I libc    : malloc_limit: Allocation limit enabled, max size 536870912 bytes
01-05 04:59:35.431   539   539 I audioserver: ServiceManager: 0x757e26ddc0
01-05 04:59:35.431   539   539 W BatteryNotifier: batterystats service unavailable!
01-05 04:59:35.432   539   539 E cutils-trace: Error opening trace file: No such file or directory (2)
01-05 04:59:35.435   401   401 I hwservicemanager: getTransport: Cannot find entry vendor.display.config@1.7::IDisplayConfig/default in either framework or device manifest.
01-05 04:59:35.437   401   401 I hwservicemanager: getTransport: Cannot find entry vendor.display.config@1.7::IDisplayConfig/default in either framework or device manifest.
01-05 04:59:35.438   401   401 I hwservicemanager: getTransport: Cannot find entry android.hardware.audio@5.0::IDevicesFactory/msd in either framework or device manifest.
01-05 04:59:35.440   542   542 I RenderEngine: OpenGL ES informations:
01-05 04:59:35.440   542   542 I RenderEngine: vendor    : Qualcomm
01-05 04:59:35.440   542   542 I RenderEngine: renderer  : Adreno (TM) 505
01-05 04:59:35.440   542   542 I RenderEngine: version   : OpenGL ES 3.2 V@415.0 (GIT@961b24f, Ib57168459a, 1582563833) (Date:02/24/20)
01-05 04:59:35.440   542   542 I RenderEngine: extensions: GL_OES_EGL_image GL_OES_EGL_image_external GL_OES_EGL_sync GL_OES_vertex_half_float GL_OES_framebuffer_object GL_OES_rgb8_rgba8 GL_OES_compressed_ETC1_RGB8_texture GL_AMD_compressed_ATC_texture GL_KHR_texture_compression_astc_ldr GL_KHR_texture_compression_astc_hdr GL_OES_texture_compression_astc GL_OES_texture_npot GL_EXT_texture_filter_anisotropic GL_EXT_texture_format_BGRA8888 GL_EXT_read_format_bgra GL_OES_texture_3D GL_EXT_color_buffer_float GL_EXT_color_buffer_half_float GL_QCOM_alpha_test GL_OES_depth24 GL_OES_packed_depth_stencil GL_OES_depth_texture GL_OES_depth_texture_cube_map GL_EXT_sRGB GL_OES_texture_float GL_OES_texture_float_linear GL_OES_texture_half_float GL_OES_texture_half_float_linear GL_EXT_texture_type_2_10_10_10_REV GL_EXT_texture_sRGB_decode GL_EXT_texture_format_sRGB_override GL_OES_element_index_uint GL_EXT_copy_image GL_EXT_geometry_shader GL_EXT_tessellation_shader GL_OES_texture_stencil8 GL_EXT_shader_io_blocks GL_OES_shader_image_atomic GL_OES_sample_variables GL_EX
01-05 04:59:35.440   542   542 I RenderEngine: GL_MAX_TEXTURE_SIZE = 16384
01-05 04:59:35.440   542   542 I RenderEngine: GL_MAX_VIEWPORT_DIMS = 16384
01-05 04:59:35.443   539   539 I AudioFlinger: Using default 3000 mSec as standby time.
01-05 04:59:35.444   401   401 I hwservicemanager: getTransport: Cannot find entry android.hardware.graphics.mapper@3.0::IMapper/default in either framework or device manifest.
01-05 04:59:35.444   518   518 D ComposerHal: failed to get mapper 3.0 service, falling back to mapper 2.0
01-05 04:59:35.445   539   539 E APM::Serializer: deserialize: Could not parse /odm/etc/audio_policy_configuration.xml document.
01-05 04:59:35.445   539   539 E APM::Serializer: deserialize: Could not parse /vendor/etc/audio/audio_policy_configuration.xml document.
01-05 04:59:35.446   518   518 D vndksupport: Loading /vendor/lib64/hw/android.hardware.graphics.mapper@2.0-impl-2.1.so from current namespace instead of sphal namespace.
01-05 04:59:35.448   518   518 D vndksupport: Loading /vendor/lib64/hw/gralloc.msm8937.so from current namespace instead of sphal namespace.
01-05 04:59:35.450   401   401 I hwservicemanager: getTransport: Cannot find entry vendor.display.config@1.16::IDisplayConfig/default in either framework or device manifest.
01-05 04:59:35.451   518   518 D SDM     : HWCSession::RegisterCallback: Registering callback: Hotplug
01-05 04:59:35.451   542   542 I HWComposer: Switching to legacy multi-display mode
01-05 04:59:35.452   401   401 I hwservicemanager: getTransport: Cannot find entry vendor.display.config@1.12::IDisplayConfig/default in either framework or device manifest.
01-05 04:59:35.453   518   518 I SDM     : HWCDisplay::GetHdrCapabilities: HDR is not supported
01-05 04:59:35.453   518   518 I SDM     : HWCDisplay::GetHdrCapabilities: HDR is not supported
01-05 04:59:35.455   401   401 I hwservicemanager: getTransport: Cannot find entry android.hardware.graphics.mapper@3.0::IMapper/default in either framework or device manifest.
01-05 04:59:35.455   542   542 W Gralloc3: mapper 3.x is not supported
01-05 04:59:35.456   508   508 E audio_route: Control 'LSM6 Mixer TERT_MI2S_TX' doesn't exist - skipping
01-05 04:59:35.456   508   508 E audio_route: Control 'LSM7 Mixer TERT_MI2S_TX' doesn't exist - skipping
01-05 04:59:35.456   508   508 E audio_route: Control 'LSM8 Mixer TERT_MI2S_TX' doesn't exist - skipping
01-05 04:59:35.457   508   508 E audio_route: Control 'LSM6 Mixer TERT_MI2S_TX' doesn't exist - skipping
01-05 04:59:35.457   508   508 E audio_route: Control 'LSM7 Mixer TERT_MI2S_TX' doesn't exist - skipping
01-05 04:59:35.458   508   508 E audio_route: Control 'LSM8 Mixer TERT_MI2S_TX' doesn't exist - skipping
01-05 04:59:35.458   508   508 E audio_route: Control 'LSM6 Mixer TERT_MI2S_TX' doesn't exist - skipping
01-05 04:59:35.459   508   508 E audio_route: Control 'LSM7 Mixer TERT_MI2S_TX' doesn't exist - skipping
01-05 04:59:35.459   508   508 E audio_route: Control 'LSM8 Mixer TERT_MI2S_TX' doesn't exist - skipping
01-05 04:59:35.459   508   508 E audio_route: Control 'ADC1_INP1 Switch' doesn't exist - skipping
01-05 04:59:35.461   401   401 I hwservicemanager: getTransport: Cannot find entry android.hardware.graphics.allocator@3.0::IAllocator/default in either framework or device manifest.
01-05 04:59:35.461   542   542 W Gralloc3: allocator 3.x is not supported
01-05 04:59:35.464   539   539 E APM::AudioPolicyEngine/Config: parse: Could not parse document /vendor/etc/audio_policy_engine_configuration.xml
01-05 04:59:35.464   539   539 W APM::AudioPolicyEngine/Base: loadAudioPolicyEngineConfig: No configuration found, using default matching phone experience.
01-05 04:59:35.464   539   539 E APM::AudioPolicyEngine/Config: parseLegacyVolumeFile: Could not parse document /odm/etc/audio_policy_configuration.xml
01-05 04:59:35.468   508   508 W sound_trigger_platform: load_acdb: acdb_loader_send_listen_device_cal_v1 not found. undefined symbol: acdb_loader_send_listen_device_cal_v1
01-05 04:59:35.468   508   508 W sound_trigger_platform: load_acdb: acdb_loader_send_listen_lsm_cal_v1 not found. undefined symbol: acdb_loader_send_listen_lsm_cal_v1
01-05 04:59:35.469   508   508 E platform_info: param tag only supported with CONFIG_PARAMS section
01-05 04:59:35.469   508   508 E platform_info: param tag only supported with CONFIG_PARAMS section
01-05 04:59:35.472   508   508 E audio_hw_acdb: acdb_init_v2: dlsym error undefined symbol: acdb_loader_init_v4 for acdb_loader_init_v4
01-05 04:59:35.472   508   508 D ACDB-LOADER: [wind_audio] get country_code error ,len=0 
01-05 04:59:35.472   508   508 D ACDB-LOADER: [wind_audio] get board_id=7 ,len=1 
01-05 04:59:35.472   508   508 D ACDB-LOADER: [wind_audio] get platform_tyep=msm8937 ,len=7 
01-05 04:59:35.473   508   508 D ACDB-LOADER: ACDB -> No .acdb files found in /vendor/etc/acdbdata!
01-05 04:59:35.473   508   508 D ACDB-LOADER: ACDB -> found 0 form factor & soundcard independant files
01-05 04:59:35.473   508   508 D ACDB-LOADER: [wind_audio][MTP_SMIC_CE] path =  /vendor/etc/acdbdata / MTP_SMIC_CE / msm8952-snd-card-mtp 
01-05 04:59:35.473   508   508 D ACDB-LOADER: ACDB -> Load file: /vendor/etc/acdbdata/MTP_SMIC_CE/MTP_SMIC_CE_Speaker_cal.acdb
01-05 04:59:35.473   508   508 D ACDB-LOADER: ACDB -> Load file: /vendor/etc/acdbdata/MTP_SMIC_CE/MTP_SMIC_CE_Hdmi_cal.acdb
01-05 04:59:35.473   508   508 D ACDB-LOADER: ACDB -> Load file: /vendor/etc/acdbdata/MTP_SMIC_CE/MTP_SMIC_CE_Handset_cal.acdb
01-05 04:59:35.473   508   508 D ACDB-LOADER: ACDB -> Load file: /vendor/etc/acdbdata/MTP_SMIC_CE/MTP_SMIC_CE_Global_cal.acdb
01-05 04:59:35.473   508   508 D ACDB-LOADER: ACDB -> Load file: /vendor/etc/acdbdata/MTP_SMIC_CE/MTP_SMIC_CE_Headset_cal.acdb
01-05 04:59:35.473   508   508 D ACDB-LOADER: ACDB -> Load file: /vendor/etc/acdbdata/MTP_SMIC_CE/MTP_SMIC_CE_Bluetooth_cal.acdb
01-05 04:59:35.473   508   508 D ACDB-LOADER: ACDB -> Load file: /vendor/etc/acdbdata/MTP_SMIC_CE/MTP_SMIC_CE_workspaceFile.qwsp
01-05 04:59:35.473   508   508 D ACDB-LOADER: ACDB -> Load file: /vendor/etc/acdbdata/MTP_SMIC_CE/MTP_SMIC_CE_General_cal.acdb
01-05 04:59:35.473   508   508 D ACDB-LOADER: ACDB -> ACDB_CMD_INITIALIZE_V2
01-05 04:59:35.474   401   401 I hwservicemanager: getTransport: Cannot find entry vendor.display.config@1.7::IDisplayConfig/default in either framework or device manifest.
01-05 04:59:35.475   401   401 I hwservicemanager: getTransport: Cannot find entry vendor.display.config@1.9::IDisplayConfig/default in either framework or device manifest.
01-05 04:59:35.475   518   518 D SDM     : HWCSession::RegisterCallback: Registering callback: Refresh
01-05 04:59:35.475   518   518 D SDM     : HWCSession::RegisterCallback: Registering callback: Vsync
01-05 04:59:35.477   508   508 D         : [ACDB Command]->SW Minor/Major/Revision version info for /vendor/etc/acdbdata/MTP_SMIC_CE/MTP_SMIC_CE_Speaker_cal.acdb
01-05 04:59:35.477   508   508 D         : [ACDB Command]->ACDB Sw Major = 9, ACDB Sw Minor = 0, ACDB Sw Revision = 4, ACDB Sw Cpl Number = 0
01-05 04:59:35.477   508   508 D         : [ACDB Command]->ACDB File Major = 8, ACDB File Minor = 0, ACDB File Revision = 4, ACDB File Cpl Number = 0
01-05 04:59:35.479   508   508 D         : [ACDB Command]->SW Minor/Major/Revision version info for /vendor/etc/acdbdata/MTP_SMIC_CE/MTP_SMIC_CE_Hdmi_cal.acdb
01-05 04:59:35.479   508   508 D         : [ACDB Command]->ACDB Sw Major = 9, ACDB Sw Minor = 0, ACDB Sw Revision = 4, ACDB Sw Cpl Number = 0
01-05 04:59:35.479   508   508 D         : [ACDB Command]->ACDB File Major = 8, ACDB File Minor = 0, ACDB File Revision = 4, ACDB File Cpl Number = 0
01-05 04:59:35.480   508   585 D vndksupport: Loading /vendor/lib/hw/audio.primary.msm8937.so from current namespace instead of sphal namespace.
01-05 04:59:35.481   508   585 D audio_hw_primary: adev_open: enter
01-05 04:59:35.482   508   508 D         : [ACDB Command]->SW Minor/Major/Revision version info for /vendor/etc/acdbdata/MTP_SMIC_CE/MTP_SMIC_CE_Handset_cal.acdb
01-05 04:59:35.482   508   508 D         : [ACDB Command]->ACDB Sw Major = 9, ACDB Sw Minor = 0, ACDB Sw Revision = 4, ACDB Sw Cpl Number = 0
01-05 04:59:35.482   508   508 D         : [ACDB Command]->ACDB File Major = 8, ACDB File Minor = 0, ACDB File Revision = 4, ACDB File Cpl Number = 0
01-05 04:59:35.483   508   508 D         : [ACDB Command]->SW Minor/Major/Revision version info for /vendor/etc/acdbdata/MTP_SMIC_CE/MTP_SMIC_CE_Global_cal.acdb
01-05 04:59:35.483   508   508 D         : [ACDB Command]->ACDB Sw Major = 9, ACDB Sw Minor = 0, ACDB Sw Revision = 4, ACDB Sw Cpl Number = 0
01-05 04:59:35.483   508   508 D         : [ACDB Command]->ACDB File Major = 8, ACDB File Minor = 0, ACDB File Revision = 4, ACDB File Cpl Number = 0
01-05 04:59:35.483   508   585 D audio_hw_utils: audio_extn_utils_open_snd_mixer: snd_card_name: msm8952-snd-card-mtp
01-05 04:59:35.483   508   585 D audio_hw_utils: audio_extn_utils_open_snd_mixer: Opened sound card:0
01-05 04:59:35.483   508   585 D msm8916_platform: platform_init: Opened sound card:0
01-05 04:59:35.483   508   585 D msm8916_platform: platform_init: snd_card_name: msm8952-snd-card-mtp
01-05 04:59:35.483   508   585 D msm8916_platform: platform_init: mixer path file is /vendor/etc/mixer_paths_mtp.xml
01-05 04:59:35.484   508   508 D         : [ACDB Command]->SW Minor/Major/Revision version info for /vendor/etc/acdbdata/MTP_SMIC_CE/MTP_SMIC_CE_Headset_cal.acdb
01-05 04:59:35.484   508   508 D         : [ACDB Command]->ACDB Sw Major = 9, ACDB Sw Minor = 0, ACDB Sw Revision = 4, ACDB Sw Cpl Number = 0
01-05 04:59:35.484   508   508 D         : [ACDB Command]->ACDB File Major = 8, ACDB File Minor = 0, ACDB File Revision = 4, ACDB File Cpl Number = 0
01-05 04:59:35.485   508   508 D         : [ACDB Command]->SW Minor/Major/Revision version info for /vendor/etc/acdbdata/MTP_SMIC_CE/MTP_SMIC_CE_Bluetooth_cal.acdb
01-05 04:59:35.485   508   508 D         : [ACDB Command]->ACDB Sw Major = 9, ACDB Sw Minor = 0, ACDB Sw Revision = 4, ACDB Sw Cpl Number = 0
01-05 04:59:35.485   508   508 D         : [ACDB Command]->ACDB File Major = 8, ACDB File Minor = 0, ACDB File Revision = 4, ACDB File Cpl Number = 0
01-05 04:59:35.486   508   508 D         : [ACDB Command]->SW Minor/Major/Revision version info for /vendor/etc/acdbdata/MTP_SMIC_CE/MTP_SMIC_CE_workspaceFile.qwsp
01-05 04:59:35.486   508   508 D         : [ACDB Command]->ACDB Sw Major = 9, ACDB Sw Minor = 0, ACDB Sw Revision = 4, ACDB Sw Cpl Number = 0
01-05 04:59:35.486   508   508 D         : [ACDB Command]->ACDB File Major = 8, ACDB File Minor = 0, ACDB File Revision = 4
01-05 04:59:35.486   508   508 D         : [ACDB Command]->SW Minor/Major/Revision version info for /vendor/etc/acdbdata/MTP_SMIC_CE/MTP_SMIC_CE_General_cal.acdb
01-05 04:59:35.486   508   508 D         : [ACDB Command]->ACDB Sw Major = 9, ACDB Sw Minor = 0, ACDB Sw Revision = 4, ACDB Sw Cpl Number = 0
01-05 04:59:35.486   508   508 D         : [ACDB Command]->ACDB File Major = 8, ACDB File Minor = 0, ACDB File Revision = 4, ACDB File Cpl Number = 0
01-05 04:59:35.486   508   508 D ACDB-LOADER: ACDB -> ACPH INIT
01-05 04:59:35.486   508   508 D         : [ACPH]->Online service registered with ACPH
01-05 04:59:35.488   508   508 D         : [ACPH]->ACPH init success
01-05 04:59:35.488   508   508 D ACDB-LOADER: ACDB -> RTAC INIT
01-05 04:59:35.488   508   508 D         : [ACPH]->DSP RTC service registered with ACPH
01-05 04:59:35.488   508   508 D ACDB-LOADER: ACDB -> MCS, FTS INIT
01-05 04:59:35.488   508   508 D         : [ACPH]->MCS RTC service registered with ACPH
01-05 04:59:35.488   508   508 D         : [ACPH]->FTS RTC service registered with ACPH
01-05 04:59:35.488   508   508 D ACDB-LOADER: ACDB -> ADIE RTAC INIT
01-05 04:59:35.488   508   508 D         : [ACPH]->ADIE RTC service registered with ACPH
01-05 04:59:35.488   508   508 D ACDB-LOADER: ACDB -> ACDB_CMD_GET_VOC_PROC_DYNAMIC_TABLE_SIZE
01-05 04:59:35.499   508   508 D ACDB-LOADER: ACDB -> send_common_custom_topology
01-05 04:59:35.499   508   508 D ACDB-LOADER: ACDB -> ACDB_CMD_GET_AVCS_CUSTOM_TOPO_INFO_SIZE
01-05 04:59:35.499   508   508 D ACDB-LOADER: ACDB -> ACDB_CMD_GET_AVCS_CUSTOM_TOPO_INFO
01-05 04:59:35.499   508   508 D ACDB-LOADER: ACDB -> ACDB_CMD_GET_AVCS_CUSTOM_TOPO_INFO: size:0xd8 ret=0 
01-05 04:59:35.499   508   508 D ACDB-LOADER: ACDB -> CORE_CUSTOM_TOPOLOGIES
01-05 04:59:35.502   508   508 D ACDB-LOADER: ACDB -> acdb_loader_send_common_custom_topology: Common custom topology in use
01-05 04:59:35.502   508   508 D ACDB-LOADER: ACDB -> init done!
01-05 04:59:35.502   508   508 D audio_hw_acdb: acdb_init_v2: ACDB Instance ID support after ACDB init:0
01-05 04:59:35.503   508   508 D sound_trigger_platform: get_codec_version: codec version 
01-05 04:59:35.507   508   508 E sound_trigger_platform: init_be_dai_name_table: Could not get ctl for mixer name Backend DAI Name Table
01-05 04:59:35.507   508   508 E sound_trigger_platform: platform_stdev_reset_backend_cfg: Could not get valid backend id(-1) to reset vad controls
01-05 04:59:35.507   508   508 I SoundTriggerHw: onFirstRef() mModuleName primary mHwDevice 0xe783c000
01-05 04:59:35.509   508   508 I ServiceManagement: Registered android.hardware.soundtrigger@2.2::ISoundTriggerHw/default (start delay of 752ms)
01-05 04:59:35.510   508   508 I audiohalservice: Registration complete for android.hardware.soundtrigger@2.2::ISoundTriggerHw/default.
01-05 04:59:35.510   401   401 I hwservicemanager: getTransport: Cannot find entry android.hardware.bluetooth.audio@2.0::IBluetoothAudioProvidersFactory/default in either framework or device manifest.
01-05 04:59:35.511   508   508 D vndksupport: Loading /vendor/lib/hw/android.hardware.bluetooth.audio@2.0-impl.so from current namespace instead of sphal namespace.
01-05 04:59:35.515   508   508 I BTAudioProviderA2dpSoftware: A2dpSoftwareAudioProvider - size of audio buffer 7168 byte(s)
01-05 04:59:35.516   508   508 I BTAudioProviderHearingAid: HearingAidAudioProvider - size of audio buffer 3584 byte(s)
01-05 04:59:35.518   508   508 I ServiceManagement: Registered android.hardware.bluetooth.audio@2.0::IBluetoothAudioProvidersFactory/default (start delay of 760ms)
01-05 04:59:35.518   508   508 I audiohalservice: Registration complete for android.hardware.bluetooth.audio@2.0::IBluetoothAudioProvidersFactory/default.
01-05 04:59:35.519   401   401 I hwservicemanager: getTransport: Cannot find entry android.hardware.bluetooth.a2dp@1.0::IBluetoothAudioOffload/default in either framework or device manifest.
01-05 04:59:35.520   508   508 E audiohalservice: Could not get passthrough implementation for android.hardware.bluetooth.a2dp@1.0::IBluetoothAudioOffload/default.
01-05 04:59:35.520   508   508 W audiohalservice: Could not register Bluetooth audio offload 1.0
01-05 04:59:35.681   508   585 E audio_route: Control 'HPHL Volume' doesn't exist - skipping
01-05 04:59:35.682   508   585 E audio_route: Control 'HPHR Volume' doesn't exist - skipping
01-05 04:59:35.682   508   585 E audio_route: Control 'RX1 Digital Volume' doesn't exist - skipping
01-05 04:59:35.682   508   585 E audio_route: Control 'RX2 Digital Volume' doesn't exist - skipping
01-05 04:59:35.682   508   585 E audio_route: Control 'RX3 Digital Volume' doesn't exist - skipping
01-05 04:59:35.682   508   585 E audio_route: Control 'RX2 MIX2 INP2' doesn't exist - skipping
01-05 04:59:35.682   508   585 E audio_route: Control 'RX1 MIX2 INP2' doesn't exist - skipping
01-05 04:59:35.683   508   585 E audio_route: Control 'SpkrMono WSA_RDAC' doesn't exist - skipping
01-05 04:59:35.683   508   585 E audio_route: Control 'SpkrMono BOOST Switch' doesn't exist - skipping
01-05 04:59:35.683   508   585 E audio_route: Control 'SpkrMono VISENSE Switch' doesn't exist - skipping
01-05 04:59:35.683   508   585 E audio_route: Control 'ADC1_INP1 Switch' doesn't exist - skipping
01-05 04:59:35.684   508   585 E audio_route: Control 'PRI_MI2S_RX Port Mixer INT_BT_SCO_TX' doesn't exist - skipping
01-05 04:59:35.685   508   585 E audio_route: Control 'INTERNAL_BT_SCO_RX Audio Mixer Multimedia6' doesn't exist - skipping
01-05 04:59:35.686   508   585 E audio_route: Control 'MI2S_DL_HL Switch' doesn't exist - skipping
01-05 04:59:35.687   508   585 E audio_route: Control 'MI2S_DL_HL Switch' doesn't exist - skipping
01-05 04:59:35.687   508   585 E audio_route: unknown enum value string 16000 for ctl Internal BTSCO SampleRate
01-05 04:59:35.689   508   585 E audio_route: unable to find sub path 'compress-offload-playback4 speaker-and-bt-sco'
01-05 04:59:35.689   508   585 E audio_route: unable to find sub path 'compress-offload-playback4 speaker-and-bt-sco-wb'
01-05 04:59:35.690   508   585 E audio_route: unable to find sub path 'compress-offload-playback5 speaker-and-bt-sco'
01-05 04:59:35.690   508   585 E audio_route: unable to find sub path 'compress-offload-playback5 speaker-and-bt-sco-wb'
01-05 04:59:35.691   508   585 E audio_route: Control 'MultiMedia8 Mixer TERT_MI2S_TX' doesn't exist - skipping
01-05 04:59:35.691   508   585 E audio_route: unknown enum value string 16000 for ctl Internal BTSCO SampleRate
01-05 04:59:35.691   508   585 E audio_route: unknown enum value string 16000 for ctl Internal BTSCO SampleRate
01-05 04:59:35.692   508   585 E audio_route: Control 'MI2S_DL_HL Switch' doesn't exist - skipping
01-05 04:59:35.693   508   585 E audio_route: unknown enum value string 16000 for ctl Internal BTSCO SampleRate
01-05 04:59:35.693   508   585 E audio_route: unknown enum value string 16000 for ctl Internal BTSCO SampleRate
01-05 04:59:35.695   508   585 E audio_route: Control 'ADC1_INP1 Switch' doesn't exist - skipping
01-05 04:59:35.696   508   585 E audio_route: Control 'RX1 Digital Volume' doesn't exist - skipping
01-05 04:59:35.696   508   585 E audio_route: Control 'SpkrMono WSA_RDAC' doesn't exist - skipping
01-05 04:59:35.696   508   585 E audio_route: Control 'SpkrMono VISENSE Switch' doesn't exist - skipping
01-05 04:59:35.697   508   585 E audio_route: Control 'RX1 Digital Volume' doesn't exist - skipping
01-05 04:59:35.698   508   585 E audio_route: Control 'RX1 MIX1 INP1' already exists in path 'voice-speaker-and-voice-headphones'
01-05 04:59:35.699   508   585 E audio_route: Control 'MI2S_DL_HL Switch' doesn't exist - skipping
01-05 04:59:35.720   508   585 D msm8916_platform: Opening /sys/class/thermal/thermal_zone0/type
01-05 04:59:35.720   508   585 D msm8916_platform: Opening /sys/class/thermal/thermal_zone1/type
01-05 04:59:35.720   508   585 D msm8916_platform: Opening /sys/class/thermal/thermal_zone2/type
01-05 04:59:35.720   508   585 D msm8916_platform: Opening /sys/class/thermal/thermal_zone3/type
01-05 04:59:35.720   508   585 D msm8916_platform: Opening /sys/class/thermal/thermal_zone4/type
01-05 04:59:35.721   508   585 D msm8916_platform: Opening /sys/class/thermal/thermal_zone5/type
01-05 04:59:35.721   508   585 D msm8916_platform: Opening /sys/class/thermal/thermal_zone6/type
01-05 04:59:35.721   508   585 D msm8916_platform: Opening /sys/class/thermal/thermal_zone7/type
01-05 04:59:35.721   508   585 D msm8916_platform: Opening /sys/class/thermal/thermal_zone8/type
01-05 04:59:35.721   508   585 D msm8916_platform: Opening /sys/class/thermal/thermal_zone9/type
01-05 04:59:35.721   508   585 D msm8916_platform: Opening /sys/class/thermal/thermal_zone10/type
01-05 04:59:35.722   508   585 D msm8916_platform: Opening /sys/class/thermal/thermal_zone11/type
01-05 04:59:35.722   508   585 D msm8916_platform: Opening /sys/class/thermal/thermal_zone12/type
01-05 04:59:35.722   508   585 D msm8916_platform: Opening /sys/class/thermal/thermal_zone13/type
01-05 04:59:35.722   508   585 D msm8916_platform: Opening /sys/class/thermal/thermal_zone14/type
01-05 04:59:35.722   508   585 D msm8916_platform: Opening /sys/class/thermal/thermal_zone15/type
01-05 04:59:35.722   508   585 D msm8916_platform: Opening /sys/class/thermal/thermal_zone16/type
01-05 04:59:35.722   508   585 D msm8916_platform: Opening /sys/class/thermal/thermal_zone17/type
01-05 04:59:35.723   508   585 D msm8916_platform: Opening /sys/class/thermal/thermal_zone18/type
01-05 04:59:35.723   508   585 D msm8916_platform: platform_set_audio_device_interface: Enter, device name:AUDIO_DEVICE_IN_BUILTIN_MIC, intf name:SLIMBUS_0, codec_type:external
01-05 04:59:35.723   508   585 E msm8916_platform: Invalid codec_type specified. Ignoring this interface entry.
01-05 04:59:35.723   508   585 D msm8916_platform: platform_set_audio_device_interface: Enter, device name:AUDIO_DEVICE_IN_BACK_MIC, intf name:SLIMBUS_0, codec_type:external
01-05 04:59:35.723   508   585 E msm8916_platform: Invalid codec_type specified. Ignoring this interface entry.
01-05 04:59:35.723   508   585 D msm8916_platform: platform_set_audio_device_interface: Enter, device name:AUDIO_DEVICE_IN_BUILTIN_MIC, intf name:TERT_MI2S, codec_type:internal
01-05 04:59:35.723   508   585 D msm8916_platform: platform_set_audio_device_interface: Matched device name:AUDIO_DEVICE_IN_BUILTIN_MIC, overwrite intf name with TERT_MI2S
01-05 04:59:35.723   508   585 D msm8916_platform: platform_set_audio_device_interface: Enter, device name:AUDIO_DEVICE_IN_BACK_MIC, intf name:TERT_MI2S, codec_type:internal
01-05 04:59:35.723   508   585 D msm8916_platform: platform_set_audio_device_interface: Matched device name:AUDIO_DEVICE_IN_BACK_MIC, overwrite intf name with TERT_MI2S
01-05 04:59:35.724   508   585 D msm8916_platform: platform_set_snd_device_backend: backend_tag_table[headphones]: old = null new = (null)
01-05 04:59:35.724   508   585 D msm8916_platform: platform_set_snd_device_backend: hw_interface_table[9] = PRI_MI2S_RX
01-05 04:59:35.724   508   585 D msm8916_platform: platform_set_snd_device_backend: backend_tag_table[bt-sco-headset-wb]: old = bt-sco-wb new = (null)
01-05 04:59:35.724   508   585 D msm8916_platform: platform_set_snd_device_backend: hw_interface_table[31] = INT_BT_SCO_RX
01-05 04:59:35.724   508   585 D msm8916_platform: platform_set_snd_device_backend: backend_tag_table[bt-sco-headset]: old = bt-sco new = (null)
01-05 04:59:35.724   508   585 D msm8916_platform: platform_set_snd_device_backend: hw_interface_table[30] = INT_BT_SCO_RX
01-05 04:59:35.724   508   585 D msm8916_platform: platform_set_snd_device_backend: backend_tag_table[line]: old = null new = (null)
01-05 04:59:35.724   508   585 D msm8916_platform: platform_set_snd_device_backend: hw_interface_table[8] = PRI_MI2S_RX
01-05 04:59:35.724   508   585 D msm8916_platform: platform_set_snd_device_backend: backend_tag_table[anc-headphones]: old = null new = (null)
01-05 04:59:35.724   508   585 D msm8916_platform: platform_set_snd_device_backend: hw_interface_table[49] = PRI_MI2S_RX
01-05 04:59:35.724   508   585 D msm8916_platform: platform_set_snd_device_backend: backend_tag_table[speaker-and-headphones]: old = null new = (null)
01-05 04:59:35.724   508   585 D msm8916_platform: platform_set_snd_device_backend: hw_interface_table[12] = PRI_MI2S_RX
01-05 04:59:35.724   508   585 D msm8916_platform: platform_set_snd_device_backend: backend_tag_table[speaker-and-line]: old = null new = (null)
01-05 04:59:35.724   508   585 D msm8916_platform: platform_set_snd_device_backend: hw_interface_table[13] = PRI_MI2S_RX
01-05 04:59:35.724   508   585 D msm8916_platform: platform_set_snd_device_backend: backend_tag_table[speaker-and-anc-headphones]: old = null new = (null)
01-05 04:59:35.724   508   585 D msm8916_platform: platform_set_snd_device_backend: hw_interface_table[53] = PRI_MI2S_RX
01-05 04:59:35.724   508   585 D msm8916_platform: platform_set_snd_device_backend: backend_tag_table[voice-headphones]: old = null new = (null)
01-05 04:59:35.724   508   585 D msm8916_platform: platform_set_snd_device_backend: hw_interface_table[24] = PRI_MI2S_RX
01-05 04:59:35.724   508   585 D msm8916_platform: platform_set_snd_device_backend: backend_tag_table[voice-anc-headphones]: old = null new = (null)
01-05 04:59:35.724   508   585 D msm8916_platform: platform_set_snd_device_backend: hw_interface_table[51] = PRI_MI2S_RX
01-05 04:59:35.724   508   585 D msm8916_platform: platform_set_snd_device_backend: backend_tag_table[voice-line]: old = null new = (null)
01-05 04:59:35.724   508   585 D msm8916_platform: platform_set_snd_device_backend: hw_interface_table[25] = PRI_MI2S_RX
01-05 04:59:35.724   508   585 D msm8916_platform: platform_set_snd_device_backend: backend_tag_table[voice-tty-full-headphones]: old = null new = (null)
01-05 04:59:35.724   508   585 D msm8916_platform: platform_set_snd_device_backend: hw_interface_table[38] = PRI_MI2S_RX
01-05 04:59:35.724   508   585 D msm8916_platform: platform_set_snd_device_backend: backend_tag_table[voice-tty-vco-headphones]: old = null new = (null)
01-05 04:59:35.724   508   585 D msm8916_platform: platform_set_snd_device_backend: hw_interface_table[39] = PRI_MI2S_RX
01-05 04:59:35.724   508   585 D msm8916_platform: platform_set_snd_device_backend: backend_tag_table[handset]: old = null new = (null)
01-05 04:59:35.724   508   585 D msm8916_platform: platform_set_snd_device_backend: hw_interface_table[1] = PRI_MI2S_RX
01-05 04:59:35.724   508   585 D msm8916_platform: platform_set_snd_device_backend: backend_tag_table[speaker]: old = null new = (null)
01-05 04:59:35.724   508   585 D msm8916_platform: platform_set_snd_device_backend: hw_interface_table[2] = PRI_MI2S_RX
01-05 04:59:35.724   508   585 D msm8916_platform: platform_set_snd_device_backend: backend_tag_table[speaker-reverse]: old = null new = (null)
01-05 04:59:35.724   508   585 D msm8916_platform: platform_set_snd_device_backend: hw_interface_table[5] = PRI_MI2S_RX
01-05 04:59:35.724   508   585 D msm8916_platform: platform_set_snd_device_backend: backend_tag_table[vbat-speaker]: old = null new = (null)
01-05 04:59:35.724   508   585 D msm8916_platform: platform_set_snd_device_backend: hw_interface_table[7] = PRI_MI2S_RX
01-05 04:59:35.724   508   585 D msm8916_platform: platform_set_snd_device_backend: backend_tag_table[voice-handset]: old = null new = (null)
01-05 04:59:35.724   508   585 D msm8916_platform: platform_set_snd_device_backend: hw_interface_table[16] = PRI_MI2S_RX
01-05 04:59:35.724   508   585 D msm8916_platform: platform_set_snd_device_backend: backend_tag_table[voice-speaker]: old = null new = (null)
01-05 04:59:35.724   508   585 D msm8916_platform: platform_set_snd_device_backend: hw_interface_table[17] = PRI_MI2S_RX
01-05 04:59:35.724   508   585 D msm8916_platform: platform_set_snd_device_backend: backend_tag_table[vbat-voice-speaker]: old = vbat-voice-speaker new = (null)
01-05 04:59:35.725   508   585 D msm8916_platform: platform_set_snd_device_backend: hw_interface_table[20] = PRI_MI2S_RX
01-05 04:59:35.725   508   585 D msm8916_platform: platform_set_snd_device_backend: backend_tag_table[voice-speaker-2]: old = null new = (null)
01-05 04:59:35.725   508   585 D msm8916_platform: platform_set_snd_device_backend: hw_interface_table[21] = PRI_MI2S_RX
01-05 04:59:35.725   508   585 D msm8916_platform: platform_set_snd_device_backend: backend_tag_table[vbat-voice-speaker-2]: old = vbat-voice-speaker-2 new = (null)
01-05 04:59:35.725   508   585 D msm8916_platform: platform_set_snd_device_backend: hw_interface_table[23] = PRI_MI2S_RX
01-05 04:59:35.725   508   585 D msm8916_platform: platform_set_snd_device_backend: backend_tag_table[voice-tty-hco-handset]: old = null new = (null)
01-05 04:59:35.725   508   585 D msm8916_platform: platform_set_snd_device_backend: hw_interface_table[40] = PRI_MI2S_RX
01-05 04:59:35.725   508   585 D msm8916_platform: platform_set_snd_device_backend: backend_tag_table[anc-fb-headphones]: old = null new = (null)
01-05 04:59:35.725   508   585 D msm8916_platform: platform_set_snd_device_backend: hw_interface_table[50] = PRI_MI2S_RX
01-05 04:59:35.725   508   585 D msm8916_platform: platform_set_snd_device_backend: backend_tag_table[voice-anc-fb-headphones]: old = null new = (null)
01-05 04:59:35.725   508   585 D msm8916_platform: platform_set_snd_device_backend: hw_interface_table[52] = PRI_MI2S_RX
01-05 04:59:35.725   508   585 D msm8916_platform: platform_set_snd_device_backend: backend_tag_table[anc-handset]: old = null new = (null)
01-05 04:59:35.725   508   585 D msm8916_platform: platform_set_snd_device_backend: hw_interface_table[54] = PRI_MI2S_RX
01-05 04:59:35.725   508   585 D msm8916_platform: platform_set_snd_device_backend: backend_tag_table[speaker-protected]: old = null new = (null)
01-05 04:59:35.725   508   585 D msm8916_platform: platform_set_snd_device_backend: hw_interface_table[55] = PRI_MI2S_RX
01-05 04:59:35.725   508   585 D msm8916_platform: platform_set_snd_device_backend: backend_tag_table[voice-speaker-protected]: old = null new = (null)
01-05 04:59:35.725   508   585 D msm8916_platform: platform_set_snd_device_backend: hw_interface_table[56] = PRI_MI2S_RX
01-05 04:59:35.725   508   585 D msm8916_platform: platform_set_snd_device_backend: backend_tag_table[voice-speaker-2-protected]: old = null new = (null)
01-05 04:59:35.725   508   585 D msm8916_platform: platform_set_snd_device_backend: hw_interface_table[57] = PRI_MI2S_RX
01-05 04:59:35.725   508   585 D msm8916_platform: platform_set_snd_device_backend: backend_tag_table[speaker-protected-vbat]: old = null new = (null)
01-05 04:59:35.725   508   585 D msm8916_platform: platform_set_snd_device_backend: hw_interface_table[59] = PRI_MI2S_RX
01-05 04:59:35.725   508   585 D msm8916_platform: platform_set_snd_device_backend: backend_tag_table[voice-speaker-protected-vbat]: old = null new = (null)
01-05 04:59:35.725   508   585 D msm8916_platform: platform_set_snd_device_backend: hw_interface_table[60] = PRI_MI2S_RX
01-05 04:59:35.725   508   585 D msm8916_platform: platform_set_snd_device_backend: backend_tag_table[voice-speaker-2-protected-vbat]: old = null new = (null)
01-05 04:59:35.725   508   585 D msm8916_platform: platform_set_snd_device_backend: hw_interface_table[61] = PRI_MI2S_RX
01-05 04:59:35.725   508   585 D msm8916_platform: platform_set_snd_device_backend: backend_tag_table[wsa-speaker]: old = null new = (null)
01-05 04:59:35.725   508   585 D msm8916_platform: platform_set_snd_device_backend: hw_interface_table[6] = PRI_MI2S_RX
01-05 04:59:35.725   508   585 D msm8916_platform: platform_set_snd_device_backend: backend_tag_table[wsa-voice-speaker]: old = null new = (null)
01-05 04:59:35.725   508   585 D msm8916_platform: platform_set_snd_device_backend: hw_interface_table[19] = PRI_MI2S_RX
01-05 04:59:35.725   508   585 D msm8916_platform: platform_set_snd_device_backend: backend_tag_table[wsa-voice-speaker-2]: old = null new = (null)
01-05 04:59:35.725   508   585 D msm8916_platform: platform_set_snd_device_backend: hw_interface_table[22] = PRI_MI2S_RX
01-05 04:59:35.725   508   585 D msm8916_platform: platform_set_snd_device_backend: backend_tag_table[handset-mic]: old = null new = (null)
01-05 04:59:35.725   508   585 D msm8916_platform: platform_set_snd_device_backend: hw_interface_table[68] = TERT_MI2S_TX
01-05 04:59:35.725   508   585 D msm8916_platform: platform_set_snd_device_backend: backend_tag_table[handset-mic-ext]: old = null new = (null)
01-05 04:59:35.725   508   585 D msm8916_platform: platform_set_snd_device_backend: hw_interface_table[69] = TERT_MI2S_TX
01-05 04:59:35.725   508   585 D msm8916_platform: platform_set_snd_device_backend: backend_tag_table[handset-mic]: old = null new = (null)
01-05 04:59:35.725   508   585 D msm8916_platform: platform_set_snd_device_backend: hw_interface_table[70] = TERT_MI2S_TX
01-05 04:59:35.725   508   585 D msm8916_platform: platform_set_snd_device_backend: backend_tag_table[handset-mic]: old = null new = (null)
01-05 04:59:35.725   508   585 D msm8916_platform: platform_set_snd_device_backend: hw_interface_table[71] = TERT_MI2S_TX
01-05 04:59:35.725   508   585 D msm8916_platform: platform_set_snd_device_backend: backend_tag_table[handset-mic]: old = null new = (null)
01-05 04:59:35.725   508   585 D msm8916_platform: platform_set_snd_device_backend: hw_interface_table[72] = TERT_MI2S_TX
01-05 04:59:35.725   508   585 D msm8916_platform: platform_set_snd_device_backend: backend_tag_table[dmic-endfire]: old = null new = (null)
01-05 04:59:35.726   508   585 D msm8916_platform: platform_set_snd_device_backend: hw_interface_table[73] = TERT_MI2S_TX
01-05 04:59:35.726   508   585 D msm8916_platform: platform_set_snd_device_backend: backend_tag_table[dmic-endfire]: old = null new = (null)
01-05 04:59:35.726   508   585 D msm8916_platform: platform_set_snd_device_backend: hw_interface_table[74] = TERT_MI2S_TX
01-05 04:59:35.726   508   585 D msm8916_platform: platform_set_snd_device_backend: backend_tag_table[dmic-endfire]: old = null new = (null)
01-05 04:59:35.726   508   585 D msm8916_platform: platform_set_snd_device_backend: hw_interface_table[75] = TERT_MI2S_TX
01-05 04:59:35.726   508   585 D msm8916_platform: platform_set_snd_device_backend: backend_tag_table[dmic-endfire]: old = null new = (null)
01-05 04:59:35.726   508   585 D msm8916_platform: platform_set_snd_device_backend: hw_interface_table[76] = TERT_MI2S_TX
01-05 04:59:35.726   508   585 D msm8916_platform: platform_set_snd_device_backend: backend_tag_table[speaker-mic]: old = null new = (null)
01-05 04:59:35.726   508   585 D msm8916_platform: platform_set_snd_device_backend: hw_interface_table[77] = TERT_MI2S_TX
01-05 04:59:35.726   508   585 D msm8916_platform: platform_set_snd_device_backend: backend_tag_table[speaker-mic]: old = null new = (null)
01-05 04:59:35.726   508   585 D msm8916_platform: platform_set_snd_device_backend: hw_interface_table[78] = TERT_MI2S_TX
01-05 04:59:35.726   508   585 D msm8916_platform: platform_set_snd_device_backend: backend_tag_table[speaker-mic]: old = null new = (null)
01-05 04:59:35.726   508   585 D msm8916_platform: platform_set_snd_device_backend: hw_interface_table[79] = TERT_MI2S_TX
01-05 04:59:35.726   508   585 D msm8916_platform: platform_set_snd_device_backend: backend_tag_table[speaker-mic]: old = null new = (null)
01-05 04:59:35.726   508   585 D msm8916_platform: platform_set_snd_device_backend: hw_interface_table[80] = TERT_MI2S_TX
01-05 04:59:35.726   508   585 D msm8916_platform: platform_set_snd_device_backend: backend_tag_table[speaker-dmic-endfire]: old = null new = (null)
01-05 04:59:35.726   508   585 D msm8916_platform: platform_set_snd_device_backend: hw_interface_table[81] = TERT_MI2S_TX
01-05 04:59:35.726   508   585 D msm8916_platform: platform_set_snd_device_backend: backend_tag_table[speaker-dmic-endfire]: old = null new = (null)
01-05 04:59:35.726   508   585 D msm8916_platform: platform_set_snd_device_backend: hw_interface_table[82] = TERT_MI2S_TX
01-05 04:59:35.726   508   585 D msm8916_platform: platform_set_snd_device_backend: backend_tag_table[speaker-dmic-endfire]: old = null new = (null)
01-05 04:59:35.726   508   585 D msm8916_platform: platform_set_snd_device_backend: hw_interface_table[83] = TERT_MI2S_TX
01-05 04:59:35.726   508   585 D msm8916_platform: platform_set_snd_device_backend: backend_tag_table[speaker-dmic-endfire]: old = null new = (null)
01-05 04:59:35.726   508   585 D msm8916_platform: platform_set_snd_device_backend: hw_interface_table[84] = TERT_MI2S_TX
01-05 04:59:35.726   508   585 D msm8916_platform: platform_set_snd_device_backend: backend_tag_table[headset-mic]: old = null new = (null)
01-05 04:59:35.726   508   585 D msm8916_platform: platform_set_snd_device_backend: hw_interface_table[85] = TERT_MI2S_TX
01-05 04:59:35.726   508   585 D msm8916_platform: platform_set_snd_device_backend: backend_tag_table[headset-mic]: old = null new = (null)
01-05 04:59:35.726   508   585 D msm8916_platform: platform_set_snd_device_backend: hw_interface_table[86] = TERT_MI2S_TX
01-05 04:59:35.726   508   585 D msm8916_platform: platform_set_snd_device_backend: backend_tag_table[voice-speaker-mic]: old = null new = (null)
01-05 04:59:35.726   508   585 D msm8916_platform: platform_set_snd_device_backend: hw_interface_table[87] = TERT_MI2S_TX
01-05 04:59:35.726   508   585 D msm8916_platform: platform_set_snd_device_backend: backend_tag_table[voice-headset-mic]: old = null new = (null)
01-05 04:59:35.726   508   585 D msm8916_platform: platform_set_snd_device_backend: hw_interface_table[88] = TERT_MI2S_TX
01-05 04:59:35.726   508   585 D msm8916_platform: platform_set_snd_device_backend: backend_tag_table[camcorder-mic]: old = null new = (null)
01-05 04:59:35.726   508   585 D msm8916_platform: platform_set_snd_device_backend: hw_interface_table[94] = TERT_MI2S_TX
01-05 04:59:35.726   508   585 D msm8916_platform: platform_set_snd_device_backend: backend_tag_table[voice-dmic-ef]: old = null new = (null)
01-05 04:59:35.726   508   585 D msm8916_platform: platform_set_snd_device_backend: hw_interface_table[95] = TERT_MI2S_TX
01-05 04:59:35.726   508   585 D msm8916_platform: platform_set_snd_device_backend: backend_tag_table[voice-speaker-dmic-ef]: old = null new = (null)
01-05 04:59:35.727   508   585 D msm8916_platform: platform_set_snd_device_backend: hw_interface_table[96] = TERT_MI2S_TX
01-05 04:59:35.727   508   585 D msm8916_platform: platform_set_snd_device_backend: backend_tag_table[voice-speaker-qmic]: old = null new = (null)
01-05 04:59:35.727   508   585 D msm8916_platform: platform_set_snd_device_backend: hw_interface_table[98] = TERT_MI2S_TX
01-05 04:59:35.727   508   585 D msm8916_platform: platform_set_snd_device_backend: backend_tag_table[voice-tty-full-headset-mic]: old = null new = (null)
01-05 04:59:35.727   508   585 D msm8916_platform: platform_set_snd_device_backend: hw_interface_table[99] = TERT_MI2S_TX
01-05 04:59:35.727   508   585 D msm8916_platform: platform_set_snd_device_backend: backend_tag_table[voice-tty-vco-handset-mic]: old = null new = (null)
01-05 04:59:35.727   508   585 D msm8916_platform: platform_set_snd_device_backend: hw_interface_table[100] = TERT_MI2S_TX
01-05 04:59:35.727   508   585 D msm8916_platform: platform_set_snd_device_backend: backend_tag_table[voice-tty-hco-headset-mic]: old = null new = (null)
01-05 04:59:35.727   508   585 D msm8916_platform: platform_set_snd_device_backend: hw_interface_table[101] = TERT_MI2S_TX
01-05 04:59:35.727   508   585 D msm8916_platform: platform_set_snd_device_backend: backend_tag_table[voice-rec-mic]: old = null new = (null)
