01-04 21:00:53.199   495   495 I SDM     : SessionManager::SessionManager: Allocate buffers synchronously = 0
01-04 21:00:53.199   493   493 I android.hardware.gnss@2.0-service-qti: Registration complete for android.hardware.gnss@2.0::IGnss/default.
01-04 21:00:53.202   493   583 I LocSvc_BatteryListener: init:108] Get health service in 0 tries
01-04 21:00:53.202   493   557 I LocSvc_CtxBase: readConfig] GNSS Deployment: QGNSS
01-04 21:00:53.203   496   496 W health@2.0-serv: type=1400 audit(0.0:23): avc: denied { getattr } for path="/sys/devices/soc/msm-bcl-18/power_supply/fg_adc/type" dev="sysfs" ino=19329 scontext=u:r:hal_health_default:s0 tcontext=u:object_r:sysfs:s0 tclass=file permissive=0
01-04 21:00:53.215   485   485 I ServiceManagement: Registered android.hardware.audio.effect@5.0::IEffectsFactory/default (start delay of 427ms)
01-04 21:00:53.216   485   485 I audiohalservice: Registration complete for android.hardware.audio.effect@5.0::IEffectsFactory/default.
01-04 21:00:53.217   495   495 I SDM     : CoreInterface::CreateCore: Open interface handle = 0x710a834000
01-04 21:00:53.217   495   495 I SDM     : HWCSession::Register: Set uevent listener = 0x710a826280
01-04 21:00:53.217   495   495 I SDM     : HWInfo::GetFirstDisplayInterfaceType: First display is internal display
01-04 21:00:53.217   495   495 I SDM     : CPUHint::Init: Invalid CPU Hint Pre-enable Window -1
01-04 21:00:53.217   485   485 D vndksupport: Loading /vendor/lib/hw/android.hardware.soundtrigger@2.2-impl.so from current namespace instead of sphal namespace.
01-04 21:00:53.218   495   495 I SDM     : HWDevice::GetHWPanelMaxBrightnessFromNode: Max brightness level = 255
01-04 21:00:53.218   495   495 I SDM     : HWDevice::Init: access(/dev/graphics/fb0) successful
01-04 21:00:53.219   495   495 I SDM     : HWDevice::GetHWPanelMaxBrightnessFromNode: Max brightness level = 255
01-04 21:00:53.219   495   495 I SDM     : HWDevice::PopulateHWPanelInfo: Device type = 0, Display Port = 1, Display Mode = 1, Device Node = 0, Is Primary = 1
01-04 21:00:53.219   495   495 I SDM     : HWDevice::PopulateHWPanelInfo: Partial Update = 0, supported roi_count =1, Dynamic FPS = 0
01-04 21:00:53.219   495   495 I SDM     : HWDevice::PopulateHWPanelInfo: Align: left = 0, width = 0, top = 0, height = 0
01-04 21:00:53.219   495   495 I SDM     : HWDevice::PopulateHWPanelInfo: ROI: min_width = 0, min_height = 0, need_merge = 0
01-04 21:00:53.219   495   495 I SDM     : HWDevice::PopulateHWPanelInfo: FPS: min = 0, max =0
01-04 21:00:53.219   495   495 I SDM     : HWDevice::PopulateHWPanelInfo: Ping Pong Split = 0
01-04 21:00:53.219   495   495 I SDM     : HWDevice::PopulateHWPanelInfo: Left Split = 0, Right Split = 0
01-04 21:00:53.220   495   495 I SDM     : HWDevice::GetHWPanelMaxBrightnessFromNode: Max brightness level = 255
01-04 21:00:53.220   495   495 I SDM     : HWDevice::GetHWPanelMaxBrightnessFromNode: Max brightness level = 255
01-04 21:00:53.220   495   495 W SDM     : HWDevice::GetHWPanelInfoByNode: Failed to open msm_fb_panel_info node device node 2
01-04 21:00:53.220   495   495 W SDM     : HWDevice::GetHWPanelInfoByNode: Failed to open msm_fb_panel_info node device node 3
01-04 21:00:53.221   495   495 I SDM     : HWDevice::GetHWPanelMaxBrightnessFromNode: Max brightness level = 255
01-04 21:00:53.221   495   495 I SDM     : HWDevice::GetHWPanelMaxBrightnessFromNode: Max brightness level = 255
01-04 21:00:53.222   495   495 W SDM     : HWDevice::GetHWPanelInfoByNode: Failed to open msm_fb_panel_info node device node 2
01-04 21:00:53.222   495   495 W SDM     : HWDevice::GetHWPanelInfoByNode: Failed to open msm_fb_panel_info node device node 3
01-04 21:00:53.222   495   495 I SDM     : StrategyImpl::SetIdleTimeoutMs: Idle timeout: active = 70, inactive = 520
01-04 21:00:53.222   495   495 W SDM     : ColorManager::CreateColorManagerProxy: PAV2 version is versions = 11, version = 11 
01-04 21:00:53.225   495   495 W SDM     : DisplayBase::Init: InitColorModes failed for display = 0
01-04 21:00:53.226   495   495 W SDM     : HWEvents::InitializePollFd: open failed for display=0 event=idle_power_collapse, error=No such file or directory
01-04 21:00:53.226   495   495 I SDM     : HWCDisplay::Init: Display created with id: 0
01-04 21:00:53.226   495   495 W SDM     : HWCDisplay::PopulateColorModes: GetColorModeCount failed, use native color mode
01-04 21:00:53.226   495   495 I SDM     : DisplayBase::SetFrameBufferConfig: New framebuffer resolution (720x1440)
01-04 21:00:53.226   485   485 D vndksupport: Loading /vendor/lib/hw/sound_trigger.primary.msm8937.so from current namespace instead of sphal namespace.
01-04 21:00:53.263   485   485 D sound_trigger_hw: stdev_open: Enter
01-04 21:00:53.272   427   427 D QSEECOMAPI: QSEECom_get_handle sb_length = 0xa000
01-04 21:00:53.273   427   427 D QSEECOMAPI: App is already loaded QSEE and app id = 65537
01-04 21:00:53.273   493   493 I LocSvc_HIDL_vendor.qti.gnss@3.0-service: main
01-04 21:00:53.274   495   495 I SDM     : HWCDisplay::SetFrameBufferResolution: New framebuffer resolution (720x1440)
01-04 21:00:53.274   428   428 D QSEECOMAPI: QSEECom_get_handle sb_length = 0xa000
01-04 21:00:53.274   428   428 D QSEECOMAPI: App is already loaded QSEE and app id = 65537
01-04 21:00:53.275   495   495 I SDM     : HWCColorManager::CreateColorManager: Successfully loaded libsdm-disp-vndapis.so
01-04 21:00:53.276   493   493 D vndksupport: Loading /vendor/lib64/hw/vendor.qti.gnss@3.0-impl.so from current namespace instead of sphal namespace.
01-04 21:00:53.280   427   427 E KeymasterUtils: TA API Major Version: 3
01-04 21:00:53.280   427   427 E KeymasterUtils: TA API Minor Version: 0
01-04 21:00:53.280   427   427 E KeymasterUtils: TA Major Version: 3
01-04 21:00:53.280   427   427 E KeymasterUtils: TA Minor Version: 121
01-04 21:00:53.282   519   519 E cutils-trace: Error opening trace file: No such file or directory (2)
01-04 21:00:53.283   428   428 E KeymasterUtils: TA API Major Version: 3
01-04 21:00:53.283   428   428 E KeymasterUtils: TA API Minor Version: 0
01-04 21:00:53.283   428   428 E KeymasterUtils: TA Major Version: 3
01-04 21:00:53.283   428   428 E KeymasterUtils: TA Minor Version: 121
01-04 21:00:53.286   495   495 I SDM     : HWCColorManager::CreateColorManager: Successfully loaded libsdm-disp-vndapis.so and libsdm-diag.so and diag_init'ed
01-04 21:00:53.289   495   495 I ServiceManagement: Registered android.hardware.graphics.composer@2.1::IComposer/default (start delay of 481ms)
01-04 21:00:53.289   519   519 I SurfaceFlinger: Using HWComposer service: 'default'
01-04 21:00:53.289   519   519 I SurfaceFlinger: SurfaceFlinger is starting
01-04 21:00:53.289   495   495 I ServiceManagement: Removing namespace from process name android.hardware.graphics.composer@2.1-service to composer@2.1-service.
01-04 21:00:53.289   485   485 D sound_trigger_hw: load_audio_hal: ahal is using proprietary API version 0x0101
01-04 21:00:53.289   485   485 I sound_trigger_platform: platform_stdev_init: Enter
01-04 21:00:53.290   495   495 I android.hardware.graphics.composer@2.1-service: Registration complete for android.hardware.graphics.composer@2.1::IComposer/default.
01-04 21:00:53.291   427   427 I ServiceManagement: Registered android.hardware.gatekeeper@1.0::IGatekeeper/default (start delay of 107892ms)
01-04 21:00:53.291   427   427 I ServiceManagement: Removing namespace from process name android.hardware.gatekeeper@1.0-service-qti to gatekeeper@1.0-service-qti.
01-04 21:00:53.291   427   427 I android.hardware.gatekeeper@1.0-service: Registration complete for android.hardware.gatekeeper@1.0::IGatekeeper/default.
01-04 21:00:53.291   401   401 I hwservicemanager: getTransport: Cannot find entry vendor.display.config@1.7::IDisplayConfig/default in either framework or device manifest.
01-04 21:00:53.293   401   401 I hwservicemanager: getTransport: Cannot find entry vendor.display.config@1.7::IDisplayConfig/default in either framework or device manifest.
01-04 21:00:53.294   428   428 I ServiceManagement: Registered android.hardware.keymaster@3.0::IKeymasterDevice/default (start delay of 107896ms)
01-04 21:00:53.294   428   428 I ServiceManagement: Removing namespace from process name android.hardware.keymaster@3.0-service-qti to keymaster@3.0-service-qti.
01-04 21:00:53.294   428   428 I android.hardware.keymaster@3.0-service: Registration complete for android.hardware.keymaster@3.0::IKeymasterDevice/default.
01-04 21:00:53.295   493   581 W LocSvc_LocIpc: send:66] failed reason: No such file or directory
01-04 21:00:53.296   519   519 I SurfaceFlinger: Enabling backpressure propagation for Client Composition
01-04 21:00:53.296   519   519 I SurfaceFlinger: Enabling HWC virtual displays
01-04 21:00:53.296   519   519 I SurfaceFlinger: Treble testing override: 'false'
01-04 21:00:53.296   519   519 W SurfaceFlinger: Unable to open libdolphin.so: dlopen failed: library "libdolphin.so" not found.
01-04 21:00:53.296   519   519 E SurfaceFlinger: Unable to open libframeextension.so: dlopen failed: library "libframeextension.so" not found.
01-04 21:00:53.296   519   519 I SurfaceFlinger: SurfaceFlinger's main thread ready to run. Initializing graphics H/W...
01-04 21:00:53.296   519   519 I SurfaceFlinger: Phase offset NS: 1000000
01-04 21:00:53.297   519   519 W SurfaceFlinger: Unable to open libdolphin.so: dlopen failed: library "libdolphin.so" not found.
01-04 21:00:53.297   519   603 W SurfaceFlinger: Ignoring VSYNC request while display is disconnected
01-04 21:00:53.297   519   519 W SurfaceFlinger: Unable to open libdolphin.so: dlopen failed: library "libdolphin.so" not found.
01-04 21:00:53.298   519   603 W SurfaceFlinger: Ignoring VSYNC request while display is disconnected
01-04 21:00:53.298   519   519 W SurfaceFlinger: Unable to open libdolphin.so: dlopen failed: library "libdolphin.so" not found.
01-04 21:00:53.298   519   604 W SurfaceFlinger: Ignoring VSYNC request while display is disconnected
01-04 21:00:53.298   519   519 W SurfaceFlinger: Unable to open libdolphin.so: dlopen failed: library "libdolphin.so" not found.
01-04 21:00:53.298   519   604 W SurfaceFlinger: Ignoring VSYNC request while display is disconnected
01-04 21:00:53.298   519   519 D RenderEngine: RenderEngine GLES Backend
01-04 21:00:53.303   493   493 I LocSvc_HIDL_HidlGnss: try getting IGnss from android.hardware.gnss@2.0-impl-qti.so
01-04 21:00:53.304   485   485 W sound_trigger_platform: load_smlib: generate_sound_trigger_phrase_recognition_event_v3 not found. undefined symbol: generate_sound_trigger_phrase_recognition_event_v3
01-04 21:00:53.304   493   493 I LocSvc_GnssInterface: ===> HIDL_FETCH_IGnss line 664 
01-04 21:00:53.304   493   493 I LocSvc_GnssInterface: ===> Gnss line 98 
01-04 21:00:53.307   493   493 I ServiceManagement: Registered vendor.qti.gnss@3.0::ILocHidlGnss/gnss_vendor (start delay of 499ms)
01-04 21:00:53.307   493   493 I LocSvc_HIDL_vendor.qti.gnss@3.0-service: Registration complete for vendor.qti.gnss@3.0::ILocHidlGnss/gnss_vendor.
01-04 21:00:53.309   519   519 D libEGL  : loaded /vendor/lib64/egl/libEGL_adreno.so
01-04 21:00:53.403   519   519 D libEGL  : loaded /vendor/lib64/egl/libGLESv1_CM_adreno.so
01-04 21:00:53.408   519   519 D libEGL  : loaded /vendor/lib64/egl/libGLESv2_adreno.so
01-04 21:00:53.434   519   519 I AdrenoGLES: QUALCOMM build                   : 961b24f, Ib57168459a
01-04 21:00:53.434   519   519 I AdrenoGLES: Build Date                       : 02/24/20
01-04 21:00:53.434   519   519 I AdrenoGLES: OpenGL ES Shader Compiler Version: EV031.27.05.06
01-04 21:00:53.434   519   519 I AdrenoGLES: Local Branch                     : 
01-04 21:00:53.434   519   519 I AdrenoGLES: Remote Branch                    : 
01-04 21:00:53.434   519   519 I AdrenoGLES: Remote Branch                    : 
01-04 21:00:53.434   519   519 I AdrenoGLES: Reconstruct Branch               : 
01-04 21:00:53.434   519   519 I AdrenoGLES: Build Config                     : S L 8.0.12 AArch64
01-04 21:00:53.443   519   519 I AdrenoGLES: PFP: 0x005ff112, ME: 0x005ff066
01-04 21:00:53.446   516   516 I FastMixerState: sMaxFastTracks = 8
01-04 21:00:53.449   516   516 V MediaUtils: physMem: 2974912512
01-04 21:00:53.449   516   516 V MediaUtils: requested limit: 536870912
01-04 21:00:53.449   516   516 I libc    : malloc_limit: Allocation limit enabled, max size 536870912 bytes
01-04 21:00:53.449   516   516 I audioserver: ServiceManager: 0x7755d4bdc0
01-04 21:00:53.450   516   516 W BatteryNotifier: batterystats service unavailable!
01-04 21:00:53.450   516   516 E cutils-trace: Error opening trace file: No such file or directory (2)
01-04 21:00:53.453   401   401 I hwservicemanager: getTransport: Cannot find entry vendor.display.config@1.7::IDisplayConfig/default in either framework or device manifest.
01-04 21:00:53.455   401   401 I hwservicemanager: getTransport: Cannot find entry vendor.display.config@1.7::IDisplayConfig/default in either framework or device manifest.
01-04 21:00:53.456   401   401 I hwservicemanager: getTransport: Cannot find entry android.hardware.audio@5.0::IDevicesFactory/msd in either framework or device manifest.
01-04 21:00:53.457   519   519 I RenderEngine: OpenGL ES informations:
01-04 21:00:53.457   519   519 I RenderEngine: vendor    : Qualcomm
01-04 21:00:53.457   519   519 I RenderEngine: renderer  : Adreno (TM) 505
01-04 21:00:53.457   519   519 I RenderEngine: version   : OpenGL ES 3.2 V@415.0 (GIT@961b24f, Ib57168459a, 1582563833) (Date:02/24/20)
01-04 21:00:53.457   519   519 I RenderEngine: extensions: GL_OES_EGL_image GL_OES_EGL_image_external GL_OES_EGL_sync GL_OES_vertex_half_float GL_OES_framebuffer_object GL_OES_rgb8_rgba8 GL_OES_compressed_ETC1_RGB8_texture GL_AMD_compressed_ATC_texture GL_KHR_texture_compression_astc_ldr GL_KHR_texture_compression_astc_hdr GL_OES_texture_compression_astc GL_OES_texture_npot GL_EXT_texture_filter_anisotropic GL_EXT_texture_format_BGRA8888 GL_EXT_read_format_bgra GL_OES_texture_3D GL_EXT_color_buffer_float GL_EXT_color_buffer_half_float GL_QCOM_alpha_test GL_OES_depth24 GL_OES_packed_depth_stencil GL_OES_depth_texture GL_OES_depth_texture_cube_map GL_EXT_sRGB GL_OES_texture_float GL_OES_texture_float_linear GL_OES_texture_half_float GL_OES_texture_half_float_linear GL_EXT_texture_type_2_10_10_10_REV GL_EXT_texture_sRGB_decode GL_EXT_texture_format_sRGB_override GL_OES_element_index_uint GL_EXT_copy_image GL_EXT_geometry_shader GL_EXT_tessellation_shader GL_OES_texture_stencil8 GL_EXT_shader_io_blocks GL_OES_shader_image_atomic GL_OES_sample_variables GL_EX
01-04 21:00:53.457   519   519 I RenderEngine: GL_MAX_TEXTURE_SIZE = 16384
01-04 21:00:53.457   519   519 I RenderEngine: GL_MAX_VIEWPORT_DIMS = 16384
01-04 21:00:53.460   516   516 I AudioFlinger: Using default 3000 mSec as standby time.
01-04 21:00:53.461   401   401 I hwservicemanager: getTransport: Cannot find entry android.hardware.graphics.mapper@3.0::IMapper/default in either framework or device manifest.
01-04 21:00:53.461   495   495 D ComposerHal: failed to get mapper 3.0 service, falling back to mapper 2.0
01-04 21:00:53.462   516   516 E APM::Serializer: deserialize: Could not parse /odm/etc/audio_policy_configuration.xml document.
01-04 21:00:53.462   516   516 E APM::Serializer: deserialize: Could not parse /vendor/etc/audio/audio_policy_configuration.xml document.
01-04 21:00:53.462   495   495 D vndksupport: Loading /vendor/lib64/hw/android.hardware.graphics.mapper@2.0-impl-2.1.so from current namespace instead of sphal namespace.
01-04 21:00:53.464   495   495 D vndksupport: Loading /vendor/lib64/hw/gralloc.msm8937.so from current namespace instead of sphal namespace.
01-04 21:00:53.466   401   401 I hwservicemanager: getTransport: Cannot find entry vendor.display.config@1.16::IDisplayConfig/default in either framework or device manifest.
01-04 21:00:53.467   495   495 D SDM     : HWCSession::RegisterCallback: Registering callback: Hotplug
01-04 21:00:53.467   519   519 I HWComposer: Switching to legacy multi-display mode
01-04 21:00:53.468   401   401 I hwservicemanager: getTransport: Cannot find entry vendor.display.config@1.12::IDisplayConfig/default in either framework or device manifest.
01-04 21:00:53.469   495   495 I SDM     : HWCDisplay::GetHdrCapabilities: HDR is not supported
01-04 21:00:53.469   495   495 I SDM     : HWCDisplay::GetHdrCapabilities: HDR is not supported
01-04 21:00:53.470   401   401 I hwservicemanager: getTransport: Cannot find entry android.hardware.graphics.mapper@3.0::IMapper/default in either framework or device manifest.
01-04 21:00:53.470   519   519 W Gralloc3: mapper 3.x is not supported
01-04 21:00:53.475   401   401 I hwservicemanager: getTransport: Cannot find entry android.hardware.graphics.allocator@3.0::IAllocator/default in either framework or device manifest.
01-04 21:00:53.475   519   519 W Gralloc3: allocator 3.x is not supported
01-04 21:00:53.480   516   516 E APM::AudioPolicyEngine/Config: parse: Could not parse document /vendor/etc/audio_policy_engine_configuration.xml
01-04 21:00:53.480   516   516 W APM::AudioPolicyEngine/Base: loadAudioPolicyEngineConfig: No configuration found, using default matching phone experience.
01-04 21:00:53.481   516   516 E APM::AudioPolicyEngine/Config: parseLegacyVolumeFile: Could not parse document /odm/etc/audio_policy_configuration.xml
01-04 21:00:53.487   401   401 I hwservicemanager: getTransport: Cannot find entry vendor.display.config@1.7::IDisplayConfig/default in either framework or device manifest.
01-04 21:00:53.488   401   401 I hwservicemanager: getTransport: Cannot find entry vendor.display.config@1.9::IDisplayConfig/default in either framework or device manifest.
01-04 21:00:53.488   495   495 D SDM     : HWCSession::RegisterCallback: Registering callback: Refresh
01-04 21:00:53.488   495   495 D SDM     : HWCSession::RegisterCallback: Registering callback: Vsync
01-04 21:00:53.496   485   577 D vndksupport: Loading /vendor/lib/hw/audio.primary.msm8937.so from current namespace instead of sphal namespace.
01-04 21:00:53.497   485   577 D audio_hw_primary: adev_open: enter
01-04 21:00:54.304   485   485 D audio_hw_utils: audio_extn_utils_open_snd_mixer: retry, retry_num 1
01-04 21:00:54.374   519   519 D RenderEngine: shader cache generated - 48 shaders in 885.650085 ms
01-04 21:00:54.375   519   519 E SurfaceFlinger: Unable to get composer extension
01-04 21:00:54.377   519   519 I ServiceManagement: Registered android.frameworks.displayservice@1.0::IDisplayService/default (start delay of 1499ms)
01-04 21:00:54.377   519   519 D SurfaceFlinger: Setting power mode 2 on display 0
01-04 21:00:54.377   495   495 I SDM     : DisplayBase::SetDisplayState: Set state = 1, display 0
01-04 21:00:54.378   519   519 D SurfaceFlinger: Finished setting power mode 2 on display 0
01-04 21:00:54.497   485   577 D audio_hw_utils: audio_extn_utils_open_snd_mixer: retry, retry_num 1
01-04 21:00:54.690   619   619 D BootAnimation: BootAnimationStartTiming start time: 165111ms
01-04 21:00:54.690   619   619 D BootAnimation: BootAnimationPreloadTiming start time: 165112ms
01-04 21:00:54.690   619   619 D BootAnimation: Animation customzation path: 
01-04 21:00:54.816   619   619 D BootAnimation: BootAnimationPreloadStopTiming start time: 165238ms
01-04 21:00:54.819   619   622 E cutils-trace: Error opening trace file: No such file or directory (2)
01-04 21:00:54.824   619   622 D libEGL  : loaded /vendor/lib64/egl/libEGL_adreno.so
01-04 21:00:54.832   619   622 D libEGL  : loaded /vendor/lib64/egl/libGLESv1_CM_adreno.so
01-04 21:00:54.838   619   622 D libEGL  : loaded /vendor/lib64/egl/libGLESv2_adreno.so
01-04 21:00:54.867   619   622 I AdrenoGLES: QUALCOMM build                   : 961b24f, Ib57168459a
01-04 21:00:54.867   619   622 I AdrenoGLES: Build Date                       : 02/24/20
01-04 21:00:54.867   619   622 I AdrenoGLES: OpenGL ES Shader Compiler Version: EV031.27.05.06
01-04 21:00:54.867   619   622 I AdrenoGLES: Local Branch                     : 
01-04 21:00:54.867   619   622 I AdrenoGLES: Remote Branch                    : 
01-04 21:00:54.867   619   622 I AdrenoGLES: Remote Branch                    : 
01-04 21:00:54.867   619   622 I AdrenoGLES: Reconstruct Branch               : 
01-04 21:00:54.867   619   622 I AdrenoGLES: Build Config                     : S L 8.0.12 AArch64
01-04 21:00:54.876   619   622 I AdrenoGLES: PFP: 0x005ff112, ME: 0x005ff066
01-04 21:00:54.882   401   401 I hwservicemanager: getTransport: Cannot find entry vendor.display.config@1.7::IDisplayConfig/default in either framework or device manifest.
01-04 21:00:54.883   401   401 I hwservicemanager: getTransport: Cannot find entry vendor.display.config@1.7::IDisplayConfig/default in either framework or device manifest.
01-04 21:00:54.888   619   622 D BootAnimation: BootAnimationShownTiming start time: 165310ms
01-04 21:00:54.905   401   401 I hwservicemanager: getTransport: Cannot find entry android.hardware.graphics.mapper@3.0::IMapper/default in either framework or device manifest.
01-04 21:00:54.906   619   622 W Gralloc3: mapper 3.x is not supported
01-04 21:00:54.910   619   622 E Adreno-UNKNOWN: <DrawTexture:62>: GL_INVALID_VALUE
01-04 21:00:54.926   519   519 I SurfaceFlinger: Enter boot animation
01-04 21:00:54.935   495   495 D qdutils : DEBUG_CALC_FPS: 0
01-04 21:00:54.935   495   495 D qdutils : period: 10
01-04 21:00:54.935   495   495 D qdutils : ignorethresh_us: 500000
01-04 21:00:55.191   482   482 I Dpps    : AbaContext():18 ABA context instantiation
01-04 21:00:55.191   482   482 I Dpps    : AmbientLightContext():16 AL context instantiation
01-04 21:00:55.192   482   482 I Dpps    : InitFeatureContext():93 Initialize feature context
01-04 21:00:55.192   482   482 I Dpps    : InitContext():83 display fd 5 histogram bins 256  components 1 Lut size 256 panel 0 sensor type 1
01-04 21:00:55.192   482   482 I Dpps    : OpenCommonSysfsFds():357 lcd_bl_event_fd_ is 6
01-04 21:00:55.192   482   482 I Dpps    : OpenCommonSysfsFds():366 blank_event_fd_ is 7
01-04 21:00:55.192   482   482 I Dpps    : OpenCommonSysfsFds():374 lcd_brightness_fd_ is 8
01-04 21:00:55.192   482   482 I Dpps    : InitContext():111 hist_sysfs_fd_ is 9
01-04 21:00:55.192   482   482 I Dpps    : InitContext():185 Context Initialization successfull
01-04 21:00:55.192   482   482 I Dpps    : CreateAbaThread():58 Create ABA thread
01-04 21:00:55.192   482   482 I Dpps    : CreateAbaThread():81 Create ABA thread done ret 0
01-04 21:00:55.192   482   482 I Dpps    : InitContext():71 display_fd 5, panel 0, sensor type 1 display_type 0
01-04 21:00:55.192   482   625 I Dpps    : ProcessAbaThread():166 ABA thread execution started
01-04 21:00:55.193   482   482 I Dpps    : Open():60 display node path /dev/graphics/fb0
01-04 21:00:55.193   482   482 I Dpps    : SetupPollFd():224 opening the sysfs node sys/class/graphics/fb0/show_blank_event, index 1
01-04 21:00:55.193   482   482 I Dpps    : SetupPollFd():224 opening the sysfs node sys/class/graphics/fb0/ad_bl_event, index 2
01-04 21:00:55.193   482   482 I Dpps    : SetupPollFd():224 opening the sysfs node sys/class/graphics/fb0/ad_event, index 3
01-04 21:00:55.193   482   482 I Dpps    : SelectLightSensor():532 sensor_type 1
01-04 21:00:55.193   482   482 I Dpps    : SelectLightSensor():535 sensor_type_ 1
01-04 21:00:55.193   482   482 I Dpps    : InitLightSensor():567 sensor_type_ 1
01-04 21:00:55.193   482   482 I Dpps    : InitLightSensor():570 SensorTypeSimulation
01-04 21:00:55.193   482   482 I Dpps    : InitLightSensor():588 light sensor initialization ret 0
01-04 21:00:55.193   482   482 I Dpps    : InitContext():126 create AD thread
01-04 21:00:55.193   482   482 I Dpps    : CreateAmbientLightThread():910 Create AL thread
01-04 21:00:55.193   482   482 I Dpps    : CreateAmbientLightThread():924 Create AL thread done ret 0
01-04 21:00:55.193   482   482 I Dpps    : InitFeatureContext():142 Initialize feature context done ret 0
01-04 21:00:55.193   482   626 I Dpps    : ProcessAmbientLightThread():940 AL thread execution started
01-04 21:00:55.305   485   485 D audio_hw_utils: audio_extn_utils_open_snd_mixer: retry, retry_num 2
01-04 21:00:55.497   485   577 D audio_hw_utils: audio_extn_utils_open_snd_mixer: retry, retry_num 2
01-04 21:00:56.305   485   485 D audio_hw_utils: audio_extn_utils_open_snd_mixer: retry, retry_num 3
01-04 21:00:56.498   485   577 D audio_hw_utils: audio_extn_utils_open_snd_mixer: retry, retry_num 3
01-04 21:00:57.305   485   485 D audio_hw_utils: audio_extn_utils_open_snd_mixer: retry, retry_num 4
01-04 21:00:57.498   485   577 D audio_hw_utils: audio_extn_utils_open_snd_mixer: retry, retry_num 4
01-04 21:00:58.305   485   485 D audio_hw_utils: audio_extn_utils_open_snd_mixer: retry, retry_num 5
01-04 21:00:58.498   485   577 D audio_hw_utils: audio_extn_utils_open_snd_mixer: retry, retry_num 5
01-04 21:00:59.306   485   485 D audio_hw_utils: audio_extn_utils_open_snd_mixer: retry, retry_num 6
01-04 21:00:59.498   485   577 D audio_hw_utils: audio_extn_utils_open_snd_mixer: retry, retry_num 6
01-04 21:01:00.306   485   485 D audio_hw_utils: audio_extn_utils_open_snd_mixer: retry, retry_num 7
01-04 21:01:00.499   485   577 D audio_hw_utils: audio_extn_utils_open_snd_mixer: retry, retry_num 7
01-04 21:01:01.306   485   485 D audio_hw_utils: audio_extn_utils_open_snd_mixer: retry, retry_num 8
01-04 21:01:01.499   485   577 D audio_hw_utils: audio_extn_utils_open_snd_mixer: retry, retry_num 8
01-04 21:01:02.307   485   485 D audio_hw_utils: audio_extn_utils_open_snd_mixer: retry, retry_num 9
01-04 21:01:02.499   485   577 D audio_hw_utils: audio_extn_utils_open_snd_mixer: retry, retry_num 9
01-04 21:01:03.078   512   512 E Sensors : sns_debug_mr.c(366):Sensors DIAG Init: Waiting for diag service timed out
01-04 21:01:03.078   512   512 E Sensors : sns_debug_main.c(499):Sensors DIAG init: Can't register with debug
01-04 21:01:03.078   512   512 E Sensors : sns_init_la.c(165):Error 5 initializing sns_debug_test_init2
01-04 21:01:03.307   485   485 D audio_hw_utils: audio_extn_utils_open_snd_mixer: retry, retry_num 10
01-04 21:01:03.500   485   577 D audio_hw_utils: audio_extn_utils_open_snd_mixer: retry, retry_num 10
01-04 21:01:04.307   485   485 D audio_hw_utils: audio_extn_utils_open_snd_mixer: retry, retry_num 11
01-04 21:01:04.500   485   577 D audio_hw_utils: audio_extn_utils_open_snd_mixer: retry, retry_num 11
01-04 21:01:05.307   485   485 D audio_hw_utils: audio_extn_utils_open_snd_mixer: retry, retry_num 12
01-04 21:01:05.500   485   577 D audio_hw_utils: audio_extn_utils_open_snd_mixer: retry, retry_num 12
01-04 21:01:06.308   485   485 D audio_hw_utils: audio_extn_utils_open_snd_mixer: retry, retry_num 13
01-04 21:01:06.500   485   577 D audio_hw_utils: audio_extn_utils_open_snd_mixer: retry, retry_num 13
01-04 21:01:07.308   485   485 D audio_hw_utils: audio_extn_utils_open_snd_mixer: retry, retry_num 14
01-04 21:01:07.501   485   577 D audio_hw_utils: audio_extn_utils_open_snd_mixer: retry, retry_num 14
01-04 21:01:08.308   485   485 D audio_hw_utils: audio_extn_utils_open_snd_mixer: retry, retry_num 15
01-04 21:01:08.501   485   577 D audio_hw_utils: audio_extn_utils_open_snd_mixer: retry, retry_num 15
01-04 21:01:09.308   485   485 D audio_hw_utils: audio_extn_utils_open_snd_mixer: retry, retry_num 16
01-04 21:01:09.501   485   577 D audio_hw_utils: audio_extn_utils_open_snd_mixer: retry, retry_num 16
01-04 21:01:10.309   485   485 D audio_hw_utils: audio_extn_utils_open_snd_mixer: retry, retry_num 17
01-04 21:01:10.501   485   577 D audio_hw_utils: audio_extn_utils_open_snd_mixer: retry, retry_num 17
01-04 21:01:11.309   485   485 D audio_hw_utils: audio_extn_utils_open_snd_mixer: retry, retry_num 18
01-04 21:01:11.502   485   577 D audio_hw_utils: audio_extn_utils_open_snd_mixer: retry, retry_num 18
01-04 21:01:12.309   485   485 D audio_hw_utils: audio_extn_utils_open_snd_mixer: retry, retry_num 19
01-04 21:01:12.502   485   577 D audio_hw_utils: audio_extn_utils_open_snd_mixer: retry, retry_num 19
01-04 21:01:13.078   512   512 E Sensors : sns_main.c(447):Timeout waiting for SMGR service. Exit sensors daemon!
01-04 21:01:13.078   512   512 W Sensors : sns_main.c(355):sns_main_exit called unlock daemon to exit
01-04 21:01:13.078   512   512 E Sensors : sns_main.c(561):Exiting! Err 0
01-04 21:01:13.310   485   485 D audio_hw_utils: audio_extn_utils_open_snd_mixer: retry, retry_num 20
01-04 21:01:13.502   485   577 D audio_hw_utils: audio_extn_utils_open_snd_mixer: retry, retry_num 20
01-04 21:01:14.310   485   485 D audio_hw_utils: audio_extn_utils_open_snd_mixer: retry, retry_num 21
01-04 21:01:14.502   485   577 D audio_hw_utils: audio_extn_utils_open_snd_mixer: retry, retry_num 21
01-04 21:01:15.310   485   485 D audio_hw_utils: audio_extn_utils_open_snd_mixer: retry, retry_num 22
01-04 21:01:15.503   485   577 D audio_hw_utils: audio_extn_utils_open_snd_mixer: retry, retry_num 22
01-04 21:01:16.310   485   485 D audio_hw_utils: audio_extn_utils_open_snd_mixer: retry, retry_num 23
01-04 21:01:16.503   485   577 D audio_hw_utils: audio_extn_utils_open_snd_mixer: retry, retry_num 23
01-04 21:01:17.311   485   485 D audio_hw_utils: audio_extn_utils_open_snd_mixer: retry, retry_num 24
01-04 21:01:17.503   485   577 D audio_hw_utils: audio_extn_utils_open_snd_mixer: retry, retry_num 24
01-04 21:01:18.311   485   485 D audio_hw_utils: audio_extn_utils_open_snd_mixer: retry, retry_num 25
01-04 21:01:18.503   485   577 D audio_hw_utils: audio_extn_utils_open_snd_mixer: retry, retry_num 25
01-04 21:01:19.311   485   485 D audio_hw_utils: audio_extn_utils_open_snd_mixer: retry, retry_num 26
01-04 21:01:19.504   485   577 D audio_hw_utils: audio_extn_utils_open_snd_mixer: retry, retry_num 26
01-04 21:01:20.311   485   485 D audio_hw_utils: audio_extn_utils_open_snd_mixer: retry, retry_num 27
01-04 21:01:20.504   485   577 D audio_hw_utils: audio_extn_utils_open_snd_mixer: retry, retry_num 27
01-04 21:01:21.312   485   485 D audio_hw_utils: audio_extn_utils_open_snd_mixer: retry, retry_num 28
01-04 21:01:21.504   485   577 D audio_hw_utils: audio_extn_utils_open_snd_mixer: retry, retry_num 28
01-04 21:01:22.312   485   485 D audio_hw_utils: audio_extn_utils_open_snd_mixer: retry, retry_num 29
01-04 21:01:22.505   485   577 D audio_hw_utils: audio_extn_utils_open_snd_mixer: retry, retry_num 29
01-04 21:01:23.094   500   500 E libsensor1: wait_for_service: Service 0 is not available (30000 ms)
01-04 21:01:23.094   500   500 E qti_sensors_hal: sensor1 open failed!
01-04 21:01:23.094   500   500 I         : Loaded library from sensors.ssc.so
01-04 21:01:23.095   500   500 E /vendor/bin/hw/android.hardware.sensors@1.0-service: HAL specifies version 1.4, but does not implement set_operation_mode()
01-04 21:01:23.097   500   500 I ServiceManagement: Registered android.hardware.sensors@1.0::ISensors/default (start delay of 30269ms)
01-04 21:01:23.097   500   500 I ServiceManagement: Removing namespace from process name android.hardware.sensors@1.0-service to sensors@1.0-service.
01-04 21:01:23.098   500   500 I android.hardware.sensors@1.0-service: Registration complete for android.hardware.sensors@1.0::ISensors/default.
01-04 21:01:23.312   485   485 D audio_hw_utils: audio_extn_utils_open_snd_mixer: retry, retry_num 30
01-04 21:01:23.505   485   577 D audio_hw_utils: audio_extn_utils_open_snd_mixer: retry, retry_num 30
01-04 21:01:24.312   485   485 D audio_hw_utils: audio_extn_utils_open_snd_mixer: retry, retry_num 31
01-04 21:01:24.505   485   577 D audio_hw_utils: audio_extn_utils_open_snd_mixer: retry, retry_num 31
01-04 21:01:25.313   485   485 D audio_hw_utils: audio_extn_utils_open_snd_mixer: retry, retry_num 32
01-04 21:01:25.505   485   577 D audio_hw_utils: audio_extn_utils_open_snd_mixer: retry, retry_num 32
01-04 21:01:26.313   485   485 D audio_hw_utils: audio_extn_utils_open_snd_mixer: retry, retry_num 33
01-04 21:01:26.506   485   577 D audio_hw_utils: audio_extn_utils_open_snd_mixer: retry, retry_num 33
01-04 21:01:27.313   485   485 D audio_hw_utils: audio_extn_utils_open_snd_mixer: retry, retry_num 34
01-04 21:01:27.506   485   577 D audio_hw_utils: audio_extn_utils_open_snd_mixer: retry, retry_num 34
01-04 21:01:28.313   485   485 D audio_hw_utils: audio_extn_utils_open_snd_mixer: retry, retry_num 35
01-04 21:01:28.506   485   577 D audio_hw_utils: audio_extn_utils_open_snd_mixer: retry, retry_num 35
01-04 21:01:29.314   485   485 D audio_hw_utils: audio_extn_utils_open_snd_mixer: retry, retry_num 36
01-04 21:01:29.506   485   577 D audio_hw_utils: audio_extn_utils_open_snd_mixer: retry, retry_num 36
01-04 21:01:30.314   485   485 D audio_hw_utils: audio_extn_utils_open_snd_mixer: retry, retry_num 37
01-04 21:01:30.507   485   577 D audio_hw_utils: audio_extn_utils_open_snd_mixer: retry, retry_num 37
01-04 21:01:31.314   485   485 D audio_hw_utils: audio_extn_utils_open_snd_mixer: retry, retry_num 38
01-04 21:01:31.507   485   577 D audio_hw_utils: audio_extn_utils_open_snd_mixer: retry, retry_num 38
01-04 21:01:32.315   485   485 D audio_hw_utils: audio_extn_utils_open_snd_mixer: retry, retry_num 39
01-04 21:01:32.507   485   577 D audio_hw_utils: audio_extn_utils_open_snd_mixer: retry, retry_num 39
01-04 21:01:33.315   485   485 D audio_hw_utils: audio_extn_utils_open_snd_mixer: retry, retry_num 40
01-04 21:01:33.315   485   485 E audio_hw_utils: audio_extn_utils_open_snd_mixer: Unable to find correct sound card, aborting.
01-04 21:01:33.315   485   485 E sound_trigger_platform: platform_stdev_init: ERROR. Unable to get sound card num
01-04 21:01:33.315   485   485 E sound_trigger_hw: stdev_open: ERROR. platform init failed
01-04 21:01:33.315   485   485 D sound_trigger_hw: stdev_open: Exit status -19
01-04 21:01:33.315   485   485 E SoundTriggerHw: couldn't open sound trigger hw device in sound_trigger.primary (No such device)
01-04 21:01:33.318   485   485 I ServiceManagement: Registered android.hardware.soundtrigger@2.2::ISoundTriggerHw/default (start delay of 40530ms)
01-04 21:01:33.318   485   485 I audiohalservice: Registration complete for android.hardware.soundtrigger@2.2::ISoundTriggerHw/default.
01-04 21:01:33.319   401   401 I hwservicemanager: getTransport: Cannot find entry android.hardware.bluetooth.audio@2.0::IBluetoothAudioProvidersFactory/default in either framework or device manifest.
01-04 21:01:33.319   485   485 D vndksupport: Loading /vendor/lib/hw/android.hardware.bluetooth.audio@2.0-impl.so from current namespace instead of sphal namespace.
01-04 21:01:33.322   506   542 E ANDR-PERF-MPCTL: First Boot check over.Going to 2nd Boot check.
01-04 21:01:33.329   485   485 I BTAudioProviderA2dpSoftware: A2dpSoftwareAudioProvider - size of audio buffer 7168 byte(s)
01-04 21:01:33.329   485   485 I BTAudioProviderHearingAid: HearingAidAudioProvider - size of audio buffer 3584 byte(s)
01-04 21:01:33.332   485   485 I ServiceManagement: Registered android.hardware.bluetooth.audio@2.0::IBluetoothAudioProvidersFactory/default (start delay of 40544ms)
01-04 21:01:33.332   485   485 I audiohalservice: Registration complete for android.hardware.bluetooth.audio@2.0::IBluetoothAudioProvidersFactory/default.
01-04 21:01:33.333   401   401 I hwservicemanager: getTransport: Cannot find entry android.hardware.bluetooth.a2dp@1.0::IBluetoothAudioOffload/default in either framework or device manifest.
01-04 21:01:33.334   485   485 E audiohalservice: Could not get passthrough implementation for android.hardware.bluetooth.a2dp@1.0::IBluetoothAudioOffload/default.
01-04 21:01:33.334   485   485 W audiohalservice: Could not register Bluetooth audio offload 1.0
01-04 21:01:33.507   485   577 D audio_hw_utils: audio_extn_utils_open_snd_mixer: retry, retry_num 40
01-04 21:01:33.508   485   577 E audio_hw_utils: audio_extn_utils_open_snd_mixer: Unable to find correct sound card, aborting.
01-04 21:01:33.508   485   577 E msm8916_platform: platform_init: Unable to find correct sound card
01-04 21:01:33.508   485   577 E audio_hw_primary: adev_open: Failed to init platform data, aborting.
01-04 21:01:33.508   485   577 E DevicesFactoryHAL: loadAudioInterface couldn't open audio hw device in audio.primary (Invalid argument)
01-04 21:01:33.508   516   516 E AudioFlinger: loadHwModule() error -19 loading module primary
01-04 21:01:33.508   516   516 W APM_AudioPolicyManager: could not open HW module primary
01-04 21:01:33.533   516   516 I bt_a2dp_hw: adev_open:  adev_open in A2dp_hw module
01-04 21:01:33.533   516   516 I AudioFlinger: loadHwModule() Loaded a2dp audio interface, handle 10
01-04 21:01:33.533   516   516 E APM_AudioPolicyManager: initialize: Input device list is empty!
01-04 21:01:33.534   485   577 D vndksupport: Loading /vendor/lib/hw/audio.usb.default.so from current namespace instead of sphal namespace.
01-04 21:01:33.537   485   577 W DeviceHAL: Error from HAL Device in function set_master_volume: Function not implemented
01-04 21:01:33.537   516   516 I AudioFlinger: loadHwModule() Loaded usb audio interface, handle 18
01-04 21:01:33.537   516   516 E APM_AudioPolicyManager: initialize: Input device list is empty!
01-04 21:01:33.538   485   577 D vndksupport: Loading /vendor/lib/hw/audio.r_submix.default.so from current namespace instead of sphal namespace.
01-04 21:01:33.541   485   577 I r_submix: adev_open(name=audio_hw_if)
01-04 21:01:33.542   485   577 I r_submix: adev_init_check()
01-04 21:01:33.542   485   577 W DeviceHAL: Error from HAL Device in function set_master_volume: Function not implemented
01-04 21:01:33.542   485   577 W DeviceHAL: Error from HAL Device in function set_master_mute: Function not implemented
01-04 21:01:33.542   516   516 I AudioFlinger: loadHwModule() Loaded r_submix audio interface, handle 26
01-04 21:01:33.542   485   577 D r_submix: adev_open_input_stream(addr=0)
01-04 21:01:33.542   485   577 D r_submix: submix_audio_device_create_pipe_l(addr=0, idx=9)
01-04 21:01:33.542   485   577 D r_submix:   now using address 0 for route 9
01-04 21:01:33.546   516   630 I AudioFlinger: AudioFlinger's thread 0x7755deaac0 tid=630 ready to run
01-04 21:01:33.547   485   577 I r_submix: in_standby()
01-04 21:01:33.548   516   630 W AudioFlinger: no wake lock to update, system not ready yet
01-04 21:01:33.548   485   577 I r_submix: in_standby()
01-04 21:01:33.548   516   630 W AudioFlinger: no wake lock to update, system not ready yet
01-04 21:01:33.549   485   577 D r_submix: adev_close_input_stream()
01-04 21:01:33.549   485   577 D r_submix: submix_audio_device_release_pipe_l(idx=9) addr=0
01-04 21:01:33.549   485   577 D r_submix: submix_audio_device_destroy_pipe_l(): pipe destroyed
01-04 21:01:33.549   516   516 W APM_AudioPolicyManager: device type:0x1,@: is unreachable
01-04 21:01:33.549   516   516 W APM_AudioPolicyManager: device type:0x2,@: is unreachable
01-04 21:01:33.549   516   516 W APM_AudioPolicyManager: device type:0x10000,@: is unreachable
01-04 21:01:33.549   516   516 W APM_AudioPolicyManager: device type:0x80000004,@: is unreachable
01-04 21:01:33.549   516   516 W APM_AudioPolicyManager: device type:0x80000040,@: is unreachable
01-04 21:01:33.549   516   516 W APM_AudioPolicyManager: device type:0x80000080,@: is unreachable
01-04 21:01:33.549   516   516 W APM_AudioPolicyManager: device type:0x80002000,@: is unreachable
01-04 21:01:33.549   516   516 E APM_AudioPolicyManager: Default device type:0x2,@: is unreachable
01-04 21:01:33.549   516   516 E APM_AudioPolicyManager: Failed to open primary output
01-04 21:01:33.550   516   516 D AudioPolicyManagerCustom: USE_XML_AUDIO_POLICY_CONF is TRUE
01-04 21:01:33.552   516   516 I         : Waiting for activity service
01-04 21:01:38.307   493   557 E IPCMessagingProxy: MQClientControllerBase::init failed : 101
01-04 21:01:38.307   493   557 E IPCMessagingProxy: Exiting with error IPCMessagingProxy line 82 "1"
01-04 21:01:38.353   493   557 E IzatSvc_QNP: Exiting with error getInstance line 284 2
01-04 21:01:38.353   493   557 W IzatSvc_ComboNetworkProvider: Failed to initialize to NLP_MODE_QNP_ONLY for Emergency mode
01-04 21:01:38.355   493   557 E Subscription: sSubscriptionCb NULL !
01-04 21:01:38.355   493   557 I chatty  : uid=1021(gps) Loc_hal_worker identical 2 lines
01-04 21:01:38.355   493   557 E Subscription: sSubscriptionCb NULL !
01-04 21:01:44.360   633   633 W vold    : type=1400 audit(0.0:24): avc: denied { open } for path="/vendor/lib64/vendor.qti.hardware.cryptfshw@1.0.so" dev="mmcblk0p25" ino=3012 scontext=u:r:vold:s0 tcontext=u:object_r:vendor_file:s0 tclass=file permissive=0
01-04 21:01:44.360   633   633 W vold    : type=1400 audit(0.0:25): avc: denied { getattr } for path="/system/product/lib64/vendor.qti.hardware.cryptfshw@1.0.so" dev="mmcblk0p24" ino=3395 scontext=u:r:vold:s0 tcontext=u:object_r:same_process_hal_file:s0 tclass=file permissive=0
01-04 21:01:44.365   633   633 F linker  : CANNOT LINK EXECUTABLE "/system/bin/vold": unable to stat file for the library "vendor.qti.hardware.cryptfshw@1.0.so": Permission denied
01-04 21:01:44.425   632   636 E Sensors : sns_reg_la.c(368):wind-log int_flag = 1
01-04 21:01:44.425   632   636 E Sensors : sns_reg_la.c(372):wind-log accel_gyro use polling mode
01-04 21:01:44.425   632   636 E Sensors : sns_reg_la.c(380):wind-log write accel polling mode
01-04 21:01:44.425   632   636 E Sensors : sns_reg_la.c(395):wind-log write gyro polling mode
01-04 21:01:49.366   639   639 W vold    : type=1400 audit(0.0:26): avc: denied { open } for path="/vendor/lib64/vendor.qti.hardware.cryptfshw@1.0.so" dev="mmcblk0p25" ino=3012 scontext=u:r:vold:s0 tcontext=u:object_r:vendor_file:s0 tclass=file permissive=0
01-04 21:01:49.366   639   639 W vold    : type=1400 audit(0.0:27): avc: denied { getattr } for path="/system/product/lib64/vendor.qti.hardware.cryptfshw@1.0.so" dev="mmcblk0p24" ino=3395 scontext=u:r:vold:s0 tcontext=u:object_r:same_process_hal_file:s0 tclass=file permissive=0
01-04 21:01:49.372   639   639 F linker  : CANNOT LINK EXECUTABLE "/system/bin/vold": unable to stat file for the library "vendor.qti.hardware.cryptfshw@1.0.so": Permission denied
01-04 21:01:54.376   640   640 W vold    : type=1400 audit(0.0:28): avc: denied { open } for path="/vendor/lib64/vendor.qti.hardware.cryptfshw@1.0.so" dev="mmcblk0p25" ino=3012 scontext=u:r:vold:s0 tcontext=u:object_r:vendor_file:s0 tclass=file permissive=0
01-04 21:01:54.376   640   640 W vold    : type=1400 audit(0.0:29): avc: denied { getattr } for path="/system/product/lib64/vendor.qti.hardware.cryptfshw@1.0.so" dev="mmcblk0p24" ino=3395 scontext=u:r:vold:s0 tcontext=u:object_r:same_process_hal_file:s0 tclass=file permissive=0
01-04 21:01:54.379   640   640 F linker  : CANNOT LINK EXECUTABLE "/system/bin/vold": unable to stat file for the library "vendor.qti.hardware.cryptfshw@1.0.so": Permission denied
01-04 21:01:54.427   632   632 E Sensors : sns_debug_mr.c(366):Sensors DIAG Init: Waiting for diag service timed out
01-04 21:01:54.427   632   632 E Sensors : sns_debug_main.c(499):Sensors DIAG init: Can't register with debug
01-04 21:01:54.427   632   632 E Sensors : sns_init_la.c(165):Error 5 initializing sns_debug_test_init2
01-04 21:01:59.383   641   641 W vold    : type=1400 audit(0.0:30): avc: denied { open } for path="/vendor/lib64/vendor.qti.hardware.cryptfshw@1.0.so" dev="mmcblk0p25" ino=3012 scontext=u:r:vold:s0 tcontext=u:object_r:vendor_file:s0 tclass=file permissive=0
01-04 21:01:59.383   641   641 W vold    : type=1400 audit(0.0:31): avc: denied { getattr } for path="/system/product/lib64/vendor.qti.hardware.cryptfshw@1.0.so" dev="mmcblk0p24" ino=3395 scontext=u:r:vold:s0 tcontext=u:object_r:same_process_hal_file:s0 tclass=file permissive=0
01-04 21:01:59.387   641   641 F linker  : CANNOT LINK EXECUTABLE "/system/bin/vold": unable to stat file for the library "vendor.qti.hardware.cryptfshw@1.0.so": Permission denied
01-04 21:02:04.390   642   642 W vold    : type=1400 audit(0.0:32): avc: denied { open } for path="/vendor/lib64/vendor.qti.hardware.cryptfshw@1.0.so" dev="mmcblk0p25" ino=3012 scontext=u:r:vold:s0 tcontext=u:object_r:vendor_file:s0 tclass=file permissive=0
01-04 21:02:04.390   642   642 W vold    : type=1400 audit(0.0:33): avc: denied { getattr } for path="/system/product/lib64/vendor.qti.hardware.cryptfshw@1.0.so" dev="mmcblk0p24" ino=3395 scontext=u:r:vold:s0 tcontext=u:object_r:same_process_hal_file:s0 tclass=file permissive=0
01-04 21:02:04.394   642   642 F linker  : CANNOT LINK EXECUTABLE "/system/bin/vold": unable to stat file for the library "vendor.qti.hardware.cryptfshw@1.0.so": Permission denied
01-04 21:02:04.427   632   632 E Sensors : sns_main.c(447):Timeout waiting for SMGR service. Exit sensors daemon!
01-04 21:02:04.427   632   632 W Sensors : sns_main.c(355):sns_main_exit called unlock daemon to exit
01-04 21:02:04.427   632   632 E Sensors : sns_main.c(561):Exiting! Err 0
01-04 21:02:04.506   643   646 E Sensors : sns_reg_la.c(368):wind-log int_flag = 1
01-04 21:02:04.506   643   646 E Sensors : sns_reg_la.c(372):wind-log accel_gyro use polling mode
01-04 21:02:04.507   643   646 E Sensors : sns_reg_la.c(380):wind-log write accel polling mode
01-04 21:02:04.507   643   646 E Sensors : sns_reg_la.c(395):wind-log write gyro polling mode
01-04 21:02:09.396   649   649 W vold    : type=1400 audit(0.0:34): avc: denied { open } for path="/vendor/lib64/vendor.qti.hardware.cryptfshw@1.0.so" dev="mmcblk0p25" ino=3012 scontext=u:r:vold:s0 tcontext=u:object_r:vendor_file:s0 tclass=file permissive=0
01-04 21:02:09.400   649   649 W vold    : type=1400 audit(0.0:35): avc: denied { getattr } for path="/system/product/lib64/vendor.qti.hardware.cryptfshw@1.0.so" dev="mmcblk0p24" ino=3395 scontext=u:r:vold:s0 tcontext=u:object_r:same_process_hal_file:s0 tclass=file permissive=0
01-04 21:02:09.402   649   649 F linker  : CANNOT LINK EXECUTABLE "/system/bin/vold": unable to stat file for the library "vendor.qti.hardware.cryptfshw@1.0.so": Permission denied
01-04 21:02:14.406   650   650 W vold    : type=1400 audit(0.0:36): avc: denied { open } for path="/vendor/lib64/vendor.qti.hardware.cryptfshw@1.0.so" dev="mmcblk0p25" ino=3012 scontext=u:r:vold:s0 tcontext=u:object_r:vendor_file:s0 tclass=file permissive=0
01-04 21:02:14.406   650   650 W vold    : type=1400 audit(0.0:37): avc: denied { getattr } for path="/system/product/lib64/vendor.qti.hardware.cryptfshw@1.0.so" dev="mmcblk0p24" ino=3395 scontext=u:r:vold:s0 tcontext=u:object_r:same_process_hal_file:s0 tclass=file permissive=0
01-04 21:02:14.410   650   650 F linker  : CANNOT LINK EXECUTABLE "/system/bin/vold": unable to stat file for the library "vendor.qti.hardware.cryptfshw@1.0.so": Permission denied
01-04 21:02:14.508   643   643 E Sensors : sns_debug_mr.c(366):Sensors DIAG Init: Waiting for diag service timed out
01-04 21:02:14.508   643   643 E Sensors : sns_debug_main.c(499):Sensors DIAG init: Can't register with debug
01-04 21:02:14.508   643   643 E Sensors : sns_init_la.c(165):Error 5 initializing sns_debug_test_init2
01-04 21:02:19.413   651   651 W vold    : type=1400 audit(0.0:38): avc: denied { open } for path="/vendor/lib64/vendor.qti.hardware.cryptfshw@1.0.so" dev="mmcblk0p25" ino=3012 scontext=u:r:vold:s0 tcontext=u:object_r:vendor_file:s0 tclass=file permissive=0
01-04 21:02:19.413   651   651 W vold    : type=1400 audit(0.0:39): avc: denied { getattr } for path="/system/product/lib64/vendor.qti.hardware.cryptfshw@1.0.so" dev="mmcblk0p24" ino=3395 scontext=u:r:vold:s0 tcontext=u:object_r:same_process_hal_file:s0 tclass=file permissive=0
01-04 21:02:19.416   651   651 F linker  : CANNOT LINK EXECUTABLE "/system/bin/vold": unable to stat file for the library "vendor.qti.hardware.cryptfshw@1.0.so": Permission denied
01-04 21:02:24.416   652   652 W vold    : type=1400 audit(0.0:40): avc: denied { open } for path="/vendor/lib64/vendor.qti.hardware.cryptfshw@1.0.so" dev="mmcblk0p25" ino=3012 scontext=u:r:vold:s0 tcontext=u:object_r:vendor_file:s0 tclass=file permissive=0
01-04 21:02:24.420   652   652 W vold    : type=1400 audit(0.0:41): avc: denied { getattr } for path="/system/product/lib64/vendor.qti.hardware.cryptfshw@1.0.so" dev="mmcblk0p24" ino=3395 scontext=u:r:vold:s0 tcontext=u:object_r:same_process_hal_file:s0 tclass=file permissive=0
01-04 21:02:24.422   652   652 F linker  : CANNOT LINK EXECUTABLE "/system/bin/vold": unable to stat file for the library "vendor.qti.hardware.cryptfshw@1.0.so": Permission denied
01-04 21:02:24.508   643   643 E Sensors : sns_main.c(447):Timeout waiting for SMGR service. Exit sensors daemon!
01-04 21:02:24.508   643   643 W Sensors : sns_main.c(355):sns_main_exit called unlock daemon to exit
01-04 21:02:24.508   643   643 E Sensors : sns_main.c(561):Exiting! Err 0
01-04 21:02:24.590   653   656 E Sensors : sns_reg_la.c(368):wind-log int_flag = 1
01-04 21:02:24.590   653   656 E Sensors : sns_reg_la.c(372):wind-log accel_gyro use polling mode
01-04 21:02:24.590   653   656 E Sensors : sns_reg_la.c(380):wind-log write accel polling mode
01-04 21:02:24.590   653   656 E Sensors : sns_reg_la.c(395):wind-log write gyro polling mode
01-04 21:02:29.426   659   659 W vold    : type=1400 audit(0.0:42): avc: denied { open } for path="/vendor/lib64/vendor.qti.hardware.cryptfshw@1.0.so" dev="mmcblk0p25" ino=3012 scontext=u:r:vold:s0 tcontext=u:object_r:vendor_file:s0 tclass=file permissive=0
01-04 21:02:29.426   659   659 W vold    : type=1400 audit(0.0:43): avc: denied { getattr } for path="/system/product/lib64/vendor.qti.hardware.cryptfshw@1.0.so" dev="mmcblk0p24" ino=3395 scontext=u:r:vold:s0 tcontext=u:object_r:same_process_hal_file:s0 tclass=file permissive=0
01-04 21:02:29.430   659   659 F linker  : CANNOT LINK EXECUTABLE "/system/bin/vold": unable to stat file for the library "vendor.qti.hardware.cryptfshw@1.0.so": Permission denied
